07-11 04:30:55.810  9329 11280 W Conscrypt: 	at com.google.android.gms.org.conscrypt.ConscryptFileDescriptorSocket.setSoWriteTimeout(:com.google.android.gms@242335041@24.23.35 (190800-646585959):4)
07-11 04:30:56.633  9329 12755 E constellation: [rpc_manager] SetConsent failed with status: gbzy{code=PERMISSION_DENIED, description=The caller does not have permission, cause=null}
07-11 04:30:56.633  9329 12755 E constellation: Exception: 
07-11 04:30:56.633  9329 12755 E constellation: gbzz: PERMISSION_DENIED: The caller does not have permission
07-11 04:30:56.633  9329 12755 E constellation: 	at gbzy.h(:com.google.android.gms@242335041@24.23.35 (190800-646585959):3)
07-11 04:30:56.633  9329 12755 E constellation: 	at anbi.u(:com.google.android.gms@242335041@24.23.35 (190800-646585959):29)
07-11 04:30:56.633  9329 12755 E constellation: 	at anbi.g(:com.google.android.gms@242335041@24.23.35 (190800-646585959):97)
07-11 04:30:56.633  9329 12755 E constellation: 	at ansl.o(:com.google.android.gms@242335041@24.23.35 (190800-646585959):309)
07-11 04:30:56.633  9329 12755 E constellation: 	at ansl.t(:com.google.android.gms@242335041@24.23.35 (190800-646585959):126)
07-11 04:30:56.633  9329 12755 E constellation: 	at com.google.android.gms.constellation.EventManager.onHandleIntent(:com.google.android.gms@242335041@24.23.35 (190800-646585959):720)
07-11 04:30:56.633  9329 12755 E constellation: 	at com.google.android.chimera.IntentOperation.onHandleIntent(:com.google.android.gms@242335041@24.23.35 (190800-646585959):2)
07-11 04:30:56.633  9329 12755 E constellation: 	at ajom.onHandleIntent(:com.google.android.gms@242335041@24.23.35 (190800-646585959):8)
07-11 04:30:56.633  9329 12755 E constellation: 	at pkf.run(:com.google.android.gms@242335041@24.23.35 (190800-646585959):70)
07-11 04:30:56.633  9329 12755 E constellation: 	at pke.run(:com.google.android.gms@242335041@24.23.35 (190800-646585959):152)
07-11 04:30:56.633  9329 12755 E constellation: 	at emsz.run(:com.google.android.gms@242335041@24.23.35 (190800-646585959):21)
07-11 04:30:56.633  9329 12755 E constellation: 	at java.util.concurrent.ThreadPoolExecutor.runWorker(ThreadPoolExecutor.java:1145)
07-11 04:30:56.633  9329 12755 E constellation: 	at java.util.concurrent.ThreadPoolExecutor$Worker.run(ThreadPoolExecutor.java:644)
07-11 04:30:56.633  9329 12755 E constellation: 	at java.lang.Thread.run(Thread.java:1012)
07-11 04:30:56.641  9329  9379 E constellation: [api_set_asterism_consent] Verification exception:
07-11 04:30:56.641  9329  9379 E constellation: aoeu: setConsent: The caller does not have permission []
07-11 04:30:56.641  9329  9379 E constellation: 	at ansl.o(:com.google.android.gms@242335041@24.23.35 (190800-646585959):524)
07-11 04:30:56.641  9329  9379 E constellation: 	at ansl.t(:com.google.android.gms@242335041@24.23.35 (190800-646585959):126)
07-11 04:30:56.641  9329  9379 E constellation: 	at com.google.android.gms.constellation.EventManager.onHandleIntent(:com.google.android.gms@242335041@24.23.35 (190800-646585959):720)
07-11 04:30:56.641  9329  9379 E constellation: 	at com.google.android.chimera.IntentOperation.onHandleIntent(:com.google.android.gms@242335041@24.23.35 (190800-646585959):2)
07-11 04:30:56.641  9329  9379 E constellation: 	at ajom.onHandleIntent(:com.google.android.gms@242335041@24.23.35 (190800-646585959):8)
07-11 04:30:56.641  9329  9379 E constellation: 	at pkf.run(:com.google.android.gms@242335041@24.23.35 (190800-646585959):70)
07-11 04:30:56.641  9329  9379 E constellation: 	at pke.run(:com.google.android.gms@242335041@24.23.35 (190800-646585959):152)
07-11 04:30:56.641  9329  9379 E constellation: 	at emsz.run(:com.google.android.gms@242335041@24.23.35 (190800-646585959):21)
07-11 04:30:56.641  9329  9379 E constellation: 	at java.util.concurrent.ThreadPoolExecutor.runWorker(ThreadPoolExecutor.java:1145)
07-11 04:30:56.641  9329  9379 E constellation: 	at java.util.concurrent.ThreadPoolExecutor$Worker.run(ThreadPoolExecutor.java:644)
07-11 04:30:56.641  9329  9379 E constellation: 	at java.lang.Thread.run(Thread.java:1012)
07-11 04:30:56.648 10332 11073 E Bugle   : SharedStorageInteractor: Security error,calling app is not whitelisted to access Bugle's data, uid: 10134
07-11 04:30:56.656 10332 11073 W BugleRcsEngine: Unable to send ContentProvider request event log [CONTEXT thread_id=122 ]
07-11 04:30:56.658 10332 11073 E BugleRcsEngine: Error while retrieving RcsProvisioningRcsDefaultOnConfiguration from Bugle storage. [CONTEXT log_prefix="ProvisioningEngineDataRetriever" thread_id=122 ]
07-11 04:30:56.658 10332 11073 E BugleRcsEngine: cirm: ContentProvider request failed, failureReason: UID_NOT_VERIFIED_ERROR
07-11 04:30:56.658 10332 11073 E BugleRcsEngine: 	at cirn.g(PG:134)
07-11 04:30:56.658 10332 11073 E BugleRcsEngine: 	at cirn.i(PG:14)
07-11 04:30:56.658 10332 11073 E BugleRcsEngine: 	at cirn.o(PG:7)
07-11 04:30:56.658 10332 11073 E BugleRcsEngine: 	at cibb.e(PG:7)
07-11 04:30:56.658 10332 11073 E BugleRcsEngine: 	at chsn.a(PG:3)
07-11 04:30:56.658 10332 11073 E BugleRcsEngine: 	at chsf.j(PG:9)
07-11 04:30:56.658 10332 11073 E BugleRcsEngine: 	at chrz.apply(PG:7)
07-11 04:30:56.658 10332 11073 E BugleRcsEngine: 	at disp.a(PG:7)
07-11 04:30:56.658 10332 11073 E BugleRcsEngine: 	at dome.run(PG:18)
07-11 04:30:56.658 10332 11073 E BugleRcsEngine: 	at doli.execute(PG:1)
07-11 04:30:56.658 10332 11073 E BugleRcsEngine: 	at dist.execute(PG:18)
07-11 04:30:56.658 10332 11073 E BugleRcsEngine: 	at doji.o(PG:1)
07-11 04:30:56.658 10332 11073 E BugleRcsEngine: 	at doji.j(PG:95)
07-11 04:30:56.658 10332 11073 E BugleRcsEngine: 	at doji.setException(PG:19)
07-11 04:30:56.658 10332 11073 E BugleRcsEngine: 	at dojo.run(PG:81)
07-11 04:30:56.658 10332 11073 E BugleRcsEngine: 	at doli.execute(PG:1)
07-11 04:30:56.658 10332 11073 E BugleRcsEngine: 	at doji.o(PG:1)
07-11 04:30:56.658 10332 11073 E BugleRcsEngine: 	at doji.j(PG:95)
07-11 04:30:56.658 10332 11073 E BugleRcsEngine: 	at doji.setException(PG:19)
07-11 04:30:56.658 10332 11073 E BugleRcsEngine: 	at csln.a(PG:35)
07-11 04:30:56.658 10332 11073 E BugleRcsEngine: 	at cfmq.run(PG:12)
07-11 04:30:56.658 10332 11073 E BugleRcsEngine: 	at doli.execute(PG:1)
07-11 04:30:56.658 10332 11073 E BugleRcsEngine: 	at cfmr.c(PG:12)
07-11 04:30:56.658 10332 11073 E BugleRcsEngine: 	at cfng.b(PG:36)
07-11 04:30:56.658 10332 11073 E BugleRcsEngine: 	at cfnm.u(PG:20)
07-11 04:30:56.658 10332 11073 E BugleRcsEngine: 	at cfni.a(PG:3)
07-11 04:30:56.658 10332 11073 E BugleRcsEngine: 	at cdum.b(PG:15)
07-11 04:30:56.658 10332 11073 E BugleRcsEngine: 	at cczo.onConsentRegistered(PG:3)
07-11 04:30:56.658 10332 11073 E BugleRcsEngine: 	at com.google.android.gms.asterism.internal.IAsterismCallbacks$Stub.dispatchTransaction(PG:28)
07-11 04:30:56.658 10332 11073 E BugleRcsEngine: 	at com.google.android.aidl.BaseStub.onTransact(PG:13)
07-11 04:30:56.658 10332 11073 E BugleRcsEngine: 	at android.os.Binder.execTransactInternal(Binder.java:1505)
07-11 04:30:56.658 10332 11073 E BugleRcsEngine: 	at android.os.Binder.execTransact(Binder.java:1444)
07-11 04:30:56.660 10332 11073 W BugleRcsEngine: setAsterismConsent failure: sessionId=adf7a000-937f-48c3-af8a-bb6e4aa00292 requestCode=1 consent=0 googleToSConsentSource=4 [CONTEXT thread_id=122 ]
07-11 04:30:56.660 10332 11073 W BugleRcsEngine: cdqt: 34504: 
07-11 04:30:56.660 10332 11073 W BugleRcsEngine: 	at cdvc.a(PG:15)
07-11 04:30:56.660 10332 11073 W BugleRcsEngine: 	at cdum.b(PG:11)
07-11 04:30:56.660 10332 11073 W BugleRcsEngine: 	at cczo.onConsentRegistered(PG:3)
07-11 04:30:56.660 10332 11073 W BugleRcsEngine: 	at com.google.android.gms.asterism.internal.IAsterismCallbacks$Stub.dispatchTransaction(PG:28)
07-11 04:30:56.660 10332 11073 W BugleRcsEngine: 	at com.google.android.aidl.BaseStub.onTransact(PG:13)
07-11 04:30:56.660 10332 11073 W BugleRcsEngine: 	at android.os.Binder.execTransactInternal(Binder.java:1505)
07-11 04:30:56.660 10332 11073 W BugleRcsEngine: 	at android.os.Binder.execTransact(Binder.java:1444)
07-11 04:30:56.661 10332 11073 W BugleRcsEngine: Unable to send diagnostic log [CONTEXT thread_id=122 ]
07-11 04:30:56.662 10332 12746 W BugleRcsEngine: googleToSConsentApi.setConsent 0 failed [adf7a000-937f-48c3-af8a-bb6e4aa00292] [CONTEXT log_prefix="(PEv2-SM55027904-DefaultCallSmsData-1-e03)" thread_id=157 ]
07-11 04:30:56.662 10332 12746 W BugleRcsEngine: cdqt: 34504: 
07-11 04:30:56.662 10332 12746 W BugleRcsEngine: 	at cdvc.a(PG:15)
07-11 04:30:56.662 10332 12746 W BugleRcsEngine: 	at cdum.b(PG:11)
07-11 04:30:56.662 10332 12746 W BugleRcsEngine: 	at cczo.onConsentRegistered(PG:3)
07-11 04:30:56.662 10332 12746 W BugleRcsEngine: 	at com.google.android.gms.asterism.internal.IAsterismCallbacks$Stub.dispatchTransaction(PG:28)
07-11 04:30:56.662 10332 12746 W BugleRcsEngine: 	at com.google.android.aidl.BaseStub.onTransact(PG:13)
07-11 04:30:56.662 10332 12746 W BugleRcsEngine: 	at android.os.Binder.execTransactInternal(Binder.java:1505)
07-11 04:30:56.662 10332 12746 W BugleRcsEngine: 	at android.os.Binder.execTransact(Binder.java:1444)
07-11 04:30:56.663 10332 12750 I BugleRcsEngine: SetGoogleToSConsentState: event Set Consent API error [adf7a000-937f-48c3-af8a-bb6e4aa00292] [CONTEXT log_prefix="(PEv2-SM55027904-DefaultCallSmsData-1-e03)" thread_id=158 ]
07-11 04:30:56.663 10332 12750 I BugleRcsEngine: transitionTo: destState=RetryState [adf7a000-937f-48c3-af8a-bb6e4aa00292] [CONTEXT log_prefix="(PEv2-SM55027904-DefaultCallSmsData-1-e03)" thread_id=158 ]
07-11 04:30:56.664 10332 12750 I BugleRcsEngine: onTransitionRequested SetGoogleToSConsentState [adf7a000-937f-48c3-af8a-bb6e4aa00292] [CONTEXT log_prefix="(PEv2-SM55027904-DefaultCallSmsData-1-e03)" thread_id=158 ]
07-11 04:30:56.665 10332 12750 I BugleRcsEngine: Exit SetGoogleToSConsentState [adf7a000-937f-48c3-af8a-bb6e4aa00292] [CONTEXT log_prefix="(PEv2-SM55027904-DefaultCallSmsData-1-e03)" thread_id=158 ]
07-11 04:30:56.667 10332 12750 W BugleRcsEngine: Unable to send diagnostic log [CONTEXT thread_id=158 ]
07-11 04:30:56.667 10332 12750 I BugleRcsEngine: Exit CheckPreconditionsState [adf7a000-937f-48c3-af8a-bb6e4aa00292] [CONTEXT log_prefix="(PEv2-SM55027904-DefaultCallSmsData-1-e03)" thread_id=158 ]
07-11 04:30:56.669 10332 12750 I BugleRcsEngine: Exit EnabledState [adf7a000-937f-48c3-af8a-bb6e4aa00292] [CONTEXT log_prefix="(PEv2-SM55027904-DefaultCallSmsData-1-e03)" thread_id=158 ]
07-11 04:30:56.669 10332 12750 W BugleRcsEngine: Unable to send diagnostic log [CONTEXT thread_id=158 ]
07-11 04:30:56.670 10332 12750 I BugleRcsEngine: Enter RetryState [adf7a000-937f-48c3-af8a-bb6e4aa00292] [CONTEXT log_prefix="(PEv2-SM55027904-DefaultCallSmsData-1-e03)" thread_id=158 ]
07-11 04:30:56.682 10332 12751 W BugleRcsEngine: Unable to send diagnostic log [CONTEXT thread_id=159 ]
07-11 04:30:56.684 10332 12750 W BugleRcsEngine: Unable to send diagnostic log [CONTEXT thread_id=158 ]
07-11 04:30:56.685 10332 12750 I BugleRcsEngine: nextRetry = 0 [adf7a000-937f-48c3-af8a-bb6e4aa00292] [CONTEXT log_prefix="(PEv2-SM55027904-DefaultCallSmsData-1-e03)" thread_id=158 ]
07-11 04:30:56.689 10332 12750 I BugleRcsEngine: scheduleRetry, currentRetry = 0, retryMillis = 86400000 [adf7a000-937f-48c3-af8a-bb6e4aa00292] [CONTEXT log_prefix="(PEv2-SM55027904-DefaultCallSmsData-1-e03)" thread_id=158 ]
07-11 04:30:56.713 10332 12750 I BugleRcsWorker: [seqId=3][workId=63d86488-b91e-4c3a-8b0b-bf051248a081] Received a provisioning state changed event from the provisioning engine RETRY
07-11 04:30:56.715 10332 12750 I BugleRcsWorker: [seqId=3][workId=63d86488-b91e-4c3a-8b0b-bf051248a081] Provisioning Engine entered RetryState, provisioning task will be rescheduled with exponential backoff
07-11 04:30:56.718 10332 12750 I BugleRcsWorker: [seqId=3][workId=63d86488-b91e-4c3a-8b0b-bf051248a081] finish provisioning task with result Success {mOutputData=Data {}}
07-11 04:30:56.718 10332 12750 I BugleRcsWorker: [seqId=3][workId=63d86488-b91e-4c3a-8b0b-bf051248a081] RCS provisioning task has finished with result Success {mOutputData=Data {}}
07-11 04:30:56.739 10332 12746 I WM-WorkerWrapper: Worker result SUCCESS for Work [ id=9b698a7e-5a72-47fa-bc58-2dcdb132e471, tags={ com.google.android.apps.messaging.rcsprovisioning.RcsProvisioningListenableWorker,provisioning } ]
07-11 04:30:56.743 10332 10374 I Bugle   : Scheduling custom retry
07-11 04:30:56.745 10332 12764 W BugleRcsEngine: Unable to send diagnostic log [CONTEXT thread_id=160 ]
07-11 04:30:56.745 10332 12764 W BugleRcsEngine: Unable to send diagnostic log [CONTEXT thread_id=160 ]
07-11 04:30:56.746 10332 12745 W BugleRcsEngine: [SR]: Single Registration is disabled. Skipping Single Registration capability check for subId: 1, OS.isAtLeastS:[true], enableSingleRegistrationProvisioning:[false] [CONTEXT thread_id=156 ]
07-11 04:30:56.747 10332 12751 I BugleRcsEngine: quit [null] [CONTEXT log_prefix="(PEv2-SM55027904-DefaultCallSmsData-1-e03)" thread_id=159 ]
07-11 04:30:56.749 10332 12750 I BugleRcsEngine: transitionTo: destState=cgwk [null] [CONTEXT log_prefix="(PEv2-SM55027904-DefaultCallSmsData-1-e03)" thread_id=158 ]
07-11 04:30:56.749 10332 12750 I BugleRcsEngine: Exit RetryState [null] [CONTEXT log_prefix="(PEv2-SM55027904-DefaultCallSmsData-1-e03)" thread_id=158 ]
07-11 04:30:56.750 10332 12750 W BugleRcsEngine: Unable to send diagnostic log [CONTEXT thread_id=158 ]
07-11 04:30:56.750 10332 12750 W BugleRcsEngine: onQuitting [null] [CONTEXT log_prefix="(PEv2-SM55027904-DefaultCallSmsData-1-e03)" thread_id=158 ]
07-11 04:30:56.758 10332 12745 I BugleRcsEngine: No RCS Configuration was found in Bugle for simID: redacted-pii:sim_id[chars:20,last3:897] [CONTEXT log_prefix="ProvisioningEngineDataRetriever" thread_id=156 ]
07-11 04:30:56.764 10332 12745 I BugleRcsEngine: Scheduled provisioning task with 15360 seconds delay, APPEND policy, trigger is STATE_MACHINE_RETRY, workerId is 663a6dff-05b0-46ea-9243-b501db44e305, simId is redacted-pii:sim_id[chars:20,last3:897] [CONTEXT log_prefix="provisioning" thread_id=156 ]
07-11 04:30:56.784 10332 10373 I aper    : reclaimMemory: Clearing CloudSyncCache
07-11 04:30:56.789 10332 10373 W Bugle   : TextClassifierLibManagerImpl: Reclaiming memory at level: 40
07-11 04:30:57.153 10332 10339 W .apps.messaging: Reducing the number of considered missed Gc histogram windows from 120 to 100
07-11 04:31:00.016  2676  2966 I AiAiEcho: Predicting[0]: 
07-11 04:31:00.017  2676  2966 I AiAiEcho: EchoTargets: 
07-11 04:31:00.017  2676  2966 I AiAiEcho: Filtered by AiAi flag check: 
07-11 04:31:00.019  2676  2966 I AiAiEcho: Ranked targets strategy: SORT, count: 0, ranking metadata: 
07-11 04:31:00.024  2676  2966 I AiAiEcho: #postPredictionTargets: Sending updates to UISurface lockscreen with targets# 0 (types=[])
07-11 04:31:00.040  2171  2171 W PageIndicator: Total number of pages invalid: 0. Assuming 1 page.
07-11 04:31:00.048  2171  2320 D EGL_emulation: app_time_stats: avg=32271.00ms min=32271.00ms max=32271.00ms count=1
07-11 04:31:06.818  1829  1999 D ActivityManager: freezing 10332 com.google.android.apps.messaging
07-11 04:31:07.778  2171  2320 D EGL_emulation: app_time_stats: avg=7729.74ms min=7729.74ms max=7729.74ms count=1
07-11 04:31:09.849  9737  9879 I PhenotypeProcessReaper: Memory state is: 200
07-11 04:31:13.668  1829  1999 D ActivityManager: freezing 9329 com.google.android.gms
07-11 04:31:13.675  1829  1999 D ActivityManager: freezing 9586 com.google.android.gms.unstable
07-11 04:31:15.789  1829  2134 D androidtc: Initializing SystemTextClassifier, type = System
07-11 04:31:15.798  2676  2676 I AiAiTextClassifier: onCreateTextClassificationSession = TextClassificationSessionId {97f08ecf-759b-434d-b671-03df32b585e1}
07-11 04:31:15.808  2676  3100 I AiAiTranslate: C2T - not in a conversation
07-11 04:31:15.814  2171  2171 I ClipboardListener: Clipboard overlay suppressed.
07-11 04:31:15.858  2676  3158 I AiAiTextClassifier: GenerateLinks did not find valid links, returning empty result
07-11 04:31:15.876  2171  2171 I ClipboardListener: Clipboard overlay suppressed.
07-11 04:31:15.891  2676  3158 I AiAiTextClassifier: GenerateLinks did not find valid links, returning empty result
07-11 04:31:36.885  2171  2171 D ZenModeController: Added callback class com.android.systemui.qs.tiles.DndTile$3
07-11 04:31:36.971  2171  2171 D ZenModeController: Removed callback class com.android.systemui.qs.tiles.DndTile$3
07-11 04:31:37.041  2171  2294 I QuickAccessWalletTile: QAW service is unavailable, recreating the wallet client.
07-11 04:31:37.098  2171  2294 D ControlsListingControllerImpl: Subscribing callback, service count: 0
07-11 04:31:37.114  2171  2294 D ControlsListingControllerImpl: Unsubscribing callback
07-11 04:31:46.126  2707  2979 I BistoHotwordHelper: (REDACTED) getHotwordActive::active query: %s, watch: %s, devices connected: %s
07-11 04:31:47.798  2171  2320 D EGL_emulation: app_time_stats: avg=40019.82ms min=40019.82ms max=40019.82ms count=1
07-11 04:32:00.030  2676  2966 I AiAiEcho: Predicting[0]: 
07-11 04:32:00.030  2676  2966 I AiAiEcho: EchoTargets: 
07-11 04:32:00.030  2676  2966 I AiAiEcho: Filtered by AiAi flag check: 
07-11 04:32:00.030  2676  2966 I AiAiEcho: Ranked targets strategy: SORT, count: 0, ranking metadata: 
07-11 04:32:00.035  2676  2966 I AiAiEcho: #postPredictionTargets: Sending updates to UISurface lockscreen with targets# 0 (types=[])
07-11 04:32:00.042  2171  2171 W PageIndicator: Total number of pages invalid: 0. Assuming 1 page.
07-11 04:32:00.053  2171  2320 D EGL_emulation: app_time_stats: avg=12254.35ms min=12254.35ms max=12254.35ms count=1
07-11 04:32:24.742  1829  3716 D WifiNl80211Manager: Scan result ready event
07-11 04:32:24.742  1829  3716 D WifiNative: Scan result ready event
07-11 04:32:24.754  1829  2063 I HalDevMgr: bestIfaceCreationProposal is null, requestIface=STA, existingIface=[name=wlan0 type=STA]
07-11 04:32:46.124  2707  2979 I BistoHotwordHelper: (REDACTED) getHotwordActive::active query: %s, watch: %s, devices connected: %s
07-11 04:32:47.819  1829  2134 D androidtc: Initializing SystemTextClassifier, type = System
07-11 04:32:47.838  2676  2676 I AiAiTextClassifier: onCreateTextClassificationSession = TextClassificationSessionId {439301ca-a638-4614-9412-50ad2b898171}
07-11 04:32:47.853  2676  3100 I AiAiTranslate: C2T - not in a conversation
07-11 04:32:47.854  2171  2171 I ClipboardListener: Clipboard overlay suppressed.
07-11 04:32:47.986  2171  2171 I ClipboardListener: Clipboard overlay suppressed.
07-11 04:33:00.018  2676  2966 I AiAiEcho: Predicting[0]: 
07-11 04:33:00.018  2676  2966 I AiAiEcho: EchoTargets: 
07-11 04:33:00.018  2676  2966 I AiAiEcho: Filtered by AiAi flag check: 
07-11 04:33:00.019  2676  2966 I AiAiEcho: Ranked targets strategy: SORT, count: 0, ranking metadata: 
07-11 04:33:00.022  2676  2966 I AiAiEcho: #postPredictionTargets: Sending updates to UISurface lockscreen with targets# 0 (types=[])
07-11 04:33:00.041  2171  2171 W PageIndicator: Total number of pages invalid: 0. Assuming 1 page.
07-11 04:33:00.050  2171  2320 D EGL_emulation: app_time_stats: avg=59996.39ms min=59996.39ms max=59996.39ms count=1
07-11 04:33:07.702  2676  3100 I AiAiTranslate: C2T - not in a conversation
07-11 04:33:07.705  2171  2171 I ClipboardListener: Clipboard overlay suppressed.
07-11 04:33:09.204  9737  9742 I putmethod.latin: NativeAlloc concurrent mark compact GC freed 5879KB AllocSpace bytes, 108(5052KB) LOS objects, 49% free, 10MB/21MB, paused 1.792ms,34.476ms total 1.492s
07-11 04:33:09.204  9737  9742 W putmethod.latin: Reducing the number of considered missed Gc histogram windows from 861 to 100
07-11 04:33:10.490  2676  3100 I AiAiTranslate: C2T - not in a conversation
07-11 04:33:10.496  9737 12765 D androidtc: Initializing SystemTextClassifier, type = System
07-11 04:33:10.498  2171  2171 I ClipboardListener: Clipboard overlay suppressed.
07-11 04:33:23.413  1829  2134 D androidtc: Initializing SystemTextClassifier, type = System
07-11 04:33:23.414  2676  2676 I AiAiTextClassifier: onCreateTextClassificationSession = TextClassificationSessionId {6a550261-9461-41bb-bacd-e397c6c6d416}
07-11 04:33:23.420  2171  2171 I ClipboardListener: Clipboard overlay suppressed.
07-11 04:33:23.420  2676  3100 I AiAiTranslate: C2T - not in a conversation
07-11 04:33:23.435  2676  3158 I AiAiTextClassifier: GenerateLinks did not find valid links, returning empty result
07-11 04:33:23.443  2171  2171 I ClipboardListener: Clipboard overlay suppressed.
07-11 04:33:23.450  2676  3158 I AiAiTextClassifier: GenerateLinks did not find valid links, returning empty result
07-11 04:33:27.807  2171  2320 D EGL_emulation: app_time_stats: avg=27757.79ms min=27757.79ms max=27757.79ms count=1
07-11 04:33:42.866  6693  6693 W TimedProcessReaper: Memory state is: 125
07-11 04:33:42.869  6693  6693 D TimedProcessReaper: Attempted to reap process, but was too important
07-11 04:33:46.126  2707  3164 I BistoHotwordHelper: (REDACTED) getHotwordActive::active query: %s, watch: %s, devices connected: %s
07-11 04:34:00.013  2676  2966 I AiAiEcho: Predicting[0]: 
07-11 04:34:00.014  2676  2966 I AiAiEcho: EchoTargets: 
07-11 04:34:00.014  2676  2966 I AiAiEcho: Filtered by AiAi flag check: 
07-11 04:34:00.014  2676  2966 I AiAiEcho: Ranked targets strategy: SORT, count: 0, ranking metadata: 
07-11 04:34:00.020  2676  2966 I AiAiEcho: #postPredictionTargets: Sending updates to UISurface lockscreen with targets# 0 (types=[])
07-11 04:34:00.026  2171  2171 W PageIndicator: Total number of pages invalid: 0. Assuming 1 page.
07-11 04:34:00.082  2171  2320 D EGL_emulation: app_time_stats: avg=32274.20ms min=32274.20ms max=32274.20ms count=1
07-11 04:34:04.169  1829  2134 D androidtc: Initializing SystemTextClassifier, type = System
07-11 04:34:04.222  2676  2676 I AiAiTextClassifier: onCreateTextClassificationSession = TextClassificationSessionId {12d7923e-35f5-42fe-98de-b9418a53c4e0}
07-11 04:34:04.250  2676  3100 I AiAiTranslate: C2T - not in a conversation
07-11 04:34:04.263  2171  2171 I ClipboardListener: Clipboard overlay suppressed.
07-11 04:34:04.285  2676  3158 I AiAiTextClassifier: GenerateLinks did not find valid links, returning empty result
07-11 04:34:04.308  2171  2171 I ClipboardListener: Clipboard overlay suppressed.
07-11 04:34:04.339  2676  3158 I AiAiTextClassifier: GenerateLinks did not find valid links, returning empty result
07-11 04:34:07.799  2171  2320 D EGL_emulation: app_time_stats: avg=7714.78ms min=7714.78ms max=7714.78ms count=1
07-11 04:34:22.959  9737  9737 W ModuleManager: ModuleManager.loadModule():474 Module llt is not available
07-11 04:34:23.158 12685 12701 D EGL_emulation: app_time_stats: avg=57954.93ms min=6.97ms max=927114.50ms count=16
07-11 04:34:23.192  9737  9737 I GoogleInputMethodService: GoogleInputMethodService.onFinishInput():3126 
07-11 04:34:23.196  9737  9737 I GoogleInputMethodService: GoogleInputMethodService.updateDeviceLockedStatus():2216 repeatCheckTimes = 0, locked = false
07-11 04:34:23.196  9737  9737 I GoogleInputMethodService: GoogleInputMethodService.onStartInput():1954 onStartInput(EditorInfo{EditorInfo{packageName=com.example.groupify, inputType=0, inputTypeString=NULL, enableLearning=false, autoCorrection=false, autoComplete=false, imeOptions=0, privateImeOptions=null, actionName=UNSPECIFIED, actionLabel=null, initialSelStart=-1, initialSelEnd=-1, initialCapsMode=0, label=null, fieldId=0, fieldName=null, extras=null, hintText=null, hintLocales=[]}}, false)
07-11 04:34:23.200  9737  9737 I GoogleInputMethodService: GoogleInputMethodService.updateDeviceLockedStatus():2216 repeatCheckTimes = 1, locked = false
07-11 04:34:23.201  9737  9737 I AndroidIME: InputBundleManager.loadActiveInputBundleId():450 loadActiveInputBundleId: und-Latn-x-password, password
07-11 04:34:23.209  1829  2750 W PackageConfigPersister: App-specific configuration not found for packageName: com.example.groupify and userId: 0
07-11 04:34:27.132  1829  2134 D androidtc: Initializing SystemTextClassifier, type = System
07-11 04:34:27.133  2676  2676 I AiAiTextClassifier: onCreateTextClassificationSession = TextClassificationSessionId {0c028204-dd22-414c-8b6d-1f0ba312d0b8}
07-11 04:34:27.141  2676  3100 I AiAiTranslate: C2T - not in a conversation
07-11 04:34:27.146  2171  2171 I ClipboardListener: Clipboard overlay suppressed.
07-11 04:34:27.157  2676  3158 I AiAiTextClassifier: GenerateLinks did not find valid links, returning empty result
07-11 04:34:27.165  2171  2171 I ClipboardListener: Clipboard overlay suppressed.
07-11 04:34:27.171  2676  3158 I AiAiTextClassifier: GenerateLinks did not find valid links, returning empty result
07-11 04:34:32.224  9628  9628 I A       : #sync(). Running Synclets and scheduling next sync.
07-11 04:34:32.387  9628  9821 I A       : (REDACTED) Starting synclet: %s
07-11 04:34:32.388  9628  9726 I A       : (REDACTED) Starting synclet: %s
07-11 04:34:32.526  9628  9821 I A       : Mobalt: enqueue sending logs to the Cobalt Server
07-11 04:34:32.526  9628  9821 I A       : Mobalt: start sending logs to the Cobalt Server
07-11 04:34:32.593  9628  9796 I A       : Completed sync. Scheduling next wakeup
07-11 04:34:32.593  9628  9796 I A       : Scheduling next onetime WorkManager workers
07-11 04:34:32.596  9628  9714 I A       : #sync() complete
07-11 04:34:32.607  9628  9796 I WM-WorkerWrapper: Worker result SUCCESS for Work [ id=26180189-0416-4f06-b64e-32701e1acef4, tags={ com.google.apps.tiktok.contrib.work.TikTokListenableWorker,com.google.apps.tiktok.sync.impl.workmanager.SyncWorker,TikTokWorker#com.google.apps.tiktok.sync.impl.workmanager.SyncWorker } ]
07-11 04:34:32.787  9628 12767 I A       : Mobalt: start observation generation
07-11 04:34:32.815  9628 12767 I A       : (REDACTED) Mobalt: generating observations for day index %s for metric: %s-%s-%s
07-11 04:34:32.836  9628 12767 I A       : (REDACTED) Mobalt: generating observations for day index %s for metric: %s-%s-%s
07-11 04:34:32.864  9628 12767 I A       : (REDACTED) Mobalt: successfully generated observations for %s reports
07-11 04:34:32.884  9628 12767 I A       : (REDACTED) Mobalt: uploading logs to the Cobalt Server, got %s observations
07-11 04:34:32.884  9628 12767 I A       : Mobalt: finish sending logs to the Cobalt Server successfully
07-11 04:34:32.974  9628  9796 I A       : Successfully scheduled next onetime workers
07-11 04:34:46.128  2707  3164 I BistoHotwordHelper: (REDACTED) getHotwordActive::active query: %s, watch: %s, devices connected: %s
07-11 04:34:47.804  2171  2320 D EGL_emulation: app_time_stats: avg=40005.32ms min=40005.32ms max=40005.32ms count=1
07-11 04:34:48.618  1829  1987 I UsageStatsService: User[0] Flushing usage stats to disk
07-11 04:34:56.229  2676  3100 I AiAiTranslate: C2T - not in a conversation
07-11 04:34:56.232  2171  2171 I ClipboardListener: Clipboard overlay suppressed.
07-11 04:35:00.014  2676  2966 I AiAiEcho: Predicting[0]: 
07-11 04:35:00.021  2676  2966 I AiAiEcho: EchoTargets: 
07-11 04:35:00.021  2676  2966 I AiAiEcho: Filtered by AiAi flag check: 
07-11 04:35:00.022  2676  2966 I AiAiEcho: Ranked targets strategy: SORT, count: 0, ranking metadata: 
07-11 04:35:00.027  2676  2966 I AiAiEcho: #postPredictionTargets: Sending updates to UISurface lockscreen with targets# 0 (types=[])
07-11 04:35:00.040  2171  2171 W PageIndicator: Total number of pages invalid: 0. Assuming 1 page.
07-11 04:35:00.049  2171  2320 D EGL_emulation: app_time_stats: avg=12243.79ms min=12243.79ms max=12243.79ms count=1
07-11 04:35:04.749  1829  3716 D WifiNl80211Manager: Scan result ready event
07-11 04:35:04.749  1829  3716 D WifiNative: Scan result ready event
07-11 04:35:04.766  1829  2063 I HalDevMgr: bestIfaceCreationProposal is null, requestIface=STA, existingIface=[name=wlan0 type=STA]
07-11 04:35:21.174  9303 12727 I AlarmManager: setExactAndAllowWhileIdle [name: GCM_HB_ALARM type: 2 triggerAtMillis: 17878387]
07-11 04:35:21.180  9303 12727 I AlarmManager: setExactAndAllowWhileIdle [name: GCM_HB_ALARM type: 2 triggerAtMillis: 17878393]
07-11 04:35:21.307  9303 12769 I NetworkScheduler.Stats: (REDACTED) Task %s/%s started execution. cause:%s exec_start_elapsed_seconds: %s
07-11 04:35:21.330  9303  9303 D BoundBrokerSvc: onBind: Intent { act=com.google.android.contextmanager.service.ContextManagerLogsUploadBoundService.ACTION_TASK_READY dat=chimera-action:/... cmp=com.google.android.gms/.chimera.PersistentInternalBoundBrokerService }
07-11 04:35:21.330  9303  9303 D BoundBrokerSvc: Loading bound service for intent: Intent { act=com.google.android.contextmanager.service.ContextManagerLogsUploadBoundService.ACTION_TASK_READY dat=chimera-action:/... cmp=com.google.android.gms/.chimera.PersistentInternalBoundBrokerService }
07-11 04:35:21.343  9303 12769 I NetworkScheduler.Stats: (REDACTED) Task %s/%s finished executing. cause:%s result: %s elapsed_millis: %s uptime_millis: %s exec_start_elapsed_seconds: %s
07-11 04:35:21.389  9303  9303 D BoundBrokerSvc: onUnbind: Intent { act=com.google.android.contextmanager.service.ContextManagerLogsUploadBoundService.ACTION_TASK_READY dat=chimera-action:/... cmp=com.google.android.gms/.chimera.PersistentInternalBoundBrokerService }
07-11 04:35:21.392  9303 12769 I NetworkScheduler.Stats: (REDACTED) Task %s/%s started execution. cause:%s exec_start_elapsed_seconds: %s
07-11 04:35:21.392  9303 12769 I NetworkScheduler.Stats: (REDACTED) Task %s/%s finished executing. cause:%s result: %s elapsed_millis: %s uptime_millis: %s exec_start_elapsed_seconds: %s
07-11 04:35:24.521  9303 12771 E WorkSourceUtil: Could not find package: com.google.android.gms.westworld
07-11 04:35:41.259  1829  2750 D TelephonyManager: requestModemActivityInfo: Sending result to app: ModemActivityInfo{ mTimestamp=17128466 mSleepTimeMs=0 mIdleTimeMs=16457145 mActivityStatsTechSpecificInfo=[{mRat=UNKNOWN,mFrequencyRange=UNKNOWN,mTxTimeMs[]=[0, 0, 0, 0, 0],mRxTimeMs=0}]}
07-11 04:35:46.125  2707  3163 I BistoHotwordHelper: (REDACTED) getHotwordActive::active query: %s, watch: %s, devices connected: %s
07-11 04:36:00.009  2676  2966 I AiAiEcho: Predicting[0]: 
07-11 04:36:00.010  2676  2966 I AiAiEcho: EchoTargets: 
07-11 04:36:00.010  2676  2966 I AiAiEcho: Filtered by AiAi flag check: 
07-11 04:36:00.010  2676  2966 I AiAiEcho: Ranked targets strategy: SORT, count: 0, ranking metadata: 
07-11 04:36:00.011  2676  2966 I AiAiEcho: #postPredictionTargets: Sending updates to UISurface lockscreen with targets# 0 (types=[])
07-11 04:36:00.026  2171  2171 W PageIndicator: Total number of pages invalid: 0. Assuming 1 page.
07-11 04:36:00.042  2171  2320 D EGL_emulation: app_time_stats: avg=59992.49ms min=59992.49ms max=59992.49ms count=1
07-11 04:36:01.485  2280 12029 D ApfFilter: (wlan0): Adding RA fe80::2 -> ff02::1 1800s fec0::/64 86400s/14400s 
07-11 04:36:10.610  9303  9411 W SystemServiceRegistry: No service published for: wifirtt
07-11 04:36:11.069  1829  3716 W AppOps  : Noting op not finished: uid 10134 pkg com.google.android.gms code 79 startTime of in progress event=1720657909217
07-11 04:36:11.075  1829  3716 W AppOps  : Noting op not finished: uid 10134 pkg com.google.android.gms code 113 startTime of in progress event=1720657836890
07-11 04:36:11.084  1829  3716 W AppOps  : Noting op not finished: uid 10134 pkg com.google.android.gms code 113 startTime of in progress event=1720657836890
07-11 04:36:11.093  9303  9411 I ActivityScheduler: nextTriggerTime: 17396405, in 238099ms, detectorType: 39, FULL_TYPE alarmWindowMillis: 80000
07-11 04:36:11.437  1829  2731 D WifiNl80211Manager: Scan result ready event
07-11 04:36:11.438  1829  2731 D WifiNative: Scan result ready event
07-11 04:36:11.457  1829  2063 I HalDevMgr: bestIfaceCreationProposal is null, requestIface=STA, existingIface=[name=wlan0 type=STA]
07-11 04:36:11.505  9303 12512 I FrewleTileCacheManagerV: (REDACTED) Fetched %d AP models from cache
07-11 04:36:11.546  9303  9411 W AlarmManager: alarm window unlikely to be respected [CONTEXT service_id=231 ]
07-11 04:36:11.546  9303  9411 W AlarmManager: java.lang.IllegalArgumentException: alarm "NetworkLocationLocator" has short window length
07-11 04:36:11.546  9303  9411 W AlarmManager: 	at boaw.b(:com.google.android.gms@242335041@24.23.35 (190800-646585959):52)
07-11 04:36:11.546  9303  9411 W AlarmManager: 	at ehbk.f(:com.google.android.gms@242335041@24.23.35 (190800-646585959):119)
07-11 04:36:11.546  9303  9411 W AlarmManager: 	at egxu.q(:com.google.android.gms@242335041@24.23.35 (190800-646585959):107)
07-11 04:36:11.546  9303  9411 W AlarmManager: 	at egxu.e(:com.google.android.gms@242335041@24.23.35 (190800-646585959):27)
07-11 04:36:11.546  9303  9411 W AlarmManager: 	at egxq.apply(:com.google.android.gms@242335041@24.23.35 (190800-646585959):19)
07-11 04:36:11.546  9303  9411 W AlarmManager: 	at etvw.d(:com.google.android.gms@242335041@24.23.35 (190800-646585959):3)
07-11 04:36:11.546  9303  9411 W AlarmManager: 	at etvx.run(:com.google.android.gms@242335041@24.23.35 (190800-646585959):42)
07-11 04:36:11.546  9303  9411 W AlarmManager: 	at android.os.Handler.handleCallback(Handler.java:959)
07-11 04:36:11.546  9303  9411 W AlarmManager: 	at android.os.Handler.dispatchMessage(Handler.java:100)
07-11 04:36:11.546  9303  9411 W AlarmManager: 	at bphk.nR(:com.google.android.gms@242335041@24.23.35 (190800-646585959):1)
07-11 04:36:11.546  9303  9411 W AlarmManager: 	at bphk.dispatchMessage(:com.google.android.gms@242335041@24.23.35 (190800-646585959):138)
07-11 04:36:11.546  9303  9411 W AlarmManager: 	at android.os.Looper.loopOnce(Looper.java:232)
07-11 04:36:11.546  9303  9411 W AlarmManager: 	at android.os.Looper.loop(Looper.java:317)
07-11 04:36:11.546  9303  9411 W AlarmManager: 	at android.os.HandlerThread.run(HandlerThread.java:85)
07-11 04:36:11.605  9303  9411 I ActivityScheduler: nextTriggerTime: 17396405, in 237587ms, detectorType: 39, FULL_TYPE alarmWindowMillis: 80000
07-11 04:36:11.610  9303  9392 I FusedLocation: (REDACTED) location delivery to %s blocked - too close
07-11 04:36:13.724  1829  1842 I system_server: Background concurrent mark compact GC freed 23MB AllocSpace bytes, 29(1136KB) LOS objects, 46% free, 27MB/51MB, paused 2.740ms,42.240ms total 2.186s
07-11 04:36:13.724  1829  1842 W system_server: Reducing the number of considered missed Gc histogram windows from 132 to 100
07-11 04:36:13.737  2676  2676 I AiAiTextClassifier: onDestroyTextClassificationSession = TextClassificationSessionId {371bdd09-25eb-462a-afbe-357184f82932}
07-11 04:36:13.768  2676  2676 I AiAiTextClassifier: onDestroyTextClassificationSession = TextClassificationSessionId {63b6d14a-2efe-46a4-ad83-3257d67bf5a4}
07-11 04:36:13.781  2676  2676 I AiAiTextClassifier: onDestroyTextClassificationSession = TextClassificationSessionId {97f08ecf-759b-434d-b671-03df32b585e1}
07-11 04:36:13.781  2676  2676 I AiAiTextClassifier: onDestroyTextClassificationSession = TextClassificationSessionId {439301ca-a638-4614-9412-50ad2b898171}
07-11 04:36:13.782  2676  2676 I AiAiTextClassifier: onDestroyTextClassificationSession = TextClassificationSessionId {6a550261-9461-41bb-bacd-e397c6c6d416}
07-11 04:36:13.783  2676  2676 I AiAiTextClassifier: onDestroyTextClassificationSession = TextClassificationSessionId {12d7923e-35f5-42fe-98de-b9418a53c4e0}
07-11 04:36:13.788  1829  1844 W system_server: ApkAssets: Deleting an ApkAssets object '<empty> and /product/app/LatinIMEGooglePrebuilt/LatinIMEGooglePrebuilt.apk' with 1 weak references
07-11 04:36:13.800  1829  1844 W System  : A resource failed to call release. 
07-11 04:36:13.810  1829  1844 W system_server: ApkAssets: Deleting an ApkAssets object '<empty> and /product/app/GoogleTTS/GoogleTTS.apk' with 1 weak references
07-11 04:36:13.818  1829  1844 W System  : A resource failed to call release. 
07-11 04:36:13.819  1829  1844 W system_server: ApkAssets: Deleting an ApkAssets object '<empty> and /data/app/~~l9Ce9LCA5TCHk3eZksH0Tw==/com.google.android.gms-sWArhlX_AiEwmsQ7ICJC3A==/base.apk' with 1 weak references
07-11 04:36:13.824  1829  1844 W system_server: ApkAssets: Deleting an ApkAssets object '<empty> and /data/app/~~l9Ce9LCA5TCHk3eZksH0Tw==/com.google.android.gms-sWArhlX_AiEwmsQ7ICJC3A==/split_DynamiteModulesA.apk' with 1 weak references
07-11 04:36:13.826  1829  1844 W system_server: ApkAssets: Deleting an ApkAssets object '<empty> and /data/app/~~l9Ce9LCA5TCHk3eZksH0Tw==/com.google.android.gms-sWArhlX_AiEwmsQ7ICJC3A==/split_DynamiteModulesA.config.en.apk' with 1 weak references
07-11 04:36:13.826  1829  1844 W system_server: ApkAssets: Deleting an ApkAssets object '<empty> and /data/app/~~l9Ce9LCA5TCHk3eZksH0Tw==/com.google.android.gms-sWArhlX_AiEwmsQ7ICJC3A==/split_DynamiteModulesA.config.xxhdpi.apk' with 1 weak references
07-11 04:36:13.828  1829  1844 W system_server: ApkAssets: Deleting an ApkAssets object '<empty> and /data/app/~~l9Ce9LCA5TCHk3eZksH0Tw==/com.google.android.gms-sWArhlX_AiEwmsQ7ICJC3A==/split_DynamiteModulesC.apk' with 1 weak references
07-11 04:36:13.829  1829  1844 W system_server: ApkAssets: Deleting an ApkAssets object '<empty> and /data/app/~~l9Ce9LCA5TCHk3eZksH0Tw==/com.google.android.gms-sWArhlX_AiEwmsQ7ICJC3A==/split_DynamiteModulesC.config.en.apk' with 1 weak references
07-11 04:36:13.829  1829  1844 W system_server: ApkAssets: Deleting an ApkAssets object '<empty> and /data/app/~~l9Ce9LCA5TCHk3eZksH0Tw==/com.google.android.gms-sWArhlX_AiEwmsQ7ICJC3A==/split_DynamiteModulesC.config.xxhdpi.apk' with 1 weak references
07-11 04:36:13.830  1829  1844 W system_server: ApkAssets: Deleting an ApkAssets object '<empty> and /data/app/~~l9Ce9LCA5TCHk3eZksH0Tw==/com.google.android.gms-sWArhlX_AiEwmsQ7ICJC3A==/split_GoogleCertificates.apk' with 1 weak references
07-11 04:36:13.830  1829  1844 W system_server: ApkAssets: Deleting an ApkAssets object '<empty> and /data/app/~~l9Ce9LCA5TCHk3eZksH0Tw==/com.google.android.gms-sWArhlX_AiEwmsQ7ICJC3A==/split_MapsDynamite.apk' with 1 weak references
07-11 04:36:13.832  1829  1844 W system_server: ApkAssets: Deleting an ApkAssets object '<empty> and /data/app/~~l9Ce9LCA5TCHk3eZksH0Tw==/com.google.android.gms-sWArhlX_AiEwmsQ7ICJC3A==/split_MapsDynamite.config.en.apk' with 1 weak references
07-11 04:36:13.833  1829  1844 W system_server: ApkAssets: Deleting an ApkAssets object '<empty> and /data/app/~~l9Ce9LCA5TCHk3eZksH0Tw==/com.google.android.gms-sWArhlX_AiEwmsQ7ICJC3A==/split_MapsDynamite.config.xxhdpi.apk' with 1 weak references
07-11 04:36:13.834  1829  1844 W system_server: ApkAssets: Deleting an ApkAssets object '<empty> and /data/app/~~l9Ce9LCA5TCHk3eZksH0Tw==/com.google.android.gms-sWArhlX_AiEwmsQ7ICJC3A==/split_MeasurementDynamite.apk' with 1 weak references
07-11 04:36:13.834  1829  1844 W system_server: ApkAssets: Deleting an ApkAssets object '<empty> and /data/app/~~l9Ce9LCA5TCHk3eZksH0Tw==/com.google.android.gms-sWArhlX_AiEwmsQ7ICJC3A==/split_MeasurementDynamite.config.en.apk' with 1 weak references
07-11 04:36:13.836  1829  1844 W system_server: ApkAssets: Deleting an ApkAssets object '<empty> and /data/app/~~l9Ce9LCA5TCHk3eZksH0Tw==/com.google.android.gms-sWArhlX_AiEwmsQ7ICJC3A==/split_all_locale_splits.apk' with 1 weak references
07-11 04:36:13.836  1829  1844 W system_server: ApkAssets: Deleting an ApkAssets object '<empty> and /data/app/~~l9Ce9LCA5TCHk3eZksH0Tw==/com.google.android.gms-sWArhlX_AiEwmsQ7ICJC3A==/split_config.en.apk' with 1 weak references
07-11 04:36:13.837  1829  1844 W system_server: ApkAssets: Deleting an ApkAssets object '<empty> and /data/app/~~l9Ce9LCA5TCHk3eZksH0Tw==/com.google.android.gms-sWArhlX_AiEwmsQ7ICJC3A==/split_config.xxhdpi.apk' with 1 weak references
07-11 04:36:19.287  2171  2171 D ZenModeController: Added callback class com.android.systemui.qs.tiles.DndTile$3
07-11 04:36:19.298  2171  2171 D ZenModeController: Removed callback class com.android.systemui.qs.tiles.DndTile$3
07-11 04:36:20.060  2171  2294 D ControlsListingControllerImpl: Subscribing callback, service count: 0
07-11 04:36:20.064  2171  2294 D ControlsListingControllerImpl: Unsubscribing callback
07-11 04:36:27.609  2676  3100 I AiAiTranslate: C2T - not in a conversation
07-11 04:36:27.610  2171  2171 I ClipboardListener: Clipboard overlay suppressed.
07-11 04:36:27.774  2171  2320 D EGL_emulation: app_time_stats: avg=27732.23ms min=27732.23ms max=27732.23ms count=1
07-11 04:36:28.049  2676  2682 I ogle.android.as: Background concurrent mark compact GC freed 7725KB AllocSpace bytes, 2(52KB) LOS objects, 49% free, 7308KB/14MB, paused 1.125ms,8.141ms total 410.640ms
07-11 04:36:31.085  2171  2294 I QuickAccessWalletTile: QAW service is unavailable, recreating the wallet client.
07-11 04:36:46.127  2707  2979 I BistoHotwordHelper: (REDACTED) getHotwordActive::active query: %s, watch: %s, devices connected: %s
07-11 04:36:53.912  9303 12770 I NetworkScheduler.Stats: (REDACTED) Task %s/%s started execution. cause:%s exec_start_elapsed_seconds: %s
07-11 04:36:53.961  9303 12780 I NetworkScheduler.Stats: (REDACTED) Task %s/%s started execution. cause:%s exec_start_elapsed_seconds: %s
07-11 04:36:53.981  9303 12512 I NetworkScheduler.Stats: (REDACTED) Task %s/%s finished executing. cause:%s result: %s elapsed_millis: %s uptime_millis: %s exec_start_elapsed_seconds: %s
07-11 04:36:54.077  9303 12780 I NetworkScheduler.Stats: (REDACTED) Task %s/%s started execution. cause:%s exec_start_elapsed_seconds: %s
07-11 04:36:54.159  9303 12770 I NetworkScheduler.Stats: (REDACTED) Task %s/%s finished executing. cause:%s result: %s elapsed_millis: %s uptime_millis: %s exec_start_elapsed_seconds: %s
07-11 04:36:54.274  9303 12780 I NetworkScheduler.Stats: (REDACTED) Task %s/%s started execution. cause:%s exec_start_elapsed_seconds: %s
07-11 04:36:54.293  9303 12780 I NetworkScheduler.Stats: (REDACTED) Task %s/%s finished executing. cause:%s result: %s elapsed_millis: %s uptime_millis: %s exec_start_elapsed_seconds: %s
07-11 04:36:54.689  9303  9725 D TrafficStats: tagSocket(105) with statsTag=0x1065fff, statsUid=-1
07-11 04:36:54.939  9303  9308 I .gms.persistent: Background concurrent mark compact GC freed 21MB AllocSpace bytes, 19(908KB) LOS objects, 49% free, 13MB/27MB, paused 1.196ms,13.601ms total 861.596ms
07-11 04:36:54.939  9303  9308 W .gms.persistent: Reducing the number of considered missed Gc histogram windows from 156 to 100
07-11 04:36:55.104  9303  9725 D TrafficStats: tagSocket(170) with statsTag=0x1065fff, statsUid=10131
07-11 04:36:55.440  9303  9725 D TrafficStats: tagSocket(127) with statsTag=0x1065fff, statsUid=10135
07-11 04:36:55.773  9303 12770 I NetworkScheduler.Stats: (REDACTED) Task %s/%s finished executing. cause:%s result: %s elapsed_millis: %s uptime_millis: %s exec_start_elapsed_seconds: %s
07-11 04:36:59.599  2280  2284 I rkstack.process: Background concurrent mark compact GC freed 2712KB AllocSpace bytes, 0(0B) LOS objects, 49% free, 2816KB/5632KB, paused 1.350ms,5.655ms total 56.372ms
07-11 04:37:00.006  2676  2966 I AiAiEcho: Predicting[0]: 
07-11 04:37:00.006  2676  2966 I AiAiEcho: EchoTargets: 
07-11 04:37:00.006  2676  2966 I AiAiEcho: Filtered by AiAi flag check: 
07-11 04:37:00.006  2676  2966 I AiAiEcho: Ranked targets strategy: SORT, count: 0, ranking metadata: 
07-11 04:37:00.006  2676  2966 I AiAiEcho: #postPredictionTargets: Sending updates to UISurface lockscreen with targets# 0 (types=[])
07-11 04:37:00.022  2171  2171 W PageIndicator: Total number of pages invalid: 0. Assuming 1 page.
07-11 04:37:00.031  2171  2320 D EGL_emulation: app_time_stats: avg=32256.02ms min=32256.02ms max=32256.02ms count=1
07-11 04:37:07.773  2171  2320 D EGL_emulation: app_time_stats: avg=7742.33ms min=7742.33ms max=7742.33ms count=1
07-11 04:37:44.758  1829  2750 D WifiNl80211Manager: Scan result ready event
07-11 04:37:44.759  1829  2750 D WifiNative: Scan result ready event
07-11 04:37:44.782  1829  2063 I HalDevMgr: bestIfaceCreationProposal is null, requestIface=STA, existingIface=[name=wlan0 type=STA]
07-11 04:37:46.127  2707  2979 I BistoHotwordHelper: (REDACTED) getHotwordActive::active query: %s, watch: %s, devices connected: %s
07-11 04:37:47.779  2171  2320 D EGL_emulation: app_time_stats: avg=40005.83ms min=40005.83ms max=40005.83ms count=1
07-11 04:38:00.007  2676  2966 I AiAiEcho: Predicting[0]: 
07-11 04:38:00.008  2676  2966 I AiAiEcho: EchoTargets: 
07-11 04:38:00.008  2676  2966 I AiAiEcho: Filtered by AiAi flag check: 
07-11 04:38:00.008  2676  2966 I AiAiEcho: Ranked targets strategy: SORT, count: 0, ranking metadata: 
07-11 04:38:00.009  2676  2966 I AiAiEcho: #postPredictionTargets: Sending updates to UISurface lockscreen with targets# 0 (types=[])
07-11 04:38:00.023  2171  2171 W PageIndicator: Total number of pages invalid: 0. Assuming 1 page.
07-11 04:38:00.032  2171  2320 D EGL_emulation: app_time_stats: avg=12251.80ms min=12251.80ms max=12251.80ms count=1
07-11 04:38:33.331  1829  2134 D androidtc: Initializing SystemTextClassifier, type = System
07-11 04:38:33.334  2676  2676 I AiAiTextClassifier: onCreateTextClassificationSession = TextClassificationSessionId {3db38c7f-ab06-4e27-9456-46effba306ba}
07-11 04:38:33.339  2676  3100 I AiAiTranslate: C2T - not in a conversation
07-11 04:38:33.340  2171  2171 I ClipboardListener: Clipboard overlay suppressed.
07-11 04:38:33.342  2676  3158 I AiAiTextClassifier: GenerateLinks did not find valid links, returning empty result
07-11 04:38:33.348  2676  3158 I AiAiTextClassifier: GenerateLinks did not find valid links, returning empty result
07-11 04:38:33.348  2171  2171 I ClipboardListener: Clipboard overlay suppressed.
07-11 04:38:46.125  2707  3164 I BistoHotwordHelper: (REDACTED) getHotwordActive::active query: %s, watch: %s, devices connected: %s
07-11 04:39:00.006  2676  2966 I AiAiEcho: Predicting[0]: 
07-11 04:39:00.006  2676  2966 I AiAiEcho: EchoTargets: 
07-11 04:39:00.006  2676  2966 I AiAiEcho: Filtered by AiAi flag check: 
07-11 04:39:00.006  2676  2966 I AiAiEcho: Ranked targets strategy: SORT, count: 0, ranking metadata: 
07-11 04:39:00.007  2676  2966 I AiAiEcho: #postPredictionTargets: Sending updates to UISurface lockscreen with targets# 0 (types=[])
07-11 04:39:00.030  2171  2171 W PageIndicator: Total number of pages invalid: 0. Assuming 1 page.
07-11 04:39:00.037  2171  2320 D EGL_emulation: app_time_stats: avg=60004.38ms min=60004.38ms max=60004.38ms count=1
07-11 04:39:10.646  9606  9689 I bluetooth: system/gd/hci/le_address_manager.cc:659 OnCommandComplete: Received command complete with op_code LE_SET_RANDOM_ADDRESS(0x2005)
07-11 04:39:10.649  9606  9689 I bluetooth: system/gd/hci/le_address_manager.cc:680 OnCommandComplete: update random address : xx:xx:xx:xx:36:2b
07-11 04:39:10.650  9606  9689 I bluetooth: system/gd/hci/le_address_manager.cc:347 resume_registered_clients: Resuming registered clients
07-11 04:39:22.543  9303 11036 I PhenotypeProcessReaper: Memory state is: 125
07-11 04:39:27.805  2171  2320 D EGL_emulation: app_time_stats: avg=27768.75ms min=27768.75ms max=27768.75ms count=1
07-11 04:39:39.514  2280 12029 D ApfFilter: (wlan0): Ignoring RA RA fe80::2 -> ff02::1 1800s fec0::/64 86400s/14400s  which matches RA fe80::2 -> ff02::1 1800s fec0::/64 86400s/14400s 
07-11 04:39:46.124  2707  3164 I BistoHotwordHelper: (REDACTED) getHotwordActive::active query: %s, watch: %s, devices connected: %s
07-11 04:40:00.007  2676  2966 I AiAiEcho: Predicting[0]: 
07-11 04:40:00.009  2676  2966 I AiAiEcho: EchoTargets: 
07-11 04:40:00.009  2676  2966 I AiAiEcho: Filtered by AiAi flag check: 
07-11 04:40:00.009  2676  2966 I AiAiEcho: Ranked targets strategy: SORT, count: 0, ranking metadata: 
07-11 04:40:00.010  2676  2966 I AiAiEcho: #postPredictionTargets: Sending updates to UISurface lockscreen with targets# 0 (types=[])
07-11 04:40:00.022  2171  2171 W PageIndicator: Total number of pages invalid: 0. Assuming 1 page.
07-11 04:40:00.029  2171  2320 D EGL_emulation: app_time_stats: avg=32223.88ms min=32223.88ms max=32223.88ms count=1
07-11 04:40:07.790  2171  2320 D EGL_emulation: app_time_stats: avg=7760.25ms min=7760.25ms max=7760.25ms count=1
07-11 04:40:24.763  1829  3096 D WifiNl80211Manager: Scan result ready event
07-11 04:40:24.763  1829  3096 D WifiNative: Scan result ready event
07-11 04:40:24.783  1829  2063 I HalDevMgr: bestIfaceCreationProposal is null, requestIface=STA, existingIface=[name=wlan0 type=STA]
07-11 04:40:46.125  2707  3164 I BistoHotwordHelper: (REDACTED) getHotwordActive::active query: %s, watch: %s, devices connected: %s
07-11 04:40:47.794  2171  2320 D EGL_emulation: app_time_stats: avg=40003.31ms min=40003.31ms max=40003.31ms count=1
07-11 04:40:47.954  1829  2134 D androidtc: Initializing SystemTextClassifier, type = System
07-11 04:40:47.956  2676  2676 I AiAiTextClassifier: onCreateTextClassificationSession = TextClassificationSessionId {c117cb18-9de1-4775-bc38-cae22230ed14}
07-11 04:40:47.959  2676  3100 I AiAiTranslate: C2T - not in a conversation
07-11 04:40:47.960  2171  2171 I ClipboardListener: Clipboard overlay suppressed.
07-11 04:40:47.960  2676  3158 I AiAiTextClassifier: GenerateLinks did not find valid links, returning empty result
07-11 04:40:47.966  2676  3158 I AiAiTextClassifier: GenerateLinks did not find valid links, returning empty result
07-11 04:40:47.969  2171  2171 I ClipboardListener: Clipboard overlay suppressed.
07-11 04:41:00.024  2676  2966 I AiAiEcho: Predicting[0]: 
07-11 04:41:00.025  2676  2966 I AiAiEcho: EchoTargets: 
07-11 04:41:00.025  2676  2966 I AiAiEcho: Filtered by AiAi flag check: 
07-11 04:41:00.026  2676  2966 I AiAiEcho: Ranked targets strategy: SORT, count: 0, ranking metadata: 
07-11 04:41:00.037  2676  2966 I AiAiEcho: #postPredictionTargets: Sending updates to UISurface lockscreen with targets# 0 (types=[])
07-11 04:41:00.062  2171  2171 W PageIndicator: Total number of pages invalid: 0. Assuming 1 page.
07-11 04:41:00.081  2171  2320 D EGL_emulation: app_time_stats: avg=12287.15ms min=12287.15ms max=12287.15ms count=1
