07-11 04:41:07.152  1829  2134 D androidtc: Initializing SystemTextClassifier, type = System
07-11 04:41:07.158  2676  2676 I AiAiTextClassifier: onCreateTextClassificationSession = TextClassificationSessionId {8d486c87-51fb-4cc4-b34f-e724ef5db39e}
07-11 04:41:07.168  2676  3100 I AiAiTranslate: C2T - not in a conversation
07-11 04:41:07.172  2171  2171 I ClipboardListener: Clipboard overlay suppressed.
07-11 04:41:07.209  2676  3158 I AiAiTextClassifier: GenerateLinks did not find valid links, returning empty result
07-11 04:41:07.224  2171  2171 I ClipboardListener: Clipboard overlay suppressed.
07-11 04:41:07.270  2676  3158 I AiAiTextClassifier: GenerateLinks did not find valid links, returning empty result
07-11 04:41:09.855  9737  9879 I PhenotypeProcessReaper: Memory state is: 200
07-11 04:41:22.255  2676  3100 I AiAiTranslate: C2T - not in a conversation
07-11 04:41:22.261  2171  2171 I ClipboardListener: Clipboard overlay suppressed.
07-11 04:41:29.213  1829  1988 D ActivityManager: sync unfroze 10332 com.google.android.apps.messaging for 6
07-11 04:41:29.243  1829  1988 D ActivityManager: sync unfroze 9329 com.google.android.gms for 6
07-11 04:41:29.254  1829  1988 D ActivityManager: sync unfroze 9586 com.google.android.gms.unstable for 6
07-11 04:41:29.254  1829  1988 W ProcessStats: Tracking association SourceState{e18cb3b system/1000 ImpBg #13501} whose proc state 6 is better than process ProcessState{c104113 com.google.android.apps.messaging/10131 pkg=com.google.android.apps.messaging} proc state 14 (5 skipped)
07-11 04:41:29.262  9329  9329 D BoundBrokerSvc: onUnbind: Intent { act=com.google.android.gms.asterism.service.START pkg=com.google.android.gms }
07-11 04:41:29.265  9329  9329 D BoundBrokerSvc: onUnbind: Intent { act=com.google.android.gms.common.BIND_SHARED_PREFS pkg=com.google.android.gms }
07-11 04:41:29.301 10332 12799 D MddListenableWorkerFactory: createWorker for class: com.google.android.libraries.communications.mobileconfiguration.sync.SyncWorker
07-11 04:41:29.324 10332 10332 I SyncHelper: [e303a0c5-d128-45e5-9058-27d11d30c089] sync started, workRequestId:4f88b743-0a3e-4210-b572-6710004b3793
07-11 04:41:29.356 10332 10423 I SyncHelper: [e303a0c5-d128-45e5-9058-27d11d30c089] configValidity: PT4H12M27S, durationSinceLastUpdate: PT4H1M19.517S, batchSyncConfigExpireInterval: PT24H, shouldSync: true
07-11 04:41:29.356 10332 10423 I SyncHelper: [e303a0c5-d128-45e5-9058-27d11d30c089] configValidity: PT26H15M1S, durationSinceLastUpdate: PT4H40M32.113S, batchSyncConfigExpireInterval: PT24H, shouldSync: true
07-11 04:41:29.356 10332 10423 I SyncHelper: [e303a0c5-d128-45e5-9058-27d11d30c089] configValidity: PT4H36S, durationSinceLastUpdate: PT4H1M19.518S, batchSyncConfigExpireInterval: PT24H, shouldSync: true
07-11 04:41:29.359 10332 10423 I SyncHelper: [e303a0c5-d128-45e5-9058-27d11d30c089] configValidity: PT122H38M20S, durationSinceLastUpdate: PT4H40M32.113S, batchSyncConfigExpireInterval: PT24H, shouldSync: false
07-11 04:41:29.363 10332 10423 I RpcManager: [e303a0c5-d128-45e5-9058-27d11d30c089] making getConfiguration request, workRequestId:4f88b743-0a3e-4210-b572-6710004b3793
07-11 04:41:29.579 10332 10654 D TrafficStats: tagSocket(121) with statsTag=0x2100, statsUid=-1
07-11 04:41:29.601 10332 10654 D TrafficStats: tagSocket(122) with statsTag=0x2100, statsUid=-1
07-11 04:41:29.779  1829  2731 W AppOps  : Noting op not finished: uid 10134 pkg com.google.android.gms code 79 startTime of in progress event=1720657909217
07-11 04:41:29.790  1829  2731 W AppOps  : Noting op not finished: uid 10134 pkg com.google.android.gms code 113 startTime of in progress event=1720657836890
07-11 04:41:29.797  1829  1849 W AppOps  : Noting op not finished: uid 10134 pkg com.google.android.gms code 113 startTime of in progress event=1720657836890
07-11 04:41:29.798 10332 10654 I cr_CronetUrlRequestContext: destroyNativeStreamLocked org.chromium.net.impl.CronetBidirectionalStream@d3dee0f
07-11 04:41:29.800 10332 10423 I RpcManager: [e303a0c5-d128-45e5-9058-27d11d30c089] processing getConfiguration response, workRequestId:4f88b743-0a3e-4210-b572-6710004b3793
07-11 04:41:29.806  9303  9411 I ActivityScheduler: nextTriggerTime: 17715118, in 238100ms, detectorType: 39, FULL_TYPE alarmWindowMillis: 80000
07-11 04:41:29.824 10332 12799 I SyncScheduler: scheduling sync for 14561 seconds later, policy = APPEND
07-11 04:41:29.827 10332 12799 I SyncHelper: [e303a0c5-d128-45e5-9058-27d11d30c089] sync succeeded, workRequestId:4f88b743-0a3e-4210-b572-6710004b3793
07-11 04:41:29.834 10332 12799 I WM-WorkerWrapper: Worker result SUCCESS for Work [ id=4f88b743-0a3e-4210-b572-6710004b3793, tags={ com.google.android.libraries.communications.mobileconfiguration.sync.SyncWorker,SYNC,FORCE_SYNC } ]
07-11 04:41:29.836 10332 12799 I WM-WorkerWrapper: Setting status to enqueued for 13d29189-91be-4034-81f2-fa9da7105b9c
07-11 04:41:29.854 10332 10373 I aper    : reclaimMemory: Clearing CloudSyncCache
07-11 04:41:29.855 10332 10373 W Bugle   : TextClassifierLibManagerImpl: Reclaiming memory at level: 40
07-11 04:41:29.914 10332 10654 D TrafficStats: tagSocket(123) with statsTag=0x2100, statsUid=-1
07-11 04:41:36.933  2171  2171 D ZenModeController: Added callback class com.android.systemui.qs.tiles.DndTile$3
07-11 04:41:36.951  2171  2171 D ZenModeController: Removed callback class com.android.systemui.qs.tiles.DndTile$3
07-11 04:41:37.114  2171  2294 I QuickAccessWalletTile: QAW service is unavailable, recreating the wallet client.
07-11 04:41:37.126  2171  2294 D ControlsListingControllerImpl: Subscribing callback, service count: 0
07-11 04:41:37.128  2171  2294 D ControlsListingControllerImpl: Unsubscribing callback
07-11 04:41:38.517  2676  3100 I AiAiTranslate: C2T - not in a conversation
07-11 04:41:38.528  2171  2171 I ClipboardListener: Clipboard overlay suppressed.
07-11 04:41:39.325  1829  1999 D ActivityManager: freezing 9329 com.google.android.gms
07-11 04:41:39.330  1829  1999 D ActivityManager: freezing 9586 com.google.android.gms.unstable
07-11 04:41:39.852  1829  1999 D ActivityManager: freezing 10332 com.google.android.apps.messaging
07-11 04:41:46.125  2707  3164 I BistoHotwordHelper: (REDACTED) getHotwordActive::active query: %s, watch: %s, devices connected: %s
07-11 04:42:00.007  2676  2966 I AiAiEcho: Predicting[0]: 
07-11 04:42:00.007  2676  2966 I AiAiEcho: EchoTargets: 
07-11 04:42:00.007  2676  2966 I AiAiEcho: Filtered by AiAi flag check: 
07-11 04:42:00.007  2676  2966 I AiAiEcho: Ranked targets strategy: SORT, count: 0, ranking metadata: 
07-11 04:42:00.008  2676  2966 I AiAiEcho: #postPredictionTargets: Sending updates to UISurface lockscreen with targets# 0 (types=[])
07-11 04:42:00.028  2171  2171 W PageIndicator: Total number of pages invalid: 0. Assuming 1 page.
07-11 04:42:00.040  2171  2320 D EGL_emulation: app_time_stats: avg=59958.26ms min=59958.26ms max=59958.26ms count=1
07-11 04:42:03.449  1829  2134 D androidtc: Initializing SystemTextClassifier, type = System
07-11 04:42:03.465  2676  2676 I AiAiTextClassifier: onCreateTextClassificationSession = TextClassificationSessionId {b7b5a5d3-dde7-4bb6-9fea-6f7e0182eeed}
07-11 04:42:03.482  2676  3100 I AiAiTranslate: C2T - not in a conversation
07-11 04:42:03.494  2171  2171 I ClipboardListener: Clipboard overlay suppressed.
07-11 04:42:03.520  2676  3158 I AiAiTextClassifier: GenerateLinks did not find valid links, returning empty result
07-11 04:42:03.538  2171  2171 I ClipboardListener: Clipboard overlay suppressed.
07-11 04:42:03.552  2676  3158 I AiAiTextClassifier: GenerateLinks did not find valid links, returning empty result
07-11 04:42:12.888  6693  6693 W TimedProcessReaper: Memory state is: 125
07-11 04:42:12.888  6693  6693 D TimedProcessReaper: Attempted to reap process, but was too important
07-11 04:42:27.794  2171  2320 D EGL_emulation: app_time_stats: avg=27753.82ms min=27753.82ms max=27753.82ms count=1
07-11 04:42:46.125  2707  3163 I BistoHotwordHelper: (REDACTED) getHotwordActive::active query: %s, watch: %s, devices connected: %s
07-11 04:42:49.166  6313  6320 I m.android.phone: Background concurrent mark compact GC freed 3364KB AllocSpace bytes, 0(0B) LOS objects, 49% free, 3476KB/6952KB, paused 35.417ms,61.902ms total 1.365s
07-11 04:42:49.169  6313  6320 W m.android.phone: Reducing the number of considered missed Gc histogram windows from 170 to 100
07-11 04:43:00.034  2676  2966 I AiAiEcho: Predicting[0]: 
07-11 04:43:00.035  2676  2966 I AiAiEcho: EchoTargets: 
07-11 04:43:00.035  2676  2966 I AiAiEcho: Filtered by AiAi flag check: 
07-11 04:43:00.035  2676  2966 I AiAiEcho: Ranked targets strategy: SORT, count: 0, ranking metadata: 
07-11 04:43:00.038  2676  2966 I AiAiEcho: #postPredictionTargets: Sending updates to UISurface lockscreen with targets# 0 (types=[])
07-11 04:43:00.050  2171  2171 W PageIndicator: Total number of pages invalid: 0. Assuming 1 page.
07-11 04:43:00.060  2171  2320 D EGL_emulation: app_time_stats: avg=32265.47ms min=32265.47ms max=32265.47ms count=1
07-11 04:43:04.770  1829  2731 D WifiNl80211Manager: Scan result ready event
07-11 04:43:04.770  1829  2731 D WifiNative: Scan result ready event
07-11 04:43:04.842  1829  2063 I HalDevMgr: bestIfaceCreationProposal is null, requestIface=STA, existingIface=[name=wlan0 type=STA]
07-11 04:43:07.801  2171  2320 D EGL_emulation: app_time_stats: avg=7741.32ms min=7741.32ms max=7741.32ms count=1
07-11 04:43:46.131  2707  3035 I BistoHotwordHelper: (REDACTED) getHotwordActive::active query: %s, watch: %s, devices connected: %s
07-11 04:43:47.819  2171  2320 D EGL_emulation: app_time_stats: avg=40017.51ms min=40017.51ms max=40017.51ms count=1
07-11 04:44:00.019  2676  2966 I AiAiEcho: Predicting[0]: 
07-11 04:44:00.019  2676  2966 I AiAiEcho: EchoTargets: 
07-11 04:44:00.019  2676  2966 I AiAiEcho: Filtered by AiAi flag check: 
07-11 04:44:00.019  2676  2966 I AiAiEcho: Ranked targets strategy: SORT, count: 0, ranking metadata: 
07-11 04:44:00.020  2676  2966 I AiAiEcho: #postPredictionTargets: Sending updates to UISurface lockscreen with targets# 0 (types=[])
07-11 04:44:00.042  2171  2171 W PageIndicator: Total number of pages invalid: 0. Assuming 1 page.
07-11 04:44:00.050  2171  2320 D EGL_emulation: app_time_stats: avg=12230.83ms min=12230.83ms max=12230.83ms count=1
07-11 04:44:02.714  1829  2134 D androidtc: Initializing SystemTextClassifier, type = System
07-11 04:44:02.723  2676  2676 I AiAiTextClassifier: onCreateTextClassificationSession = TextClassificationSessionId {c7df25de-f21e-47d6-a390-88f640c74238}
07-11 04:44:02.723  2171  2171 I ClipboardListener: Clipboard overlay suppressed.
07-11 04:44:02.727  2676  3100 I AiAiTranslate: C2T - not in a conversation
07-11 04:44:02.741  2676  3158 I AiAiTextClassifier: GenerateLinks did not find valid links, returning empty result
07-11 04:44:02.743  2676  3100 W AiAiClearcutLogger: Trying to use Clearcut counters (disabled via policy). [CONTEXT ratelimit_period="1 HOURS" skipped=60 ]
07-11 04:44:02.750  2171  2171 I ClipboardListener: Clipboard overlay suppressed.
07-11 04:44:02.753  2676  3158 I AiAiTextClassifier: GenerateLinks did not find valid links, returning empty result
07-11 04:44:28.472  1829  2134 D androidtc: Initializing SystemTextClassifier, type = System
07-11 04:44:28.474  2676  2676 I AiAiTextClassifier: onCreateTextClassificationSession = TextClassificationSessionId {bc934433-20fb-4142-aa17-8a851121736b}
07-11 04:44:28.479  2676  3100 I AiAiTranslate: C2T - not in a conversation
07-11 04:44:28.487  2676  3158 I AiAiTextClassifier: GenerateLinks did not find valid links, returning empty result
07-11 04:44:28.488  2171  2171 I ClipboardListener: Clipboard overlay suppressed.
07-11 04:44:28.494  2171  2171 I ClipboardListener: Clipboard overlay suppressed.
07-11 04:44:28.496  2676  3158 I AiAiTextClassifier: GenerateLinks did not find valid links, returning empty result
07-11 04:44:46.126  2707  3164 I BistoHotwordHelper: (REDACTED) getHotwordActive::active query: %s, watch: %s, devices connected: %s
