07-11 04:18:00.005  2676  2966 I AiAiEcho: #postPredictionTargets: Sending updates to UISurface lockscreen with targets# 0 (types=[])
07-11 04:18:00.024  2171  2171 W PageIndicator: Total number of pages invalid: 0. Assuming 1 page.
07-11 04:18:00.039  2171  2320 D EGL_emulation: app_time_stats: avg=60001.37ms min=60001.37ms max=60001.37ms count=1
07-11 04:18:07.608  2280  2284 I rkstack.process: Background concurrent mark compact GC freed 2741KB AllocSpace bytes, 0(0B) LOS objects, 49% free, 2816KB/5632KB, paused 434us,5.188ms total 109.920ms
07-11 04:18:27.760  2171  2320 D EGL_emulation: app_time_stats: avg=27719.72ms min=27719.72ms max=27719.72ms count=1
07-11 04:18:46.128  2707  3163 I BistoHotwordHelper: (REDACTED) getHotwordActive::active query: %s, watch: %s, devices connected: %s
07-11 04:18:47.869 12657 12657 E Parcel  : Reading a NULL string not supported here.
07-11 04:18:47.926  1829  2732 I ActivityManager: Force stopping com.example.groupify appid=10197 user=0: from pid 12664
07-11 04:18:47.949  1829  2732 I ActivityManager: Killing 12583:com.example.groupify/u0a197 (adj 0): stop com.example.groupify due to from pid 12664
07-11 04:18:47.952  1829  1852 D DisplayManagerService: Drop pending events for gone uid 10197
07-11 04:18:47.958  1829  2732 W ActivityTaskManager: Force removing ActivityRecord{161744d u0 com.example.groupify/.DeployActivity t21 f}}: app died, no saved state
07-11 04:18:47.962  2171  2229 V WindowManagerShell: Transition requested (#83): android.os.BinderProxy@e032875 TransitionRequestInfo { type = CLOSE, triggerTask = null, pipTask = null, remoteTransition = null, displayChange = null, flags = 0, debugId = 83 }
07-11 04:18:47.963 12657 12657 E IPCThreadState: Binder transaction failure: 1812294/29201/-1
07-11 04:18:47.937 12657 12657 W service : type=1400 audit(0.0:1028): avc:  denied  { call } for  scontext=u:r:shell:s0 tcontext=u:r:hal_authsecret_default:s0 tclass=binder permissive=0
07-11 04:18:47.971  1829  2732 W ActivityTaskManager: Force removing ActivityRecord{e8a669a u0 com.example.groupify/.MainActivity t21 f}}: app died, no saved state
07-11 04:18:47.979  1829  1987 W UsageStatsService: Unexpected activity event reported! (com.example.groupify/com.example.groupify.MainActivity event : 23 instanceId : 231526312)
07-11 04:18:47.965 12657 12657 W service : type=1400 audit(0.0:1029): avc:  denied  { call } for  scontext=u:r:shell:s0 tcontext=u:r:hal_face_default:s0 tclass=binder permissive=0
07-11 04:18:47.995 12657 12657 E IPCThreadState: Binder transaction failure: 1812311/29201/-1
07-11 04:18:48.004   444   444 I BpBinder: onLastStrongRef automatically unlinking death recipients: 
07-11 04:18:47.993 12657 12657 W service : type=1400 audit(0.0:1030): avc:  denied  { call } for  scontext=u:r:shell:s0 tcontext=u:r:hal_fingerprint_default:s0 tclass=binder permissive=0
07-11 04:18:48.035 12657 12657 E IPCThreadState: Binder transaction failure: 1812358/29201/-1
07-11 04:18:48.041 12657 12657 W service : type=1400 audit(0.0:1031): avc:  denied  { call } for  scontext=u:r:shell:s0 tcontext=u:r:hal_bluetooth_default:s0 tclass=binder permissive=0
07-11 04:18:48.076 12657 12657 E IPCThreadState: Binder transaction failure: 1812381/29201/-1
07-11 04:18:48.081 12657 12657 W service : type=1400 audit(0.0:1032): avc:  denied  { call } for  scontext=u:r:shell:s0 tcontext=u:r:hal_audio_default:s0 tclass=binder permissive=0
07-11 04:18:48.103 12657 12657 E IPCThreadState: Binder transaction failure: 1812391/29201/-1
07-11 04:18:48.106 12657 12657 E IPCThreadState: Binder transaction failure: 1812401/29201/-1
07-11 04:18:48.109 12657 12657 E IPCThreadState: Binder transaction failure: 1812405/29201/-1
07-11 04:18:48.117  1829  2750 I WindowManager: WIN DEATH: Window{65e0849 u0 com.example.groupify/com.example.groupify.DeployActivity}
07-11 04:18:48.120 12657 12657 E IPCThreadState: Binder transaction failure: 1812416/29201/-1
07-11 04:18:48.122  1829  2750 W InputManager-JNI: Input channel object '65e0849 com.example.groupify/com.example.groupify.DeployActivity (client)' was disposed without first being removed with the input manager!
07-11 04:18:48.125  1829  2750 I WindowManager: WIN DEATH: Window{e6b7f0 u0 com.example.groupify/com.example.groupify.MainActivity}
07-11 04:18:48.133  1829  3719 I ImeTracker: com.example.groupify:d584078c: onRequestHide at ORIGIN_SERVER reason HIDE_REMOVE_CLIENT fromUser false
07-11 04:18:48.134  1829  3719 I ImeTracker: com.example.groupify:d584078c: onCancelled at PHASE_SERVER_SHOULD_HIDE
07-11 04:18:48.105 12657 12657 W service : type=1400 audit(0.0:1033): avc:  denied  { call } for  scontext=u:r:shell:s0 tcontext=u:r:hal_camera_default:s0 tclass=binder permissive=0
07-11 04:18:48.141  1829  1852 W Looper  : Slow dispatch took 138ms android.ui h=com.android.server.am.ActivityManagerService$UiHandler c=com.android.server.am.UidObserverController$$ExternalSyntheticLambda0@6e8273 m=0
07-11 04:18:48.142  1829  2750 W InputManager-JNI: Input channel object 'e6b7f0 com.example.groupify/com.example.groupify.MainActivity (client)' was disposed without first being removed with the input manager!
07-11 04:18:48.158 12657 12657 E IPCThreadState: Binder transaction failure: 1812438/29201/-1
07-11 04:18:48.105 12657 12657 W service : type=1400 audit(0.0:1034): avc:  denied  { call } for  scontext=u:r:shell:s0 tcontext=u:r:hal_camera_default:s0 tclass=binder permissive=0
07-11 04:18:48.168  1829  1896 I libprocessgroup: Removed cgroup /sys/fs/cgroup/uid_10197/pid_12583
07-11 04:18:48.170 12657 12657 E IPCThreadState: Binder transaction failure: 1812446/29201/-1
07-11 04:18:48.171  1747  1747 I Zygote  : Process 12583 exited due to signal 9 (Killed)
07-11 04:18:48.172 12657 12657 E IPCThreadState: Binder transaction failure: 1812454/29201/-1
07-11 04:18:48.105 12657 12657 W service : type=1400 audit(0.0:1035): avc:  denied  { call } for  scontext=u:r:shell:s0 tcontext=u:r:hal_contexthub_default:s0 tclass=binder permissive=0
07-11 04:18:48.177 12657 12657 E IPCThreadState: Binder transaction failure: 1812460/29201/-1
07-11 04:18:48.179 12657 12657 E IPCThreadState: Binder transaction failure: 1812465/29201/-1
07-11 04:18:48.179  2471  2471 D VRI[NexusLauncherActivity]: visibilityChanged oldVisibility=false newVisibility=true
07-11 04:18:48.193  2471  2471 D StatsLog: LAUNCHER_ONRESUME
07-11 04:18:48.205  2471  2471 D NexusLauncherModelDelegate: notifySmartspaceEvent: SmartspaceTargetEvent{mSmartspaceTarget=null, mSmartspaceActionId='null', mEventType=6}
07-11 04:18:48.209 12657 12657 E IPCThreadState: Binder transaction failure: 1812500/29201/-1
07-11 04:18:48.209  2471  2471 D BaseDepthController: mSurface is null and mCurrentBlur is: 23
07-11 04:18:48.212  6313  6313 D CarrierSvcBindHelper: onHandleForceStop: [com.example.groupify]
07-11 04:18:48.213 12657 12657 E IPCThreadState: Binder transaction failure: 1812507/29201/-1
07-11 04:18:48.214  1829  2733 W AppSearchIcing: icing-search-engine.cc:321: Error: 5, Message: Document (com.google.android.googlequicksearchbox$OneSearchZeroStateGoogleSuggestions/default, zp) not found.
07-11 04:18:48.217 12657 12657 E IPCThreadState: Binder transaction failure: 1812512/29201/-1
07-11 04:18:48.222 12657 12657 E IPCThreadState: Binder transaction failure: 1812518/29201/-1
07-11 04:18:48.226 12657 12657 E IPCThreadState: Binder transaction failure: 1812529/29201/-1
07-11 04:18:48.230  2471  3432 D OneSearchSuggestProvider: AppSearch 0-state cache not available, fallback to AGA
07-11 04:18:48.230  2471  3432 D OneSearchSuggestProvider: java.util.concurrent.CompletionException: java.util.NoSuchElementException: No value present
07-11 04:18:48.230  2471  3432 D OneSearchSuggestProvider: 	at java.util.concurrent.CompletableFuture.encodeThrowable(CompletableFuture.java:308)
07-11 04:18:48.230  2471  3432 D OneSearchSuggestProvider: 	at java.util.concurrent.CompletableFuture.completeThrowable(CompletableFuture.java:323)
07-11 04:18:48.230  2471  3432 D OneSearchSuggestProvider: 	at java.util.concurrent.CompletableFuture$UniAccept.tryFire(CompletableFuture.java:684)
07-11 04:18:48.230  2471  3432 D OneSearchSuggestProvider: 	at java.util.concurrent.CompletableFuture.postComplete(CompletableFuture.java:486)
07-11 04:18:48.230  2471  3432 D OneSearchSuggestProvider: 	at java.util.concurrent.CompletableFuture.completeExceptionally(CompletableFuture.java:2138)
07-11 04:18:48.230  2471  3432 D OneSearchSuggestProvider: 	at com.google.android.apps.nexuslauncher.allapps.E0.onResult(go/retraceme 05e190df00f0129e2bd02c0e2aff99ee6ff4666e2ce6e56932995ada99683fb1:67)
07-11 04:18:48.230  2471  3432 D OneSearchSuggestProvider: 	at android.app.appsearch.SearchSessionUtil$1.lambda$onResult$0(go/retraceme 6cc8952197316027b791c07531471090239b81e3289ecce6138dd4e6138891aa:144)
07-11 04:18:48.230  2471  3432 D OneSearchSuggestProvider: 	at android.app.appsearch.SearchSessionUtil$1.$r8$lambda$CEk3q8sDAQVhU3rQwVueB8FAj_M(go/retraceme 6cc8952197316027b791c07531471090239b81e3289ecce6138dd4e6138891aa:1)
07-11 04:18:48.230  2471  3432 D OneSearchSuggestProvider: 	at android.app.appsearch.SearchSessionUtil$1$$ExternalSyntheticLambda0.run(go/retraceme 6cc8952197316027b791c07531471090239b81e3289ecce6138dd4e6138891aa:22)
07-11 04:18:48.230  2471  3432 D OneSearchSuggestProvider: 	at android.os.Handler.handleCallback(Handler.java:959)
07-11 04:18:48.230  2471  3432 D OneSearchSuggestProvider: 	at android.os.Handler.dispatchMessage(Handler.java:100)
07-11 04:18:48.230  2471  3432 D OneSearchSuggestProvider: 	at android.os.Looper.loopOnce(Looper.java:232)
07-11 04:18:48.230  2471  3432 D OneSearchSuggestProvider: 	at android.os.Looper.loop(Looper.java:317)
07-11 04:18:48.230  2471  3432 D OneSearchSuggestProvider: 	at android.os.HandlerThread.run(HandlerThread.java:85)
07-11 04:18:48.230  2471  3432 D OneSearchSuggestProvider: Caused by: java.util.NoSuchElementException: No value present
07-11 04:18:48.230  2471  3432 D OneSearchSuggestProvider: 	at java.util.Optional.get(Optional.java:143)
07-11 04:18:48.230  2471  3432 D OneSearchSuggestProvider: 	at com.google.android.apps.nexuslauncher.allapps.E0.onResult(go/retraceme 05e190df00f0129e2bd02c0e2aff99ee6ff4666e2ce6e56932995ada99683fb1:28)
07-11 04:18:48.230  2471  3432 D OneSearchSuggestProvider: 	... 8 more
07-11 04:18:48.233 12657 12657 E IPCThreadState: Binder transaction failure: 1812538/29201/-1
07-11 04:18:48.240  1829  3716 V ActivityManager: Got obituary of 12583:com.example.groupify
07-11 04:18:48.241  1829  1854 W ActivityManager: setHasOverlayUi called on unknown pid: 12583
07-11 04:18:48.242  6313  6313 D CarrierSvcBindHelper: No carrier app for: 0
07-11 04:18:48.250 12657 12657 E IPCThreadState: Binder transaction failure: 1812551/29201/-1
07-11 04:18:48.253 12657 12657 E IPCThreadState: Binder transaction failure: 1812556/29201/-1
07-11 04:18:48.261  2471  3432 D OneSearchSuggestProvider: Created the binder channel successfully for end point service =com.google.android.apps.search.googleapp.search.suggest.plugins.onesearch.server.OneSearchSuggestService , mChannel=i1{delegate=f{logId=81, target=directaddress:///AndroidComponentAddress%5BIntent%20%7B%20act=grpc.io.action.BIND%20cmp=com.google.android.googlequicksearchbox/com.google.android.apps.search.googleapp.search.suggest.plugins.onesearch.server.OneSearchSuggestService%20%7D%5D}} , mOneSearchConnection=k2.Z@eab0356
07-11 04:18:48.262 12657 12657 E IPCThreadState: Binder transaction failure: 1812561/29201/-1
07-11 04:18:48.266 12657 12657 E IPCThreadState: Binder transaction failure: 1812565/29201/-1
07-11 04:18:48.274 12657 12657 E IPCThreadState: Binder transaction failure: 1812572/29201/-1
07-11 04:18:48.281 12657 12657 E IPCThreadState: Binder transaction failure: 1812578/29201/-1
07-11 04:18:48.305  2471  2511 D QuickstepModelDelegate: notifyAppTargetEvent action=1 launchLocation=
07-11 04:18:48.341  2471  2471 D BaseDepthController: setSurface:
07-11 04:18:48.341  2471  2471 D BaseDepthController: 	mWaitingOnSurfaceValidity: false
07-11 04:18:48.341  2471  2471 D BaseDepthController: 	mSurface: Surface(name=com.google.android.apps.nexuslauncher/com.google.android.apps.nexuslauncher.NexusLauncherActivity)/@0x4033ae7
07-11 04:18:48.342  2676  2966 I AiAiEcho: Predicting[0]: 
07-11 04:18:48.342  2676  2966 I AiAiEcho: EchoTargets: 
07-11 04:18:48.342  2676  2966 I AiAiEcho: Filtered by AiAi flag check: 
07-11 04:18:48.343  2676  2966 I AiAiEcho: Ranked targets strategy: SORT, count: 0, ranking metadata: 
07-11 04:18:48.353  2676  2966 I AiAiEcho: #postPredictionTargets: Sending updates to UISurface home with targets# 0 (types=[])
07-11 04:18:48.358  9628  9628 I A       : (REDACTED) Created gRPC endpoint for service %s
07-11 04:18:48.398  1829  1855 E IPCThreadState: Binder transaction failure: 1812692/29189/-22
07-11 04:18:48.399  1829  1855 W ActivityManager: pid 1829 system sent binder code 3 with flags 1 to frozen apps and got error -32
07-11 04:18:48.401 12657 12657 E IPCThreadState: Binder transaction failure: 1812691/29201/-1
07-11 04:18:48.412  1829  1855 W WindowManager: Failed to deliver inset control state change to w=Window{65e0849 u0 com.example.groupify/com.example.groupify.DeployActivity EXITING}
07-11 04:18:48.412  1829  1855 W WindowManager: android.os.DeadObjectException
07-11 04:18:48.412  1829  1855 W WindowManager: 	at android.os.BinderProxy.transactNative(Native Method)
07-11 04:18:48.412  1829  1855 W WindowManager: 	at android.os.BinderProxy.transact(BinderProxy.java:586)
07-11 04:18:48.412  1829  1855 W WindowManager: 	at android.view.IWindow$Stub$Proxy.insetsControlChanged(IWindow.java:486)
07-11 04:18:48.412  1829  1855 W WindowManager: 	at com.android.server.wm.WindowState.notifyInsetsControlChanged(WindowState.java:3817)
07-11 04:18:48.412  1829  1855 W WindowManager: 	at com.android.server.wm.InsetsStateController.lambda$notifyPendingInsetsControlChanged$3(InsetsStateController.java:375)
07-11 04:18:48.412  1829  1855 W WindowManager: 	at com.android.server.wm.InsetsStateController.$r8$lambda$MnP7XA1MDcyrUwoj0hcoT5hTO8E(InsetsStateController.java:0)
07-11 04:18:48.412  1829  1855 W WindowManager: 	at com.android.server.wm.InsetsStateController$$ExternalSyntheticLambda0.run(R8$$SyntheticClass:0)
07-11 04:18:48.412  1829  1855 W WindowManager: 	at com.android.server.wm.WindowAnimator.executeAfterPrepareSurfacesRunnables(WindowAnimator.java:316)
07-11 04:18:48.412  1829  1855 W WindowManager: 	at com.android.server.wm.WindowAnimator.animate(WindowAnimator.java:209)
07-11 04:18:48.412  1829  1855 W WindowManager: 	at com.android.server.wm.WindowAnimator.lambda$new$1(WindowAnimator.java:99)
07-11 04:18:48.412  1829  1855 W WindowManager: 	at com.android.server.wm.WindowAnimator.$r8$lambda$AS_wbK9i-bc6ocCFop7s9PnXP80(WindowAnimator.java:0)
07-11 04:18:48.412  1829  1855 W WindowManager: 	at com.android.server.wm.WindowAnimator$$ExternalSyntheticLambda1.doFrame(R8$$SyntheticClass:0)
07-11 04:18:48.412  1829  1855 W WindowManager: 	at android.view.Choreographer$CallbackRecord.run(Choreographer.java:1404)
07-11 04:18:48.412  1829  1855 W WindowManager: 	at android.view.Choreographer$CallbackRecord.run(Choreographer.java:1415)
07-11 04:18:48.412  1829  1855 W WindowManager: 	at android.view.Choreographer.doCallbacks(Choreographer.java:1015)
07-11 04:18:48.412  1829  1855 W WindowManager: 	at android.view.Choreographer.doFrame(Choreographer.java:941)
07-11 04:18:48.412  1829  1855 W WindowManager: 	at android.view.Choreographer$FrameDisplayEventReceiver.run(Choreographer.java:1389)
07-11 04:18:48.412  1829  1855 W WindowManager: 	at android.os.Handler.handleCallback(Handler.java:959)
07-11 04:18:48.412  1829  1855 W WindowManager: 	at android.os.Handler.dispatchMessage(Handler.java:100)
07-11 04:18:48.412  1829  1855 W WindowManager: 	at android.os.Looper.loopOnce(Looper.java:232)
07-11 04:18:48.412  1829  1855 W WindowManager: 	at android.os.Looper.loop(Looper.java:317)
07-11 04:18:48.412  1829  1855 W WindowManager: 	at android.os.HandlerThread.run(HandlerThread.java:85)
07-11 04:18:48.412  1829  1855 W WindowManager: 	at com.android.server.ServiceThread.run(ServiceThread.java:46)
07-11 04:18:48.438 12657 12657 E IPCThreadState: Binder transaction failure: 1812719/29201/-1
07-11 04:18:48.444 12657 12657 E IPCThreadState: Binder transaction failure: 1812724/29201/-1
07-11 04:18:48.449 12657 12657 E IPCThreadState: Binder transaction failure: 1812729/29201/-1
07-11 04:18:48.457 12657 12657 E IPCThreadState: Binder transaction failure: 1812735/29201/-1
07-11 04:18:48.464 12657 12657 E IPCThreadState: Binder transaction failure: 1812745/29201/-1
07-11 04:18:48.513 12657 12657 E IPCThreadState: Binder transaction failure: 1812798/29201/-1
07-11 04:18:48.515 12657 12657 E IPCThreadState: Binder transaction failure: 1812802/29201/-1
07-11 04:18:48.519 12657 12657 E Parcel  : Reading a NULL string not supported here.
07-11 04:18:48.597 12657 12657 E Parcel  : Reading a NULL string not supported here.
07-11 04:18:48.599  1829  1829 W Looper  : Slow dispatch took 500ms main h=android.app.ActivityThread$H c=android.app.LoadedApk$ReceiverDispatcher$Args$$ExternalSyntheticLambda0@6eb26ba m=0
07-11 04:18:48.605  1829  1829 W Looper  : Slow delivery took 503ms main h=com.android.server.notification.NotificationManagerService$WorkerHandler c=com.android.server.notification.NotificationManagerService$16@5c8596b m=0
07-11 04:18:48.609 12657 12657 E Parcel  : Reading a NULL string not supported here.
07-11 04:18:48.629 12657 12657 E Parcel  : Reading a NULL string not supported here.
07-11 04:18:48.653  1829  1829 W Looper  : Drained
07-11 04:18:48.690 12657 12657 E Parcel  : Reading a NULL string not supported here.
07-11 04:18:48.696 12657 12657 E Parcel  : Reading a NULL string not supported here.
07-11 04:18:48.698 12657 12657 E Parcel  : Reading a NULL string not supported here.
07-11 04:18:48.705 12657 12657 E Parcel  : Reading a NULL string not supported here.
07-11 04:18:48.705 12657 12657 E Parcel  : Reading a NULL string not supported here.
07-11 04:18:48.737 12657 12657 E Parcel  : Reading a NULL string not supported here.
07-11 04:18:48.769 12657 12657 E Parcel  : Reading a NULL string not supported here.
07-11 04:18:48.852  1829  1829 W Looper  : Slow dispatch took 199ms main h=android.app.ActivityThread$H c=android.app.LoadedApk$ServiceDispatcher$RunConnection@54edcc8 m=0
07-11 04:18:48.864 12657 12657 E Parcel  : Reading a NULL string not supported here.
07-11 04:18:48.873 12657 12657 E Parcel  : Reading a NULL string not supported here.
07-11 04:18:48.967 12657 12657 E Parcel  : Reading a NULL string not supported here.
07-11 04:18:49.058 12657 12657 E Parcel  : Reading a NULL string not supported here.
07-11 04:18:49.101  2471  2471 D SsBaseTemplateCard: No text view can be set up
07-11 04:18:49.105  2471  2471 D SsBaseTemplateCard: Passed-in item info is null
07-11 04:18:49.108  2471  2471 D SsBaseTemplateCard: Passed-in item info is null
07-11 04:18:49.109  2471  2471 D SsBaseTemplateCard: Passed-in item info is null
07-11 04:18:49.110  2471  2471 I SsBaseTemplateCard: Secondary card pane is null
07-11 04:18:49.118  2471  3382 I HWUI    : Davey! duration=898ms; Flags=1, FrameTimelineVsyncId=77425, IntendedVsync=16115413242850, Vsync=16115413242850, InputEventId=0, HandleInputStart=16115417865340, AnimationStart=16115417893740, PerformTraversalsStart=16115418185140, DrawStart=16115650466140, FrameDeadline=16115429909516, FrameInterval=16115417846640, FrameStartTime=16666666, SyncQueued=16115664997940, SyncStart=16115670680340, IssueDrawCommandsStart=16116162177140, SwapBuffers=16116293963740, FrameCompleted=16116316953740, DequeueBufferDuration=123700, QueueBufferDuration=1065700, GpuCompleted=16116316953740, SwapBuffersCompleted=16116303151240, DisplayPresentTime=0, CommandSubmissionCompleted=16116293963740, 
07-11 04:18:49.144  2171  7835 V WindowManagerShell: onTransitionReady(transaction=7855495186783)
07-11 04:18:49.169  2171  2229 V WindowManagerShell: onTransitionReady (#83) android.os.BinderProxy@e032875: {id=83 t=CLOSE f=0x0 trk=0 r=[0@Point(0, 0)] c=[{WCT{android.window.IWindowContainerToken$Stub$Proxy@6122d6} m=TO_FRONT f=SHOW_WALLPAPER|MOVE_TO_TOP leash=Surface(name=Task=1)/@0xd2a100a sb=Rect(0, 0 - 1080, 2400) eb=Rect(0, 0 - 1080, 2400) d=0 taskParent=-1},{WCT{android.window.IWindowContainerToken$Stub$Proxy@97d3957} m=TO_BACK f=NONE leash=Surface(name=Task=21)/@0xd88107b sb=Rect(0, 0 - 1080, 2400) eb=Rect(0, 0 - 1080, 2400) d=0 taskParent=-1},{null m=TO_FRONT f=IS_WALLPAPER leash=Surface(name=WallpaperWindowToken{145007e token=android.os.Binder@3328239})/@0x216ae98 sb=Rect(0, 0 - 1080, 2400) eb=Rect(0, 0 - 1080, 2400) d=0}]}
07-11 04:18:49.169  2171  2229 V WindowManagerShell: Playing animation for (#83) android.os.BinderProxy@e032875@0
07-11 04:18:49.170  2171  2229 V WindowManagerShell:  try handler com.android.wm.shell.transition.DefaultMixedHandler@7d7232b
07-11 04:18:49.170  2171  2229 V WindowManagerShell:  try handler com.android.wm.shell.keyguard.KeyguardTransitionHandler@1934388
07-11 04:18:49.170  2171  2229 V WindowManagerShell:  try handler com.android.wm.shell.pip.PipTransition@d776121
07-11 04:18:49.171  2171  2229 V WindowManagerShell:  try handler com.android.wm.shell.activityembedding.ActivityEmbeddingController@bf29946
07-11 04:18:49.171  2171  2229 V WindowManagerShell:  try handler com.android.wm.shell.recents.RecentsTransitionHandler@322c707
07-11 04:18:49.171  2171  2229 V ShellRecents: RecentsTransitionHandler.startAnimation: no controller found
07-11 04:18:49.171  2171  2229 V WindowManagerShell:  try handler com.android.wm.shell.splitscreen.StageCoordinator@4dd1034
07-11 04:18:49.171  2171  2229 V WindowManagerShell:  try handler com.android.wm.shell.transition.RemoteTransitionHandler@947ee5d
07-11 04:18:49.172  2171  2229 V WindowManagerShell: Transition doesn't have explicit remote, search filters for match for {id=83 t=CLOSE f=0x0 trk=0 r=[0@Point(0, 0)] c=[{WCT{android.window.IWindowContainerToken$Stub$Proxy@6122d6} m=TO_FRONT f=SHOW_WALLPAPER|MOVE_TO_TOP leash=Surface(name=Task=1)/@0xd2a100a sb=Rect(0, 0 - 1080, 2400) eb=Rect(0, 0 - 1080, 2400) d=0 taskParent=-1},{WCT{android.window.IWindowContainerToken$Stub$Proxy@97d3957} m=TO_BACK f=NONE leash=Surface(name=Task=21)/@0xd88107b sb=Rect(0, 0 - 1080, 2400) eb=Rect(0, 0 - 1080, 2400) d=0 taskParent=-1},{null m=TO_FRONT f=IS_WALLPAPER leash=Surface(name=WallpaperWindowToken{145007e token=android.os.Binder@3328239})/@0x216ae98 sb=Rect(0, 0 - 1080, 2400) eb=Rect(0, 0 - 1080, 2400) d=0}]}
07-11 04:18:49.172  2171  2229 V WindowManagerShell:  Checking filter Pair{{types=[] flags=0x0] notFlags=0x0 checks=[{atype=undefined independent=true modes=[OPEN,TO_FRONT] flags=IN_TASK_WITH_EMBEDDED_ACTIVITY mustBeTask=false order=ANY topActivity=ComponentInfo{com.google.android.apps.nexuslauncher/com.google.android.apps.nexuslauncher.NexusLauncherActivity} launchCookie=null},{atype=undefined independent=true modes=[CLOSE,TO_BACK] flags=IN_TASK_WITH_EMBEDDED_ACTIVITY mustBeTask=false order=ANY topActivity=null launchCookie=null}]} RemoteTransition { remoteTransition = android.window.IRemoteTransition$Stub$Proxy@e6ec5a9, appThread = android.app.IApplicationThread$Stub$Proxy@f19d72e, debugName = OverlaySwipeBack }}
07-11 04:18:49.173  2171  2229 V WindowManagerShell:  Checking filter Pair{{types=[] flags=0x0] notFlags=0x0 checks=[{atype=dream independent=true modes=[OPEN,TO_FRONT] flags=NONE mustBeTask=false order=ANY topActivity=null launchCookie=null},{atype=home independent=true modes=[CLOSE,TO_BACK] flags=NONE mustBeTask=false order=ANY topActivity=null launchCookie=null}]} RemoteTransition { remoteTransition = android.window.IRemoteTransition$Stub$Proxy@924d2cf, appThread = android.app.IApplicationThread$Stub$Proxy@803045c, debugName = LauncherToDream }}
07-11 04:18:49.173  2171  2229 V WindowManagerShell:  Checking filter Pair{{types=[] flags=0x0] notFlags=0x100 checks=[{atype=home independent=true modes=[OPEN,TO_FRONT] flags=NONE mustBeTask=false order=TOP topActivity=ComponentInfo{com.google.android.apps.nexuslauncher/com.google.android.apps.nexuslauncher.NexusLauncherActivity} launchCookie=null},{atype=standard independent=true modes=[CLOSE,TO_BACK] flags=NONE mustBeTask=false order=ANY topActivity=null launchCookie=null}]} RemoteTransition { remoteTransition = android.window.IRemoteTransition$Stub$Proxy@fc51365, appThread = android.app.IApplicationThread$Stub$Proxy@7f0383a, debugName = QuickstepLaunchHome }}
07-11 04:18:49.174  2171  2229 D RemoteTransitionHandler: Found filterPair{{types=[] flags=0x0] notFlags=0x100 checks=[{atype=home independent=true modes=[OPEN,TO_FRONT] flags=NONE mustBeTask=false order=TOP topActivity=ComponentInfo{com.google.android.apps.nexuslauncher/com.google.android.apps.nexuslauncher.NexusLauncherActivity} launchCookie=null},{atype=standard independent=true modes=[CLOSE,TO_BACK] flags=NONE mustBeTask=false order=ANY topActivity=null launchCookie=null}]} RemoteTransition { remoteTransition = android.window.IRemoteTransition$Stub$Proxy@fc51365, appThread = android.app.IApplicationThread$Stub$Proxy@7f0383a, debugName = QuickstepLaunchHome }}
07-11 04:18:49.174  2171  2229 V WindowManagerShell:  Delegate animation for (#83) to RemoteTransition { remoteTransition = android.window.IRemoteTransition$Stub$Proxy@fc51365, appThread = android.app.IApplicationThread$Stub$Proxy@7f0383a, debugName = QuickstepLaunchHome }
07-11 04:18:49.202 12657 12657 E Parcel  : Reading a NULL string not supported here.
07-11 04:18:49.213  1829  1851 V WindowManager: Sent Transition (#83) createdAt=07-11 04:18:47.959 via request=TransitionRequestInfo { type = CLOSE, triggerTask = null, pipTask = null, remoteTransition = null, displayChange = null, flags = 0, debugId = 83 }
07-11 04:18:49.214  1829  1851 V WindowManager:     startWCT=WindowContainerTransaction { changes = {} hops = [] errorCallbackToken=null taskFragmentOrganizer=null }
07-11 04:18:49.219  1829  1851 V WindowManager:     info={id=83 t=CLOSE f=0x0 trk=0 r=[0@Point(0, 0)] c=[
07-11 04:18:49.219  1829  1851 V WindowManager:         {WCT{RemoteToken{42513ae Task{7795430 #1 type=home}}} m=TO_FRONT f=SHOW_WALLPAPER|MOVE_TO_TOP leash=Surface(name=Task=1)/@0x8c68846 sb=Rect(0, 0 - 1080, 2400) eb=Rect(0, 0 - 1080, 2400) d=0 taskParent=-1},
07-11 04:18:49.219  1829  1851 V WindowManager:         {WCT{RemoteToken{7a772d8 Task{14ccbcb #21 type=standard A=10197:com.example.groupify}}} m=TO_BACK f=NONE leash=Surface(name=Task=21)/@0x219aa4a sb=Rect(0, 0 - 1080, 2400) eb=Rect(0, 0 - 1080, 2400) d=0 taskParent=-1},
07-11 04:18:49.219  1829  1851 V WindowManager:         {null m=TO_FRONT f=IS_WALLPAPER leash=Surface(name=WallpaperWindowToken{145007e token=android.os.Binder@3328239})/@0x9348b81 sb=Rect(0, 0 - 1080, 2400) eb=Rect(0, 0 - 1080, 2400) d=0}
07-11 04:18:49.219  1829  1851 V WindowManager:     ]}
07-11 04:18:49.235  2171  2229 V WindowManagerShell:  animated by com.android.wm.shell.transition.RemoteTransitionHandler@947ee5d
07-11 04:18:49.285  2471  2871 D EGL_emulation: app_time_stats: avg=52061.56ms min=20.39ms max=260185.77ms count=5
07-11 04:18:49.357  1829  2750 W UserManagerService: Requested status bar icon for non-badged user 0
07-11 04:18:49.405  1829  2020 I ImeTracker: com.google.android.apps.nexuslauncher:e58961d7: onRequestHide at ORIGIN_SERVER reason HIDE_UNSPECIFIED_WINDOW fromUser false
07-11 04:18:49.405 12657 12657 E Parcel  : Reading a NULL string not supported here.
07-11 04:18:49.405  1829  2020 I ImeTracker: com.google.android.apps.nexuslauncher:e58961d7: onCancelled at PHASE_SERVER_SHOULD_HIDE
07-11 04:18:49.448  2171  2320 D EGL_emulation: app_time_stats: avg=21687.61ms min=21687.61ms max=21687.61ms count=1
07-11 04:18:49.459   412   412 I RanchuHwc: logCompositionFallbackIfChanged: layer 121 CompositionType fallback from 2 to 1
07-11 04:18:49.465  9737  9737 I GoogleInputMethodService: GoogleInputMethodService.onFinishInput():3126 
07-11 04:18:49.474  9737  9737 I GoogleInputMethodService: GoogleInputMethodService.updateDeviceLockedStatus():2216 repeatCheckTimes = 0, locked = false
07-11 04:18:49.481  9737  9737 I GoogleInputMethodService: GoogleInputMethodService.onStartInput():1954 onStartInput(EditorInfo{EditorInfo{packageName=com.google.android.apps.nexuslauncher, inputType=0, inputTypeString=NULL, enableLearning=false, autoCorrection=false, autoComplete=false, imeOptions=0, privateImeOptions=null, actionName=UNSPECIFIED, actionLabel=null, initialSelStart=-1, initialSelEnd=-1, initialCapsMode=0, label=null, fieldId=0, fieldName=null, extras=null, hintText=null, hintLocales=[]}}, false)
07-11 04:18:49.485  9737  9737 I GoogleInputMethodService: GoogleInputMethodService.updateDeviceLockedStatus():2216 repeatCheckTimes = 1, locked = false
07-11 04:18:49.493  9737  9737 I AndroidIME: InputBundleManager.loadActiveInputBundleId():450 loadActiveInputBundleId: und-Latn-x-password, password
07-11 04:18:49.511  1829  3520 W PackageConfigPersister: App-specific configuration not found for packageName: com.google.android.apps.nexuslauncher and userId: 0
07-11 04:18:49.561  1829  1855 W ActivityManager: pid 1829 system sent binder code 3 with flags 1 to frozen apps and got error -32
07-11 04:18:49.562  1829  1855 D ActivityManager: Too many transaction errors, throttling freezer binder callback.
07-11 04:18:49.562  1829  1855 W WindowManager: Failed to deliver inset control state change to w=Window{65e0849 u0 com.example.groupify/com.example.groupify.DeployActivity EXITING}
07-11 04:18:49.562  1829  1855 W WindowManager: android.os.DeadObjectException
07-11 04:18:49.562  1829  1855 W WindowManager: 	at android.os.BinderProxy.transactNative(Native Method)
07-11 04:18:49.562  1829  1855 W WindowManager: 	at android.os.BinderProxy.transact(BinderProxy.java:586)
07-11 04:18:49.562  1829  1855 W WindowManager: 	at android.view.IWindow$Stub$Proxy.insetsControlChanged(IWindow.java:486)
07-11 04:18:49.562  1829  1855 W WindowManager: 	at com.android.server.wm.WindowState.notifyInsetsControlChanged(WindowState.java:3817)
07-11 04:18:49.562  1829  1855 W WindowManager: 	at com.android.server.wm.InsetsStateController.lambda$notifyPendingInsetsControlChanged$3(InsetsStateController.java:375)
07-11 04:18:49.562  1829  1855 W WindowManager: 	at com.android.server.wm.InsetsStateController.$r8$lambda$MnP7XA1MDcyrUwoj0hcoT5hTO8E(InsetsStateController.java:0)
07-11 04:18:49.562  1829  1855 W WindowManager: 	at com.android.server.wm.InsetsStateController$$ExternalSyntheticLambda0.run(R8$$SyntheticClass:0)
07-11 04:18:49.562  1829  1855 W WindowManager: 	at com.android.server.wm.WindowAnimator.executeAfterPrepareSurfacesRunnables(WindowAnimator.java:316)
07-11 04:18:49.562  1829  1855 W WindowManager: 	at com.android.server.wm.WindowAnimator.animate(WindowAnimator.java:209)
07-11 04:18:49.562  1829  1855 W WindowManager: 	at com.android.server.wm.WindowAnimator.lambda$new$1(WindowAnimator.java:99)
07-11 04:18:49.562  1829  1855 W WindowManager: 	at com.android.server.wm.WindowAnimator.$r8$lambda$AS_wbK9i-bc6ocCFop7s9PnXP80(WindowAnimator.java:0)
07-11 04:18:49.562  1829  1855 W WindowManager: 	at com.android.server.wm.WindowAnimator$$ExternalSyntheticLambda1.doFrame(R8$$SyntheticClass:0)
07-11 04:18:49.562  1829  1855 W WindowManager: 	at android.view.Choreographer$CallbackRecord.run(Choreographer.java:1404)
07-11 04:18:49.562  1829  1855 W WindowManager: 	at android.view.Choreographer$CallbackRecord.run(Choreographer.java:1415)
07-11 04:18:49.562  1829  1855 W WindowManager: 	at android.view.Choreographer.doCallbacks(Choreographer.java:1015)
07-11 04:18:49.562  1829  1855 W WindowManager: 	at android.view.Choreographer.doFrame(Choreographer.java:941)
07-11 04:18:49.562  1829  1855 W WindowManager: 	at android.view.Choreographer$FrameDisplayEventReceiver.run(Choreographer.java:1389)
07-11 04:18:49.562  1829  1855 W WindowManager: 	at android.os.Handler.handleCallback(Handler.java:959)
07-11 04:18:49.562  1829  1855 W WindowManager: 	at android.os.Handler.dispatchMessage(Handler.java:100)
07-11 04:18:49.562  1829  1855 W WindowManager: 	at android.os.Looper.loopOnce(Looper.java:232)
07-11 04:18:49.562  1829  1855 W WindowManager: 	at android.os.Looper.loop(Looper.java:317)
07-11 04:18:49.562  1829  1855 W WindowManager: 	at android.os.HandlerThread.run(HandlerThread.java:85)
07-11 04:18:49.562  1829  1855 W WindowManager: 	at com.android.server.ServiceThread.run(ServiceThread.java:46)
07-11 04:18:49.678  2171  2229 V WindowManagerShell: Transition animation finished (aborted=false), notifying core (#83) android.os.BinderProxy@e032875@0
07-11 04:18:49.680 12657 12657 E Parcel  : Reading a NULL string not supported here.
07-11 04:18:49.708  1829  3520 W ActivityManager: pid 1829 system sent binder code 7 with flags 1 to frozen apps and got error -32
07-11 04:18:49.708  1829  3520 D ActivityManager: Too many transaction errors, throttling freezer binder callback.
07-11 04:18:49.709  1829  3520 W WindowManager: Exception thrown during dispatchAppVisibility Window{65e0849 u0 com.example.groupify/com.example.groupify.DeployActivity EXITING}
07-11 04:18:49.709  1829  3520 W WindowManager: android.os.DeadObjectException
07-11 04:18:49.709  1829  3520 W WindowManager: 	at android.os.BinderProxy.transactNative(Native Method)
07-11 04:18:49.709  1829  3520 W WindowManager: 	at android.os.BinderProxy.transact(BinderProxy.java:586)
07-11 04:18:49.709  1829  3520 W WindowManager: 	at android.view.IWindow$Stub$Proxy.dispatchAppVisibility(IWindow.java:553)
07-11 04:18:49.709  1829  3520 W WindowManager: 	at com.android.server.wm.WindowState.sendAppVisibilityToClients(WindowState.java:3246)
07-11 04:18:49.709  1829  3520 W WindowManager: 	at com.android.server.wm.WindowContainer.sendAppVisibilityToClients(WindowContainer.java:1292)
07-11 04:18:49.709  1829  3520 W WindowManager: 	at com.android.server.wm.WindowToken.setClientVisible(WindowToken.java:403)
07-11 04:18:49.709  1829  3520 W WindowManager: 	at com.android.server.wm.ActivityRecord.setClientVisible(ActivityRecord.java:7171)
07-11 04:18:49.709  1829  3520 W WindowManager: 	at com.android.server.wm.ActivityRecord.postApplyAnimation(ActivityRecord.java:5895)
07-11 04:18:49.709  1829  3520 W WindowManager: 	at com.android.server.wm.ActivityRecord.commitVisibility(ActivityRecord.java:5837)
07-11 04:18:49.709  1829  3520 W WindowManager: 	at com.android.server.wm.Transition.finishTransition(Transition.java:1276)
07-11 04:18:49.709  1829  3520 W WindowManager: 	at com.android.server.wm.TransitionController.finishTransition(TransitionController.java:897)
07-11 04:18:49.709  1829  3520 W WindowManager: 	at com.android.server.wm.WindowOrganizerController.finishTransition(WindowOrganizerController.java:494)
07-11 04:18:49.709  1829  3520 W WindowManager: 	at android.window.IWindowOrganizerController$Stub.onTransact(IWindowOrganizerController.java:278)
07-11 04:18:49.709  1829  3520 W WindowManager: 	at com.android.server.wm.WindowOrganizerController.onTransact(WindowOrganizerController.java:204)
07-11 04:18:49.709  1829  3520 W WindowManager: 	at android.os.Binder.execTransactInternal(Binder.java:1505)
07-11 04:18:49.709  1829  3520 W WindowManager: 	at android.os.Binder.execTransact(Binder.java:1444)
07-11 04:18:49.720  1829  1851 V WindowManager: Finish Transition (#83): created at 07-11 04:18:47.959 collect-started=0.117ms request-sent=0.2ms started=26.808ms ready=339.845ms sent=1178.638ms finished=1735.761ms
07-11 04:18:49.722  1829  3520 W Process : Unable to open /proc/12583/status
07-11 04:18:49.730 12657 12657 E Parcel  : Reading a NULL string not supported here.
07-11 04:18:49.730  2471  2471 D SearchTargetUtil:  query= size=15
07-11 04:18:49.738  2471  2471 D SearchTargetUtil: layoutType=short_icon_row resultType=131072 packageName=com.google.android.googlequicksearchbox extras=Bundle{suggestion_type=33,suggest_truncate_start=false,is_answer=false,is_entity=false,is_personal=false,suggest_raw_text=st augustine beach fishing pier,input_query=android.app.search.Query@b72caa7,group_id=web16115406,response_id=fdb3795a-e34e-4d8c-83ba-68a07856034c,support_query_builder=false,} searchAction=st augustine beach fishing pier searchActionExtras=Bundle{learn_more_url=https://support.google.com/websearch/answer/106230?hl=106230,suggestion_action_text=Report this,should_start_for_result=true,allow_pinning=true,skip_logging_in_target_handler=true,suggestion_action_rpc=2,}ParentID: null targetID: 52d3c62c-a744-464a-8c61-e7324a447f4e
07-11 04:18:49.740  2471  2471 D SearchTargetUtil: layoutType=short_icon_row resultType=131072 packageName=com.google.android.googlequicksearchbox extras=Bundle{suggestion_type=33,suggest_truncate_start=false,is_answer=false,is_entity=false,is_personal=false,suggest_raw_text=silk recalls,input_query=android.app.search.Query@b72caa7,group_id=web16115406,response_id=fdb3795a-e34e-4d8c-83ba-68a07856034c,support_query_builder=false,} searchAction=silk recalls searchActionExtras=Bundle{learn_more_url=https://support.google.com/websearch/answer/106230?hl=106230,suggestion_action_text=Report this,should_start_for_result=true,allow_pinning=true,skip_logging_in_target_handler=true,suggestion_action_rpc=2,}ParentID: null targetID: 76d72b77-6fc6-4838-917b-80787505fd7c
07-11 04:18:49.740  2471  2471 D SearchTargetUtil: layoutType=short_icon_row resultType=131072 packageName=com.google.android.googlequicksearchbox extras=Bundle{suggestion_type=33,suggest_truncate_start=false,is_answer=false,is_entity=false,is_personal=false,suggest_raw_text=svalinn dogs,input_query=android.app.search.Query@b72caa7,group_id=web16115406,response_id=fdb3795a-e34e-4d8c-83ba-68a07856034c,support_query_builder=false,} searchAction=svalinn dogs searchActionExtras=Bundle{learn_more_url=https://support.google.com/websearch/answer/106230?hl=106230,suggestion_action_text=Report this,should_start_for_result=true,allow_pinning=true,skip_logging_in_target_handler=true,suggestion_action_rpc=2,}ParentID: null targetID: 0491abb5-a758-45d3-bf83-36248692d296
07-11 04:18:49.740  2471  2471 D SearchTargetUtil: layoutType=short_icon_row resultType=131072 packageName=com.google.android.googlequicksearchbox extras=Bundle{suggestion_type=33,suggest_truncate_start=false,is_answer=false,is_entity=false,is_personal=false,suggest_raw_text=youtuber praneeth hanumanthu,input_query=android.app.search.Query@b72caa7,group_id=web16115406,response_id=fdb3795a-e34e-4d8c-83ba-68a07856034c,support_query_builder=false,} searchAction=youtuber praneeth hanumanthu searchActionExtras=Bundle{learn_more_url=https://support.google.com/websearch/answer/106230?hl=106230,suggestion_action_text=Report this,should_start_for_result=true,allow_pinning=true,skip_logging_in_target_handler=true,suggestion_action_rpc=2,}ParentID: null targetID: af93bba3-2f7d-49b7-914a-c1fa8fe236fc
07-11 04:18:49.740  2471  2471 D SearchTargetUtil: layoutType=short_icon_row resultType=131072 packageName=com.google.android.googlequicksearchbox extras=Bundle{suggestion_type=33,suggest_truncate_start=false,is_answer=false,is_entity=false,is_personal=false,suggest_raw_text=united airlines plane loses wheel,input_query=android.app.search.Query@b72caa7,group_id=web16115406,response_id=fdb3795a-e34e-4d8c-83ba-68a07856034c,support_query_builder=false,} searchAction=united airlines plane loses wheel searchActionExtras=Bundle{learn_more_url=https://support.google.com/websearch/answer/106230?hl=106230,suggestion_action_text=Report this,should_start_for_result=true,allow_pinning=true,skip_logging_in_target_handler=true,suggestion_action_rpc=2,}ParentID: null targetID: f6f51f0a-6569-4a84-811d-c8a746bdf3ec
07-11 04:18:49.740  2471  2471 D SearchTargetUtil: layoutType=short_icon_row resultType=131072 packageName=com.google.android.googlequicksearchbox extras=Bundle{suggestion_type=33,suggest_truncate_start=false,is_answer=false,is_entity=false,is_personal=false,suggest_raw_text=krispy kreme doughnuts 87 cents,input_query=android.app.search.Query@b72caa7,group_id=web16115406,response_id=fdb3795a-e34e-4d8c-83ba-68a07856034c,support_query_builder=false,} searchAction=krispy kreme doughnuts 87 cents searchActionExtras=Bundle{learn_more_url=https://support.google.com/websearch/answer/106230?hl=106230,suggestion_action_text=Report this,should_start_for_result=true,allow_pinning=true,skip_logging_in_target_handler=true,suggestion_action_rpc=2,}ParentID: null targetID: 83973ae4-bc2b-4ecc-9096-4ded95059310
07-11 04:18:49.740  2471  2471 D SearchTargetUtil: layoutType=short_icon_row resultType=131072 packageName=com.google.android.googlequicksearchbox extras=Bundle{suggestion_type=33,suggest_truncate_start=false,is_answer=false,is_entity=false,is_personal=false,suggest_raw_text=judiciary committee,input_query=android.app.search.Query@b72caa7,group_id=web16115406,response_id=fdb3795a-e34e-4d8c-83ba-68a07856034c,support_query_builder=false,} searchAction=judiciary committee searchActionExtras=Bundle{learn_more_url=https://support.google.com/websearch/answer/106230?hl=106230,suggestion_action_text=Report this,should_start_for_result=true,allow_pinning=true,skip_logging_in_target_handler=true,suggestion_action_rpc=2,}ParentID: null targetID: 91eb1cb6-ef9f-427a-bae6-5f157c36e971
07-11 04:18:49.741  2471  2471 D SearchTargetUtil: layoutType=short_icon_row resultType=131072 packageName=com.google.android.googlequicksearchbox extras=Bundle{suggestion_type=33,suggest_truncate_start=false,is_answer=false,is_entity=false,is_personal=false,suggest_raw_text=motorcyclist dies death valley,input_query=android.app.search.Query@b72caa7,group_id=web16115406,response_id=fdb3795a-e34e-4d8c-83ba-68a07856034c,support_query_builder=false,} searchAction=motorcyclist dies death valley searchActionExtras=Bundle{learn_more_url=https://support.google.com/websearch/answer/106230?hl=106230,suggestion_action_text=Report this,should_start_for_result=true,allow_pinning=true,skip_logging_in_target_handler=true,suggestion_action_rpc=2,}ParentID: null targetID: b9597161-4f75-4e42-9de7-e664e3c547ce
07-11 04:18:49.741  2471  2471 D SearchTargetUtil: layoutType=short_icon_row resultType=131072 packageName=com.google.android.googlequicksearchbox extras=Bundle{suggestion_type=33,suggest_truncate_start=false,is_answer=false,is_entity=false,is_personal=false,suggest_raw_text=the devil wears prada sequel,input_query=android.app.search.Query@b72caa7,group_id=web16115406,response_id=fdb3795a-e34e-4d8c-83ba-68a07856034c,support_query_builder=false,} searchAction=the devil wears prada sequel searchActionExtras=Bundle{learn_more_url=https://support.google.com/websearch/answer/106230?hl=106230,suggestion_action_text=Report this,should_start_for_result=true,allow_pinning=true,skip_logging_in_target_handler=true,suggestion_action_rpc=2,}ParentID: null targetID: bebfe033-a2f2-4f03-9b7b-81eca594005d
07-11 04:18:49.741  2471  2471 D SearchTargetUtil: layoutType=short_icon_row resultType=131072 packageName=com.google.android.googlequicksearchbox extras=Bundle{suggestion_type=33,suggest_truncate_start=false,is_answer=false,is_entity=false,is_personal=false,suggest_raw_text=rodeo mexican restaurant margarita,input_query=android.app.search.Query@b72caa7,group_id=web16115406,response_id=fdb3795a-e34e-4d8c-83ba-68a07856034c,support_query_builder=false,} searchAction=rodeo mexican restaurant margarita searchActionExtras=Bundle{learn_more_url=https://support.google.com/websearch/answer/106230?hl=106230,suggestion_action_text=Report this,should_start_for_result=true,allow_pinning=true,skip_logging_in_target_handler=true,suggestion_action_rpc=2,}ParentID: null targetID: ccf10760-671c-4bed-9166-8473f08cfdbb
07-11 04:18:49.741  2471  2471 D SearchTargetUtil: layoutType=short_icon_row resultType=131072 packageName=com.google.android.googlequicksearchbox extras=Bundle{suggestion_type=33,suggest_truncate_start=false,is_answer=false,is_entity=false,is_personal=false,suggest_raw_text=intuit layoffs,input_query=android.app.search.Query@b72caa7,group_id=web16115406,response_id=fdb3795a-e34e-4d8c-83ba-68a07856034c,support_query_builder=false,} searchAction=intuit layoffs searchActionExtras=Bundle{learn_more_url=https://support.google.com/websearch/answer/106230?hl=106230,suggestion_action_text=Report this,should_start_for_result=true,allow_pinning=true,skip_logging_in_target_handler=true,suggestion_action_rpc=2,}ParentID: null targetID: 7688101f-dcb2-49d8-aef6-14c3497c55a7
07-11 04:18:49.742  2471  2471 D SearchTargetUtil: layoutType=short_icon_row resultType=131072 packageName=com.google.android.googlequicksearchbox extras=Bundle{suggestion_type=33,suggest_truncate_start=false,is_answer=false,is_entity=false,is_personal=false,suggest_raw_text=mcdonalds kit kat banana split mcflurry,input_query=android.app.search.Query@b72caa7,group_id=web16115406,response_id=fdb3795a-e34e-4d8c-83ba-68a07856034c,support_query_builder=false,} searchAction=mcdonalds kit kat banana split mcflurry searchActionExtras=Bundle{learn_more_url=https://support.google.com/websearch/answer/106230?hl=106230,suggestion_action_text=Report this,should_start_for_result=true,allow_pinning=true,skip_logging_in_target_handler=true,suggestion_action_rpc=2,}ParentID: null targetID: 0ab3f613-d10b-4fca-9def-d7f0ae4886fd
07-11 04:18:49.742  2471  2471 D SearchTargetUtil: layoutType=short_icon_row resultType=131072 packageName=com.google.android.googlequicksearchbox extras=Bundle{suggestion_type=33,suggest_truncate_start=false,is_answer=false,is_entity=false,is_personal=false,suggest_raw_text=dartmouth student death hazing,input_query=android.app.search.Query@b72caa7,group_id=web16115406,response_id=fdb3795a-e34e-4d8c-83ba-68a07856034c,support_query_builder=false,} searchAction=dartmouth student death hazing searchActionExtras=Bundle{learn_more_url=https://support.google.com/websearch/answer/106230?hl=106230,suggestion_action_text=Report this,should_start_for_result=true,allow_pinning=true,skip_logging_in_target_handler=true,suggestion_action_rpc=2,}ParentID: null targetID: ab82d291-02fd-47f5-beab-14cc3911e0f2
07-11 04:18:49.742  2471  2471 D SearchTargetUtil: layoutType=short_icon_row resultType=131072 packageName=com.google.android.googlequicksearchbox extras=Bundle{suggestion_type=33,suggest_truncate_start=false,is_answer=false,is_entity=false,is_personal=false,suggest_raw_text=bubonic plague case colorado,input_query=android.app.search.Query@b72caa7,group_id=web16115406,response_id=fdb3795a-e34e-4d8c-83ba-68a07856034c,support_query_builder=false,} searchAction=bubonic plague case colorado searchActionExtras=Bundle{learn_more_url=https://support.google.com/websearch/answer/106230?hl=106230,suggestion_action_text=Report this,should_start_for_result=true,allow_pinning=true,skip_logging_in_target_handler=true,suggestion_action_rpc=2,}ParentID: null targetID: a5dbe009-de8c-4841-b4b2-309152b765b7
07-11 04:18:49.742  2471  2471 D SearchTargetUtil: layoutType=short_icon_row resultType=131072 packageName=com.google.android.googlequicksearchbox extras=Bundle{suggestion_type=33,suggest_truncate_start=false,is_answer=false,is_entity=false,is_personal=false,suggest_raw_text=free slurpees,input_query=android.app.search.Query@b72caa7,group_id=web16115406,response_id=fdb3795a-e34e-4d8c-83ba-68a07856034c,support_query_builder=false,} searchAction=free slurpees searchActionExtras=Bundle{learn_more_url=https://support.google.com/websearch/answer/106230?hl=106230,suggestion_action_text=Report this,should_start_for_result=true,allow_pinning=true,skip_logging_in_target_handler=true,suggestion_action_rpc=2,}ParentID: null targetID: d33592d5-3e5f-4f72-ba11-0da21c4ec7fc
07-11 04:18:49.774  1829  3121 W UserManagerService: Requested status bar icon for non-badged user 0
07-11 04:18:49.774  2171  2229 V WindowManagerShell: Track 0 became idle
07-11 04:18:49.775  2171  2229 V WindowManagerShell: All active transition animations finished
07-11 04:18:49.799  1829  3121 W UserManagerService: Requested status bar icon for non-badged user 0
07-11 04:18:49.807  1829  3520 W UserManagerService: Requested status bar icon for non-badged user 0
07-11 04:18:49.818   444   444 E BpTransactionCompletedListener: Failed to transact (-32)
07-11 04:18:49.893  2471  2471 W FrameTracker: Missed App frame:UNKNOWN: 76, 77517, 0, CUJ=J<LAUNCHER_APP_CLOSE_TO_HOME>
07-11 04:18:49.895  2471  2471 W FrameTracker: Missed SF frame:UNKNOWN: 76, 77517, 0, CUJ=J<LAUNCHER_APP_CLOSE_TO_HOME>
07-11 04:18:49.895  2471  2471 W FrameTracker: Missing HWUI jank callback for vsyncId: 77517, CUJ=J<LAUNCHER_APP_CLOSE_TO_HOME>
07-11 04:18:49.895  2471  2471 W FrameTracker: Missed App frame:UNKNOWN: 76, 77560, 158534038, CUJ=J<LAUNCHER_APP_CLOSE_TO_HOME>
07-11 04:18:49.897  2471  2471 W FrameTracker: Missed SF frame:UNKNOWN: 76, 77560, 158534038, CUJ=J<LAUNCHER_APP_CLOSE_TO_HOME>
07-11 04:18:49.897  2471  2471 W FrameTracker: Missed App frame:UNKNOWN: 72, 77569, 0, CUJ=J<LAUNCHER_APP_CLOSE_TO_HOME>
07-11 04:18:49.897  2471  2471 W FrameTracker: Missing HWUI jank callback for vsyncId: 77569, CUJ=J<LAUNCHER_APP_CLOSE_TO_HOME>
07-11 04:18:49.897  2471  2471 W FrameTracker: Missed App frame:UNKNOWN: 88, 77610, 0, CUJ=J<LAUNCHER_APP_CLOSE_TO_HOME>
07-11 04:18:49.897  2471  2471 W FrameTracker: Missed SF frame:UNKNOWN: 88, 77610, 0, CUJ=J<LAUNCHER_APP_CLOSE_TO_HOME>
07-11 04:18:49.898  2471  2471 W FrameTracker: Missing HWUI jank callback for vsyncId: 77610, CUJ=J<LAUNCHER_APP_CLOSE_TO_HOME>
07-11 04:18:49.964 12657 12657 E IPCThreadState: Binder transaction failure: 1814488/29201/-1
07-11 04:18:49.957 12657 12657 W service : type=1400 audit(0.0:1061): avc:  denied  { call } for  scontext=u:r:shell:s0 tcontext=u:r:wificond:s0 tclass=binder permissive=0
07-11 04:18:50.005  7800  7800 I studio.deploy: Received request 'overlayinstall'
