--------- beginning of main
07-11 02:01:32.855  2280 10401 D ApfFilter: (wlan0): Adding RA fe80::2 -> ff02::1 1800s fec0::/64 86400s/14400s 
07-11 02:01:36.218  2171  2171 D ZenModeController: Added callback class com.android.systemui.qs.tiles.DndTile$3
07-11 02:01:36.222  2171  2171 D ZenModeController: Removed callback class com.android.systemui.qs.tiles.DndTile$3
07-11 02:01:36.519  2171  2294 I QuickAccessWalletTile: QAW service is unavailable, recreating the wallet client.
07-11 02:01:36.528  2171  2294 D ControlsListingControllerImpl: Subscribing callback, service count: 0
07-11 02:01:36.529  2171  2294 D ControlsListingControllerImpl: Unsubscribing callback
--------- beginning of system
07-11 02:01:37.029  1829  3653 I ActivityManager: Force stopping com.example.groupify appid=10197 user=0: from pid 11538
07-11 02:01:37.034  1829  3653 I ActivityManager: Killing 11349:com.example.groupify/u0a197 (adj 0): stop com.example.groupify due to from pid 11538
07-11 02:01:37.037  1829  3653 W ActivityTaskManager: Force removing ActivityRecord{e2224ff u0 com.example.groupify/.MainActivity t13 f}}: app died, no saved state
07-11 02:01:37.039  1829  1852 D DisplayManagerService: Drop pending events for gone uid 10197
07-11 02:01:37.044  2171  2229 V WindowManagerShell: Transition requested (#54): android.os.BinderProxy@9b4acf TransitionRequestInfo { type = CLOSE, triggerTask = TaskInfo{userId=0 taskId=13 displayId=0 isRunning=false baseIntent=Intent { act=android.intent.action.MAIN cat=[android.intent.category.LAUNCHER] flg=0x10000000 cmp=com.example.groupify/.MainActivity } baseActivity=null topActivity=null origActivity=null realActivity=ComponentInfo{com.example.groupify/com.example.groupify.MainActivity} numActivities=0 lastActiveTime=5958812 supportsMultiWindow=true resizeMode=1 isResizeable=true minWidth=-1 minHeight=-1 defaultMinSize=220 token=WCT{android.window.IWindowContainerToken$Stub$Proxy@e041c5c} topActivityType=1 pictureInPictureParams=null shouldDockBigOverlays=false launchIntoPipHostTaskId=-1 lastParentTaskIdBeforePip=-1 displayCutoutSafeInsets=null topActivityInfo=null launchCookies=[] positionInParent=Point(0, 0) parentTaskId=-1 isFocused=true isVisible=true isVisibleRequested=true isSleeping=false locusId=null displayAreaFeatureId=1 isTopActivityTransparent=false appCompatTaskInfo=AppCompatTaskInfo { topActivityInSizeCompat=false topActivityEligibleForLetterboxEducation= falseisLetterboxEducationEnabled= false isLetterboxDoubleTapEnabled= false topActivityEligibleForUserAspectRatioButton= false topActivityBoundsLetterboxed= false isFromLetterboxDoubleTap= false topActivityLetterboxVerticalPosition= -1 topActivityLetterboxHorizontalPosition= -1 topActivityLetterboxWidth=-1 topActivityLetterboxHeight=-1 isUserFullscreenOverrideEnabled=false isSystemFullscreenOverrideEnabled=false cameraCompatTaskInfo=CameraCompatTaskInfo { cameraCompatControlState=hidden freeformCameraCompatMode=inactive}}}, pipTask = null, remoteTransition = null, displayChange = null, flags = 0, debugId = 54 }
07-11 02:01:37.079  1829  3719 I ImeTracker: com.example.groupify:463e46df: onRequestHide at ORIGIN_SERVER reason HIDE_REMOVE_CLIENT fromUser false
07-11 02:01:37.080  1829  3719 I ImeTracker: com.example.groupify:463e46df: onCancelled at PHASE_SERVER_SHOULD_HIDE
07-11 02:01:37.087  1747  1747 I Zygote  : Process 11349 exited due to signal 9 (Killed)
07-11 02:01:37.092  1829  3121 I WindowManager: WIN DEATH: Window{14ef70b u0 com.example.groupify/com.example.groupify.MainActivity}
07-11 02:01:37.096  1829  3121 W InputManager-JNI: Input channel object '14ef70b com.example.groupify/com.example.groupify.MainActivity (client)' was disposed without first being removed with the input manager!
07-11 02:01:37.101  1829  1896 I libprocessgroup: Removed cgroup /sys/fs/cgroup/uid_10197/pid_11349
07-11 02:01:37.102   444   444 I BpBinder: onLastStrongRef automatically unlinking death recipients: 
07-11 02:01:37.112  1829  3519 V ActivityManager: Got obituary of 11349:com.example.groupify
07-11 02:01:37.114  1829  1854 W ActivityManager: setHasOverlayUi called on unknown pid: 11349
07-11 02:01:37.122  6313  6313 D CarrierSvcBindHelper: onHandleForceStop: [com.example.groupify]
07-11 02:01:37.125  6313  6313 D CarrierSvcBindHelper: No carrier app for: 0
07-11 02:01:37.132  1829  1854 V WindowManager: Unknown focus tokens, dropping reportFocusChanged
07-11 02:01:37.141  2471  2471 D NexusLauncherModelDelegate: notifySmartspaceEvent: SmartspaceTargetEvent{mSmartspaceTarget=null, mSmartspaceActionId='null', mEventType=6}
07-11 02:01:37.150  2471  2471 D BaseDepthController: mSurface is null and mCurrentBlur is: 23
07-11 02:01:37.178  2471  2471 D BaseDepthController: setSurface:
07-11 02:01:37.178  2471  2471 D BaseDepthController: 	mWaitingOnSurfaceValidity: false
07-11 02:01:37.178  2471  2471 D BaseDepthController: 	mSurface: Surface(name=com.google.android.apps.nexuslauncher/com.google.android.apps.nexuslauncher.NexusLauncherActivity)/@0x4033ae7
07-11 02:01:37.179  1829  1855 E IPCThreadState: Binder transaction failure: 1203448/29189/-22
07-11 02:01:37.181  1829  1855 W ActivityManager: pid 1829 system sent binder code 3 with flags 1 to frozen apps and got error -32
07-11 02:01:37.196  1829  1855 W WindowManager: Failed to deliver inset control state change to w=Window{14ef70b u0 com.example.groupify/com.example.groupify.MainActivity EXITING}
07-11 02:01:37.196  1829  1855 W WindowManager: android.os.DeadObjectException
07-11 02:01:37.196  1829  1855 W WindowManager: 	at android.os.BinderProxy.transactNative(Native Method)
07-11 02:01:37.196  1829  1855 W WindowManager: 	at android.os.BinderProxy.transact(BinderProxy.java:586)
07-11 02:01:37.196  1829  1855 W WindowManager: 	at android.view.IWindow$Stub$Proxy.insetsControlChanged(IWindow.java:486)
07-11 02:01:37.196  1829  1855 W WindowManager: 	at com.android.server.wm.WindowState.notifyInsetsControlChanged(WindowState.java:3817)
07-11 02:01:37.196  1829  1855 W WindowManager: 	at com.android.server.wm.InsetsStateController.lambda$notifyPendingInsetsControlChanged$3(InsetsStateController.java:375)
07-11 02:01:37.196  1829  1855 W WindowManager: 	at com.android.server.wm.InsetsStateController.$r8$lambda$MnP7XA1MDcyrUwoj0hcoT5hTO8E(InsetsStateController.java:0)
07-11 02:01:37.196  1829  1855 W WindowManager: 	at com.android.server.wm.InsetsStateController$$ExternalSyntheticLambda0.run(R8$$SyntheticClass:0)
07-11 02:01:37.196  1829  1855 W WindowManager: 	at com.android.server.wm.WindowAnimator.executeAfterPrepareSurfacesRunnables(WindowAnimator.java:316)
07-11 02:01:37.196  1829  1855 W WindowManager: 	at com.android.server.wm.WindowAnimator.animate(WindowAnimator.java:209)
07-11 02:01:37.196  1829  1855 W WindowManager: 	at com.android.server.wm.WindowAnimator.lambda$new$1(WindowAnimator.java:99)
07-11 02:01:37.196  1829  1855 W WindowManager: 	at com.android.server.wm.WindowAnimator.$r8$lambda$AS_wbK9i-bc6ocCFop7s9PnXP80(WindowAnimator.java:0)
07-11 02:01:37.196  1829  1855 W WindowManager: 	at com.android.server.wm.WindowAnimator$$ExternalSyntheticLambda1.doFrame(R8$$SyntheticClass:0)
07-11 02:01:37.196  1829  1855 W WindowManager: 	at android.view.Choreographer$CallbackRecord.run(Choreographer.java:1404)
07-11 02:01:37.196  1829  1855 W WindowManager: 	at android.view.Choreographer$CallbackRecord.run(Choreographer.java:1415)
07-11 02:01:37.196  1829  1855 W WindowManager: 	at android.view.Choreographer.doCallbacks(Choreographer.java:1015)
07-11 02:01:37.196  1829  1855 W WindowManager: 	at android.view.Choreographer.doFrame(Choreographer.java:941)
07-11 02:01:37.196  1829  1855 W WindowManager: 	at android.view.Choreographer$FrameDisplayEventReceiver.run(Choreographer.java:1389)
07-11 02:01:37.196  1829  1855 W WindowManager: 	at android.os.Handler.handleCallback(Handler.java:959)
07-11 02:01:37.196  1829  1855 W WindowManager: 	at android.os.Handler.dispatchMessage(Handler.java:100)
07-11 02:01:37.196  1829  1855 W WindowManager: 	at android.os.Looper.loopOnce(Looper.java:232)
07-11 02:01:37.196  1829  1855 W WindowManager: 	at android.os.Looper.loop(Looper.java:317)
07-11 02:01:37.196  1829  1855 W WindowManager: 	at android.os.HandlerThread.run(HandlerThread.java:85)
07-11 02:01:37.196  1829  1855 W WindowManager: 	at com.android.server.ServiceThread.run(ServiceThread.java:46)
07-11 02:01:37.295  2471  2471 D StatsLog: LAUNCHER_ONRESUME
07-11 02:01:37.306  2171  3082 V WindowManagerShell: onTransitionReady(transaction=7855495185831)
07-11 02:01:37.307  2171  2229 V WindowManagerShell: onTransitionReady (#54) android.os.BinderProxy@9b4acf: {id=54 t=CLOSE f=0x0 trk=0 r=[0@Point(0, 0)] c=[{WCT{android.window.IWindowContainerToken$Stub$Proxy@67b38e1} m=TO_FRONT f=SHOW_WALLPAPER|MOVE_TO_TOP leash=Surface(name=Task=1)/@0x38c4b65 sb=Rect(0, 0 - 1080, 2400) eb=Rect(0, 0 - 1080, 2400) d=0 taskParent=-1},{WCT{android.window.IWindowContainerToken$Stub$Proxy@cd1f606} m=CLOSE f=NONE leash=Surface(name=Task=13)/@0x6d3103a sb=Rect(0, 0 - 1080, 2400) eb=Rect(0, 0 - 1080, 2400) d=0 taskParent=-1},{null m=TO_FRONT f=IS_WALLPAPER leash=Surface(name=WallpaperWindowToken{145007e token=android.os.Binder@3328239})/@0xdabc4eb sb=Rect(0, 0 - 1080, 2400) eb=Rect(0, 0 - 1080, 2400) d=0}]}
07-11 02:01:37.310  2171  2229 V WindowManagerShell: Playing animation for (#54) android.os.BinderProxy@9b4acf@0
07-11 02:01:37.312  2171  2229 V WindowManagerShell:  try handler com.android.wm.shell.transition.DefaultMixedHandler@7d7232b
07-11 02:01:37.313  2171  2229 V WindowManagerShell:  try handler com.android.wm.shell.keyguard.KeyguardTransitionHandler@1934388
07-11 02:01:37.314  2171  2229 V WindowManagerShell:  try handler com.android.wm.shell.pip.PipTransition@d776121
07-11 02:01:37.315  2171  2229 V WindowManagerShell:  try handler com.android.wm.shell.activityembedding.ActivityEmbeddingController@bf29946
07-11 02:01:37.316  2171  2229 V WindowManagerShell:  try handler com.android.wm.shell.recents.RecentsTransitionHandler@322c707
07-11 02:01:37.316  2171  2229 V ShellRecents: RecentsTransitionHandler.startAnimation: no controller found
07-11 02:01:37.316  2171  2229 V WindowManagerShell:  try handler com.android.wm.shell.splitscreen.StageCoordinator@4dd1034
07-11 02:01:37.316  2171  2229 V WindowManagerShell:  try handler com.android.wm.shell.transition.RemoteTransitionHandler@947ee5d
07-11 02:01:37.317  2171  2229 V WindowManagerShell: Transition doesn't have explicit remote, search filters for match for {id=54 t=CLOSE f=0x0 trk=0 r=[0@Point(0, 0)] c=[{WCT{android.window.IWindowContainerToken$Stub$Proxy@67b38e1} m=TO_FRONT f=SHOW_WALLPAPER|MOVE_TO_TOP leash=Surface(name=Task=1)/@0x38c4b65 sb=Rect(0, 0 - 1080, 2400) eb=Rect(0, 0 - 1080, 2400) d=0 taskParent=-1},{WCT{android.window.IWindowContainerToken$Stub$Proxy@cd1f606} m=CLOSE f=NONE leash=Surface(name=Task=13)/@0x6d3103a sb=Rect(0, 0 - 1080, 2400) eb=Rect(0, 0 - 1080, 2400) d=0 taskParent=-1},{null m=TO_FRONT f=IS_WALLPAPER leash=Surface(name=WallpaperWindowToken{145007e token=android.os.Binder@3328239})/@0xdabc4eb sb=Rect(0, 0 - 1080, 2400) eb=Rect(0, 0 - 1080, 2400) d=0}]}
07-11 02:01:37.317  2171  2229 V WindowManagerShell:  Checking filter Pair{{types=[] flags=0x0] notFlags=0x0 checks=[{atype=undefined independent=true modes=[OPEN,TO_FRONT] flags=IN_TASK_WITH_EMBEDDED_ACTIVITY mustBeTask=false order=ANY topActivity=ComponentInfo{com.google.android.apps.nexuslauncher/com.google.android.apps.nexuslauncher.NexusLauncherActivity} launchCookie=null},{atype=undefined independent=true modes=[CLOSE,TO_BACK] flags=IN_TASK_WITH_EMBEDDED_ACTIVITY mustBeTask=false order=ANY topActivity=null launchCookie=null}]} RemoteTransition { remoteTransition = android.window.IRemoteTransition$Stub$Proxy@e6ec5a9, appThread = android.app.IApplicationThread$Stub$Proxy@f19d72e, debugName = OverlaySwipeBack }}
07-11 02:01:37.318  2171  2229 V WindowManagerShell:  Checking filter Pair{{types=[] flags=0x0] notFlags=0x0 checks=[{atype=dream independent=true modes=[OPEN,TO_FRONT] flags=NONE mustBeTask=false order=ANY topActivity=null launchCookie=null},{atype=home independent=true modes=[CLOSE,TO_BACK] flags=NONE mustBeTask=false order=ANY topActivity=null launchCookie=null}]} RemoteTransition { remoteTransition = android.window.IRemoteTransition$Stub$Proxy@924d2cf, appThread = android.app.IApplicationThread$Stub$Proxy@803045c, debugName = LauncherToDream }}
07-11 02:01:37.319  2171  2229 V WindowManagerShell:  Checking filter Pair{{types=[] flags=0x0] notFlags=0x100 checks=[{atype=home independent=true modes=[OPEN,TO_FRONT] flags=NONE mustBeTask=false order=TOP topActivity=ComponentInfo{com.google.android.apps.nexuslauncher/com.google.android.apps.nexuslauncher.NexusLauncherActivity} launchCookie=null},{atype=standard independent=true modes=[CLOSE,TO_BACK] flags=NONE mustBeTask=false order=ANY topActivity=null launchCookie=null}]} RemoteTransition { remoteTransition = android.window.IRemoteTransition$Stub$Proxy@fc51365, appThread = android.app.IApplicationThread$Stub$Proxy@7f0383a, debugName = QuickstepLaunchHome }}
07-11 02:01:37.324  2471  2511 D QuickstepModelDelegate: notifyAppTargetEvent action=1 launchLocation=
07-11 02:01:37.324  2171  2229 D RemoteTransitionHandler: Found filterPair{{types=[] flags=0x0] notFlags=0x100 checks=[{atype=home independent=true modes=[OPEN,TO_FRONT] flags=NONE mustBeTask=false order=TOP topActivity=ComponentInfo{com.google.android.apps.nexuslauncher/com.google.android.apps.nexuslauncher.NexusLauncherActivity} launchCookie=null},{atype=standard independent=true modes=[CLOSE,TO_BACK] flags=NONE mustBeTask=false order=ANY topActivity=null launchCookie=null}]} RemoteTransition { remoteTransition = android.window.IRemoteTransition$Stub$Proxy@fc51365, appThread = android.app.IApplicationThread$Stub$Proxy@7f0383a, debugName = QuickstepLaunchHome }}
07-11 02:01:37.324  2171  2229 V WindowManagerShell:  Delegate animation for (#54) to RemoteTransition { remoteTransition = android.window.IRemoteTransition$Stub$Proxy@fc51365, appThread = android.app.IApplicationThread$Stub$Proxy@7f0383a, debugName = QuickstepLaunchHome }
07-11 02:01:37.332  1829  1851 V WindowManager: Sent Transition (#54) createdAt=07-11 02:01:37.037 via request=TransitionRequestInfo { type = CLOSE, triggerTask = TaskInfo{userId=0 taskId=13 displayId=0 isRunning=false baseIntent=Intent { act=android.intent.action.MAIN cat=[android.intent.category.LAUNCHER] flg=0x10000000 cmp=com.example.groupify/.MainActivity } baseActivity=null topActivity=null origActivity=null realActivity=ComponentInfo{com.example.groupify/com.example.groupify.MainActivity} numActivities=0 lastActiveTime=5958812 supportsMultiWindow=true resizeMode=1 isResizeable=true minWidth=-1 minHeight=-1 defaultMinSize=220 token=WCT{RemoteToken{90f3101 Task{809a2cc #13 type=standard A=10197:com.example.groupify}}} topActivityType=1 pictureInPictureParams=null shouldDockBigOverlays=false launchIntoPipHostTaskId=-1 lastParentTaskIdBeforePip=-1 displayCutoutSafeInsets=null topActivityInfo=null launchCookies=[] positionInParent=Point(0, 0) parentTaskId=-1 isFocused=true isVisible=true isVisibleRequested=true isSleeping=false locusId=null displayAreaFeatureId=1 isTopActivityTransparent=false appCompatTaskInfo=AppCompatTaskInfo { topActivityInSizeCompat=false topActivityEligibleForLetterboxEducation= falseisLetterboxEducationEnabled= false isLetterboxDoubleTapEnabled= false topActivityEligibleForUserAspectRatioButton= false topActivityBoundsLetterboxed= false isFromLetterboxDoubleTap= false topActivityLetterboxVerticalPosition= -1 topActivityLetterboxHorizontalPosition= -1 topActivityLetterboxWidth=-1 topActivityLetterboxHeight=-1 isUserFullscreenOverrideEnabled=false isSystemFullscreenOverrideEnabled=false cameraCompatTaskInfo=CameraCompatTaskInfo { cameraCompatControlState=hidden freeformCameraCompatMode=inactive}}}, pipTask = null, remoteTransition = null, displayChange = null, flags = 0, debugId = 54 }
07-11 02:01:37.334  1829  1851 V WindowManager:     startWCT=WindowContainerTransaction { changes = {} hops = [] errorCallbackToken=null taskFragmentOrganizer=null }
07-11 02:01:37.337  1829  1851 V WindowManager:     info={id=54 t=CLOSE f=0x0 trk=0 r=[0@Point(0, 0)] c=[
07-11 02:01:37.337  1829  1851 V WindowManager:         {WCT{RemoteToken{42513ae Task{7795430 #1 type=home}}} m=TO_FRONT f=SHOW_WALLPAPER|MOVE_TO_TOP leash=Surface(name=Task=1)/@0x8c68846 sb=Rect(0, 0 - 1080, 2400) eb=Rect(0, 0 - 1080, 2400) d=0 taskParent=-1},
07-11 02:01:37.337  1829  1851 V WindowManager:         {WCT{RemoteToken{90f3101 Task{809a2cc #13 type=standard A=10197:com.example.groupify}}} m=CLOSE f=NONE leash=Surface(name=Task=13)/@0xc1b0185 sb=Rect(0, 0 - 1080, 2400) eb=Rect(0, 0 - 1080, 2400) d=0 taskParent=-1},
07-11 02:01:37.337  1829  1851 V WindowManager:         {null m=TO_FRONT f=IS_WALLPAPER leash=Surface(name=WallpaperWindowToken{145007e token=android.os.Binder@3328239})/@0x9348b81 sb=Rect(0, 0 - 1080, 2400) eb=Rect(0, 0 - 1080, 2400) d=0}
07-11 02:01:37.337  1829  1851 V WindowManager:     ]}
07-11 02:01:37.340  2171  2229 V WindowManagerShell:  animated by com.android.wm.shell.transition.RemoteTransitionHandler@947ee5d
07-11 02:01:37.344  2471  2871 D EGL_emulation: app_time_stats: avg=384547.81ms min=6.43ms max=1922647.50ms count=5
07-11 02:01:37.344  1829  3519 W UserManagerService: Requested status bar icon for non-badged user 0
07-11 02:01:37.350  2676  2966 I AiAiEcho: Predicting[0]: 
07-11 02:01:37.358  1829  2733 W AppSearchIcing: icing-search-engine.cc:321: Error: 5, Message: Document (com.google.android.googlequicksearchbox$OneSearchZeroStateGoogleSuggestions/default, zp) not found.
07-11 02:01:37.360  2676  2966 I AiAiEcho: EchoTargets: 
07-11 02:01:37.360  2676  2966 I AiAiEcho: Filtered by AiAi flag check: 
07-11 02:01:37.363  2676  2966 I AiAiEcho: Ranked targets strategy: SORT, count: 0, ranking metadata: 
07-11 02:01:37.365  2676  2966 I AiAiEcho: #postPredictionTargets: Sending updates to UISurface home with targets# 0 (types=[])
07-11 02:01:37.373  2471  3432 D OneSearchSuggestProvider: AppSearch 0-state cache not available, fallback to AGA
07-11 02:01:37.373  2471  3432 D OneSearchSuggestProvider: java.util.concurrent.CompletionException: java.util.NoSuchElementException: No value present
07-11 02:01:37.373  2471  3432 D OneSearchSuggestProvider: 	at java.util.concurrent.CompletableFuture.encodeThrowable(CompletableFuture.java:308)
07-11 02:01:37.373  2471  3432 D OneSearchSuggestProvider: 	at java.util.concurrent.CompletableFuture.completeThrowable(CompletableFuture.java:323)
07-11 02:01:37.373  2471  3432 D OneSearchSuggestProvider: 	at java.util.concurrent.CompletableFuture$UniAccept.tryFire(CompletableFuture.java:684)
07-11 02:01:37.373  2471  3432 D OneSearchSuggestProvider: 	at java.util.concurrent.CompletableFuture.postComplete(CompletableFuture.java:486)
07-11 02:01:37.373  2471  3432 D OneSearchSuggestProvider: 	at java.util.concurrent.CompletableFuture.completeExceptionally(CompletableFuture.java:2138)
07-11 02:01:37.373  2471  3432 D OneSearchSuggestProvider: 	at com.google.android.apps.nexuslauncher.allapps.E0.onResult(go/retraceme 05e190df00f0129e2bd02c0e2aff99ee6ff4666e2ce6e56932995ada99683fb1:67)
07-11 02:01:37.373  2471  3432 D OneSearchSuggestProvider: 	at android.app.appsearch.SearchSessionUtil$1.lambda$onResult$0(go/retraceme 6cc8952197316027b791c07531471090239b81e3289ecce6138dd4e6138891aa:144)
07-11 02:01:37.373  2471  3432 D OneSearchSuggestProvider: 	at android.app.appsearch.SearchSessionUtil$1.$r8$lambda$CEk3q8sDAQVhU3rQwVueB8FAj_M(go/retraceme 6cc8952197316027b791c07531471090239b81e3289ecce6138dd4e6138891aa:1)
07-11 02:01:37.373  2471  3432 D OneSearchSuggestProvider: 	at android.app.appsearch.SearchSessionUtil$1$$ExternalSyntheticLambda0.run(go/retraceme 6cc8952197316027b791c07531471090239b81e3289ecce6138dd4e6138891aa:22)
07-11 02:01:37.373  2471  3432 D OneSearchSuggestProvider: 	at android.os.Handler.handleCallback(Handler.java:959)
07-11 02:01:37.373  2471  3432 D OneSearchSuggestProvider: 	at android.os.Handler.dispatchMessage(Handler.java:100)
07-11 02:01:37.373  2471  3432 D OneSearchSuggestProvider: 	at android.os.Looper.loopOnce(Looper.java:232)
07-11 02:01:37.373  2471  3432 D OneSearchSuggestProvider: 	at android.os.Looper.loop(Looper.java:317)
07-11 02:01:37.373  2471  3432 D OneSearchSuggestProvider: 	at android.os.HandlerThread.run(HandlerThread.java:85)
07-11 02:01:37.373  2471  3432 D OneSearchSuggestProvider: Caused by: java.util.NoSuchElementException: No value present
07-11 02:01:37.373  2471  3432 D OneSearchSuggestProvider: 	at java.util.Optional.get(Optional.java:143)
07-11 02:01:37.373  2471  3432 D OneSearchSuggestProvider: 	at com.google.android.apps.nexuslauncher.allapps.E0.onResult(go/retraceme 05e190df00f0129e2bd02c0e2aff99ee6ff4666e2ce6e56932995ada99683fb1:28)
07-11 02:01:37.373  2471  3432 D OneSearchSuggestProvider: 	... 8 more
07-11 02:01:37.376  2171  2320 D EGL_emulation: app_time_stats: avg=29868.45ms min=29868.45ms max=29868.45ms count=1
07-11 02:01:37.390  2471  3432 D OneSearchSuggestProvider: Created the binder channel successfully for end point service =com.google.android.apps.search.googleapp.search.suggest.plugins.onesearch.server.OneSearchSuggestService , mChannel=i1{delegate=f{logId=49, target=directaddress:///AndroidComponentAddress%5BIntent%20%7B%20act=grpc.io.action.BIND%20cmp=com.google.android.googlequicksearchbox/com.google.android.apps.search.googleapp.search.suggest.plugins.onesearch.server.OneSearchSuggestService%20%7D%5D}} , mOneSearchConnection=k2.Z@b637c4c
07-11 02:01:37.432  1829  2020 I ImeTracker: com.google.android.apps.nexuslauncher:1fdfa4f8: onRequestHide at ORIGIN_SERVER reason HIDE_UNSPECIFIED_WINDOW fromUser false
07-11 02:01:37.432  1829  2020 I ImeTracker: com.google.android.apps.nexuslauncher:1fdfa4f8: onCancelled at PHASE_SERVER_SHOULD_HIDE
07-11 02:01:37.436   412   412 I RanchuHwc: logCompositionFallbackIfChanged: layer 50 CompositionType fallback from 2 to 1
07-11 02:01:37.449  9737  9737 I GoogleInputMethodService: GoogleInputMethodService.onFinishInput():3126 
07-11 02:01:37.461  1829  1855 W ActivityManager: pid 1829 system sent binder code 3 with flags 1 to frozen apps and got error -32
07-11 02:01:37.461  1829  1855 D ActivityManager: Too many transaction errors, throttling freezer binder callback.
07-11 02:01:37.461  1829  1855 W WindowManager: Failed to deliver inset control state change to w=Window{14ef70b u0 com.example.groupify/com.example.groupify.MainActivity EXITING}
07-11 02:01:37.461  1829  1855 W WindowManager: android.os.DeadObjectException
07-11 02:01:37.461  1829  1855 W WindowManager: 	at android.os.BinderProxy.transactNative(Native Method)
07-11 02:01:37.461  1829  1855 W WindowManager: 	at android.os.BinderProxy.transact(BinderProxy.java:586)
07-11 02:01:37.461  1829  1855 W WindowManager: 	at android.view.IWindow$Stub$Proxy.insetsControlChanged(IWindow.java:486)
07-11 02:01:37.461  1829  1855 W WindowManager: 	at com.android.server.wm.WindowState.notifyInsetsControlChanged(WindowState.java:3817)
07-11 02:01:37.461  1829  1855 W WindowManager: 	at com.android.server.wm.InsetsStateController.lambda$notifyPendingInsetsControlChanged$3(InsetsStateController.java:375)
07-11 02:01:37.461  1829  1855 W WindowManager: 	at com.android.server.wm.InsetsStateController.$r8$lambda$MnP7XA1MDcyrUwoj0hcoT5hTO8E(InsetsStateController.java:0)
07-11 02:01:37.461  1829  1855 W WindowManager: 	at com.android.server.wm.InsetsStateController$$ExternalSyntheticLambda0.run(R8$$SyntheticClass:0)
07-11 02:01:37.461  1829  1855 W WindowManager: 	at com.android.server.wm.WindowAnimator.executeAfterPrepareSurfacesRunnables(WindowAnimator.java:316)
07-11 02:01:37.461  1829  1855 W WindowManager: 	at com.android.server.wm.WindowAnimator.animate(WindowAnimator.java:209)
07-11 02:01:37.461  1829  1855 W WindowManager: 	at com.android.server.wm.WindowAnimator.lambda$new$1(WindowAnimator.java:99)
07-11 02:01:37.461  1829  1855 W WindowManager: 	at com.android.server.wm.WindowAnimator.$r8$lambda$AS_wbK9i-bc6ocCFop7s9PnXP80(WindowAnimator.java:0)
07-11 02:01:37.461  1829  1855 W WindowManager: 	at com.android.server.wm.WindowAnimator$$ExternalSyntheticLambda1.doFrame(R8$$SyntheticClass:0)
07-11 02:01:37.461  1829  1855 W WindowManager: 	at android.view.Choreographer$CallbackRecord.run(Choreographer.java:1404)
07-11 02:01:37.461  1829  1855 W WindowManager: 	at android.view.Choreographer$CallbackRecord.run(Choreographer.java:1415)
07-11 02:01:37.461  1829  1855 W WindowManager: 	at android.view.Choreographer.doCallbacks(Choreographer.java:1015)
07-11 02:01:37.461  1829  1855 W WindowManager: 	at android.view.Choreographer.doFrame(Choreographer.java:941)
07-11 02:01:37.461  1829  1855 W WindowManager: 	at android.view.Choreographer$FrameDisplayEventReceiver.run(Choreographer.java:1389)
07-11 02:01:37.461  1829  1855 W WindowManager: 	at android.os.Handler.handleCallback(Handler.java:959)
07-11 02:01:37.461  1829  1855 W WindowManager: 	at android.os.Handler.dispatchMessage(Handler.java:100)
07-11 02:01:37.461  1829  1855 W WindowManager: 	at android.os.Looper.loopOnce(Looper.java:232)
07-11 02:01:37.461  1829  1855 W WindowManager: 	at android.os.Looper.loop(Looper.java:317)
07-11 02:01:37.461  1829  1855 W WindowManager: 	at android.os.HandlerThread.run(HandlerThread.java:85)
07-11 02:01:37.461  1829  1855 W WindowManager: 	at com.android.server.ServiceThread.run(ServiceThread.java:46)
07-11 02:01:37.477  9737  9737 I GoogleInputMethodService: GoogleInputMethodService.updateDeviceLockedStatus():2216 repeatCheckTimes = 0, locked = false
07-11 02:01:37.481  9737  9737 I GoogleInputMethodService: GoogleInputMethodService.onStartInput():1954 onStartInput(EditorInfo{EditorInfo{packageName=com.google.android.apps.nexuslauncher, inputType=0, inputTypeString=NULL, enableLearning=false, autoCorrection=false, autoComplete=false, imeOptions=0, privateImeOptions=null, actionName=UNSPECIFIED, actionLabel=null, initialSelStart=-1, initialSelEnd=-1, initialCapsMode=0, label=null, fieldId=0, fieldName=null, extras=null, hintText=null, hintLocales=[]}}, false)
07-11 02:01:37.483  9737  9737 I GoogleInputMethodService: GoogleInputMethodService.updateDeviceLockedStatus():2216 repeatCheckTimes = 1, locked = false
07-11 02:01:37.489  9737  9737 I AndroidIME: InputBundleManager.loadActiveInputBundleId():450 loadActiveInputBundleId: und-Latn-x-password, password
07-11 02:01:37.496  1829  3121 W PackageConfigPersister: App-specific configuration not found for packageName: com.google.android.apps.nexuslauncher and userId: 0
07-11 02:01:37.575  9628  9628 I A       : (REDACTED) Created gRPC endpoint for service %s
07-11 02:01:37.695  2471  2471 D SsBaseTemplateCard: No text view can be set up
07-11 02:01:37.695  2471  2471 D SsBaseTemplateCard: Passed-in item info is null
07-11 02:01:37.695  2471  2471 D SsBaseTemplateCard: Passed-in item info is null
07-11 02:01:37.696  2471  2471 D SsBaseTemplateCard: Passed-in item info is null
07-11 02:01:37.696  2471  2471 I SsBaseTemplateCard: Secondary card pane is null
07-11 02:01:37.697  2171  2229 V WindowManagerShell: Transition animation finished (aborted=false), notifying core (#54) android.os.BinderProxy@9b4acf@0
07-11 02:01:37.699  1829  1851 V WindowManager: Finish Transition (#54): created at 07-11 02:01:37.037 collect-started=1.098ms request-sent=2.172ms started=43.155ms ready=114.689ms sent=265.23ms finished=661.0ms
07-11 02:01:37.709  1829  3121 W ActivityManager: pid 1829 system sent binder code 7 with flags 1 to frozen apps and got error -32
07-11 02:01:37.709  1829  3121 D ActivityManager: Too many transaction errors, throttling freezer binder callback.
07-11 02:01:37.714  1829  3121 W WindowManager: Exception thrown during dispatchAppVisibility Window{14ef70b u0 com.example.groupify/com.example.groupify.MainActivity EXITING}
07-11 02:01:37.714  1829  3121 W WindowManager: android.os.DeadObjectException
07-11 02:01:37.714  1829  3121 W WindowManager: 	at android.os.BinderProxy.transactNative(Native Method)
07-11 02:01:37.714  1829  3121 W WindowManager: 	at android.os.BinderProxy.transact(BinderProxy.java:586)
07-11 02:01:37.714  1829  3121 W WindowManager: 	at android.view.IWindow$Stub$Proxy.dispatchAppVisibility(IWindow.java:553)
07-11 02:01:37.714  1829  3121 W WindowManager: 	at com.android.server.wm.WindowState.sendAppVisibilityToClients(WindowState.java:3246)
07-11 02:01:37.714  1829  3121 W WindowManager: 	at com.android.server.wm.WindowContainer.sendAppVisibilityToClients(WindowContainer.java:1292)
07-11 02:01:37.714  1829  3121 W WindowManager: 	at com.android.server.wm.WindowToken.setClientVisible(WindowToken.java:403)
07-11 02:01:37.714  1829  3121 W WindowManager: 	at com.android.server.wm.ActivityRecord.setClientVisible(ActivityRecord.java:7171)
07-11 02:01:37.714  1829  3121 W WindowManager: 	at com.android.server.wm.ActivityRecord.postApplyAnimation(ActivityRecord.java:5895)
07-11 02:01:37.714  1829  3121 W WindowManager: 	at com.android.server.wm.ActivityRecord.commitVisibility(ActivityRecord.java:5837)
07-11 02:01:37.714  1829  3121 W WindowManager: 	at com.android.server.wm.Transition.finishTransition(Transition.java:1276)
07-11 02:01:37.714  1829  3121 W WindowManager: 	at com.android.server.wm.TransitionController.finishTransition(TransitionController.java:897)
07-11 02:01:37.714  1829  3121 W WindowManager: 	at com.android.server.wm.WindowOrganizerController.finishTransition(WindowOrganizerController.java:494)
07-11 02:01:37.714  1829  3121 W WindowManager: 	at android.window.IWindowOrganizerController$Stub.onTransact(IWindowOrganizerController.java:278)
07-11 02:01:37.714  1829  3121 W WindowManager: 	at com.android.server.wm.WindowOrganizerController.onTransact(WindowOrganizerController.java:204)
07-11 02:01:37.714  1829  3121 W WindowManager: 	at android.os.Binder.execTransactInternal(Binder.java:1505)
07-11 02:01:37.714  1829  3121 W WindowManager: 	at android.os.Binder.execTransact(Binder.java:1444)
07-11 02:01:37.714  1829  3121 W Process : Unable to open /proc/11349/status
07-11 02:01:37.732  2171  2229 V WindowManagerShell: Track 0 became idle
07-11 02:01:37.732  2171  2229 V WindowManagerShell: All active transition animations finished
07-11 02:01:37.740  1829  3519 W UserManagerService: Requested status bar icon for non-badged user 0
07-11 02:01:37.743  1829  3121 W UserManagerService: Requested status bar icon for non-badged user 0
07-11 02:01:37.769   444   444 E BpTransactionCompletedListener: Failed to transact (-32)
07-11 02:01:38.243  2471  2471 D SearchTargetUtil:  query= size=15
07-11 02:01:38.244  2471  2471 D SearchTargetUtil: layoutType=short_icon_row resultType=131072 packageName=com.google.android.googlequicksearchbox extras=Bundle{suggestion_type=33,suggest_truncate_start=false,is_answer=false,is_entity=false,is_personal=false,suggest_raw_text=st augustine beach fishing pier,input_query=android.app.search.Query@d37ac80,group_id=web7884508,response_id=b452fab0-50af-495b-ae1a-3fcb148aa229,support_query_builder=false,} searchAction=st augustine beach fishing pier searchActionExtras=Bundle{learn_more_url=https://support.google.com/websearch/answer/106230?hl=106230,suggestion_action_text=Report this,should_start_for_result=true,allow_pinning=true,skip_logging_in_target_handler=true,suggestion_action_rpc=2,}ParentID: null targetID: 37e446a6-a18a-4d21-923f-554a1f6c6370
07-11 02:01:38.244  2471  2471 D SearchTargetUtil: layoutType=short_icon_row resultType=131072 packageName=com.google.android.googlequicksearchbox extras=Bundle{suggestion_type=33,suggest_truncate_start=false,is_answer=false,is_entity=false,is_personal=false,suggest_raw_text=silk recalls,input_query=android.app.search.Query@d37ac80,group_id=web7884508,response_id=b452fab0-50af-495b-ae1a-3fcb148aa229,support_query_builder=false,} searchAction=silk recalls searchActionExtras=Bundle{learn_more_url=https://support.google.com/websearch/answer/106230?hl=106230,suggestion_action_text=Report this,should_start_for_result=true,allow_pinning=true,skip_logging_in_target_handler=true,suggestion_action_rpc=2,}ParentID: null targetID: 3d4bf66c-087d-4bdf-a106-85b08f4de5a7
07-11 02:01:38.244  2471  2471 D SearchTargetUtil: layoutType=short_icon_row resultType=131072 packageName=com.google.android.googlequicksearchbox extras=Bundle{suggestion_type=33,suggest_truncate_start=false,is_answer=false,is_entity=false,is_personal=false,suggest_raw_text=svalinn dogs,input_query=android.app.search.Query@d37ac80,group_id=web7884508,response_id=b452fab0-50af-495b-ae1a-3fcb148aa229,support_query_builder=false,} searchAction=svalinn dogs searchActionExtras=Bundle{learn_more_url=https://support.google.com/websearch/answer/106230?hl=106230,suggestion_action_text=Report this,should_start_for_result=true,allow_pinning=true,skip_logging_in_target_handler=true,suggestion_action_rpc=2,}ParentID: null targetID: 45184023-d119-40a6-8b2c-db8bc1b0d579
07-11 02:01:38.244  2471  2471 D SearchTargetUtil: layoutType=short_icon_row resultType=131072 packageName=com.google.android.googlequicksearchbox extras=Bundle{suggestion_type=33,suggest_truncate_start=false,is_answer=false,is_entity=false,is_personal=false,suggest_raw_text=youtuber praneeth hanumanthu,input_query=android.app.search.Query@d37ac80,group_id=web7884508,response_id=b452fab0-50af-495b-ae1a-3fcb148aa229,support_query_builder=false,} searchAction=youtuber praneeth hanumanthu searchActionExtras=Bundle{learn_more_url=https://support.google.com/websearch/answer/106230?hl=106230,suggestion_action_text=Report this,should_start_for_result=true,allow_pinning=true,skip_logging_in_target_handler=true,suggestion_action_rpc=2,}ParentID: null targetID: 1b4f1618-c2b0-4612-b055-a0daa68268bf
07-11 02:01:38.244  2471  2471 D SearchTargetUtil: layoutType=short_icon_row resultType=131072 packageName=com.google.android.googlequicksearchbox extras=Bundle{suggestion_type=33,suggest_truncate_start=false,is_answer=false,is_entity=false,is_personal=false,suggest_raw_text=united airlines plane loses wheel,input_query=android.app.search.Query@d37ac80,group_id=web7884508,response_id=b452fab0-50af-495b-ae1a-3fcb148aa229,support_query_builder=false,} searchAction=united airlines plane loses wheel searchActionExtras=Bundle{learn_more_url=https://support.google.com/websearch/answer/106230?hl=106230,suggestion_action_text=Report this,should_start_for_result=true,allow_pinning=true,skip_logging_in_target_handler=true,suggestion_action_rpc=2,}ParentID: null targetID: bb130fb4-9947-4d41-b6fc-2bf663063536
07-11 02:01:38.245  2471  2471 D SearchTargetUtil: layoutType=short_icon_row resultType=131072 packageName=com.google.android.googlequicksearchbox extras=Bundle{suggestion_type=33,suggest_truncate_start=false,is_answer=false,is_entity=false,is_personal=false,suggest_raw_text=krispy kreme doughnuts 87 cents,input_query=android.app.search.Query@d37ac80,group_id=web7884508,response_id=b452fab0-50af-495b-ae1a-3fcb148aa229,support_query_builder=false,} searchAction=krispy kreme doughnuts 87 cents searchActionExtras=Bundle{learn_more_url=https://support.google.com/websearch/answer/106230?hl=106230,suggestion_action_text=Report this,should_start_for_result=true,allow_pinning=true,skip_logging_in_target_handler=true,suggestion_action_rpc=2,}ParentID: null targetID: 70244fe7-dc75-4e86-8b5d-b20006e945cd
07-11 02:01:38.245  2471  2471 D SearchTargetUtil: layoutType=short_icon_row resultType=131072 packageName=com.google.android.googlequicksearchbox extras=Bundle{suggestion_type=33,suggest_truncate_start=false,is_answer=false,is_entity=false,is_personal=false,suggest_raw_text=judiciary committee,input_query=android.app.search.Query@d37ac80,group_id=web7884508,response_id=b452fab0-50af-495b-ae1a-3fcb148aa229,support_query_builder=false,} searchAction=judiciary committee searchActionExtras=Bundle{learn_more_url=https://support.google.com/websearch/answer/106230?hl=106230,suggestion_action_text=Report this,should_start_for_result=true,allow_pinning=true,skip_logging_in_target_handler=true,suggestion_action_rpc=2,}ParentID: null targetID: 7b229d21-61f2-4d4a-a7c5-19e4634690c2
07-11 02:01:38.245  2471  2471 D SearchTargetUtil: layoutType=short_icon_row resultType=131072 packageName=com.google.android.googlequicksearchbox extras=Bundle{suggestion_type=33,suggest_truncate_start=false,is_answer=false,is_entity=false,is_personal=false,suggest_raw_text=motorcyclist dies death valley,input_query=android.app.search.Query@d37ac80,group_id=web7884508,response_id=b452fab0-50af-495b-ae1a-3fcb148aa229,support_query_builder=false,} searchAction=motorcyclist dies death valley searchActionExtras=Bundle{learn_more_url=https://support.google.com/websearch/answer/106230?hl=106230,suggestion_action_text=Report this,should_start_for_result=true,allow_pinning=true,skip_logging_in_target_handler=true,suggestion_action_rpc=2,}ParentID: null targetID: 94dbb7b1-0ece-4ab0-81c6-84c2fc2a2777
07-11 02:01:38.246  2471  2471 D SearchTargetUtil: layoutType=short_icon_row resultType=131072 packageName=com.google.android.googlequicksearchbox extras=Bundle{suggestion_type=33,suggest_truncate_start=false,is_answer=false,is_entity=false,is_personal=false,suggest_raw_text=the devil wears prada sequel,input_query=android.app.search.Query@d37ac80,group_id=web7884508,response_id=b452fab0-50af-495b-ae1a-3fcb148aa229,support_query_builder=false,} searchAction=the devil wears prada sequel searchActionExtras=Bundle{learn_more_url=https://support.google.com/websearch/answer/106230?hl=106230,suggestion_action_text=Report this,should_start_for_result=true,allow_pinning=true,skip_logging_in_target_handler=true,suggestion_action_rpc=2,}ParentID: null targetID: f3c13d0a-0154-4744-9597-8e14a99bc6b4
07-11 02:01:38.246  2471  2471 D SearchTargetUtil: layoutType=short_icon_row resultType=131072 packageName=com.google.android.googlequicksearchbox extras=Bundle{suggestion_type=33,suggest_truncate_start=false,is_answer=false,is_entity=false,is_personal=false,suggest_raw_text=rodeo mexican restaurant margarita,input_query=android.app.search.Query@d37ac80,group_id=web7884508,response_id=b452fab0-50af-495b-ae1a-3fcb148aa229,support_query_builder=false,} searchAction=rodeo mexican restaurant margarita searchActionExtras=Bundle{learn_more_url=https://support.google.com/websearch/answer/106230?hl=106230,suggestion_action_text=Report this,should_start_for_result=true,allow_pinning=true,skip_logging_in_target_handler=true,suggestion_action_rpc=2,}ParentID: null targetID: 750a5041-c9a2-4583-a2f1-b3f05eda8751
07-11 02:01:38.246  2471  2471 D SearchTargetUtil: layoutType=short_icon_row resultType=131072 packageName=com.google.android.googlequicksearchbox extras=Bundle{suggestion_type=33,suggest_truncate_start=false,is_answer=false,is_entity=false,is_personal=false,suggest_raw_text=intuit layoffs,input_query=android.app.search.Query@d37ac80,group_id=web7884508,response_id=b452fab0-50af-495b-ae1a-3fcb148aa229,support_query_builder=false,} searchAction=intuit layoffs searchActionExtras=Bundle{learn_more_url=https://support.google.com/websearch/answer/106230?hl=106230,suggestion_action_text=Report this,should_start_for_result=true,allow_pinning=true,skip_logging_in_target_handler=true,suggestion_action_rpc=2,}ParentID: null targetID: b000b913-0a03-44f2-9ed5-7f3784da1226
07-11 02:01:38.246  2471  2471 D SearchTargetUtil: layoutType=short_icon_row resultType=131072 packageName=com.google.android.googlequicksearchbox extras=Bundle{suggestion_type=33,suggest_truncate_start=false,is_answer=false,is_entity=false,is_personal=false,suggest_raw_text=mcdonalds kit kat banana split mcflurry,input_query=android.app.search.Query@d37ac80,group_id=web7884508,response_id=b452fab0-50af-495b-ae1a-3fcb148aa229,support_query_builder=false,} searchAction=mcdonalds kit kat banana split mcflurry searchActionExtras=Bundle{learn_more_url=https://support.google.com/websearch/answer/106230?hl=106230,suggestion_action_text=Report this,should_start_for_result=true,allow_pinning=true,skip_logging_in_target_handler=true,suggestion_action_rpc=2,}ParentID: null targetID: 4b5a0b92-9478-4017-bc55-a6c15f928eb6
07-11 02:01:38.246  2471  2471 D SearchTargetUtil: layoutType=short_icon_row resultType=131072 packageName=com.google.android.googlequicksearchbox extras=Bundle{suggestion_type=33,suggest_truncate_start=false,is_answer=false,is_entity=false,is_personal=false,suggest_raw_text=dartmouth student death hazing,input_query=android.app.search.Query@d37ac80,group_id=web7884508,response_id=b452fab0-50af-495b-ae1a-3fcb148aa229,support_query_builder=false,} searchAction=dartmouth student death hazing searchActionExtras=Bundle{learn_more_url=https://support.google.com/websearch/answer/106230?hl=106230,suggestion_action_text=Report this,should_start_for_result=true,allow_pinning=true,skip_logging_in_target_handler=true,suggestion_action_rpc=2,}ParentID: null targetID: 498ef43a-d78e-498f-8a72-aa4bbc783003
07-11 02:01:38.246  2471  2471 D SearchTargetUtil: layoutType=short_icon_row resultType=131072 packageName=com.google.android.googlequicksearchbox extras=Bundle{suggestion_type=33,suggest_truncate_start=false,is_answer=false,is_entity=false,is_personal=false,suggest_raw_text=bubonic plague case colorado,input_query=android.app.search.Query@d37ac80,group_id=web7884508,response_id=b452fab0-50af-495b-ae1a-3fcb148aa229,support_query_builder=false,} searchAction=bubonic plague case colorado searchActionExtras=Bundle{learn_more_url=https://support.google.com/websearch/answer/106230?hl=106230,suggestion_action_text=Report this,should_start_for_result=true,allow_pinning=true,skip_logging_in_target_handler=true,suggestion_action_rpc=2,}ParentID: null targetID: c9dbbdd2-2639-4082-8d91-2faca6250347
07-11 02:01:38.246  2471  2471 D SearchTargetUtil: layoutType=short_icon_row resultType=131072 packageName=com.google.android.googlequicksearchbox extras=Bundle{suggestion_type=33,suggest_truncate_start=false,is_answer=false,is_entity=false,is_personal=false,suggest_raw_text=free slurpees,input_query=android.app.search.Query@d37ac80,group_id=web7884508,response_id=b452fab0-50af-495b-ae1a-3fcb148aa229,support_query_builder=false,} searchAction=free slurpees searchActionExtras=Bundle{learn_more_url=https://support.google.com/websearch/answer/106230?hl=106230,suggestion_action_text=Report this,should_start_for_result=true,allow_pinning=true,skip_logging_in_target_handler=true,suggestion_action_rpc=2,}ParentID: null targetID: ccae36b3-f338-42ed-93e0-6e16c0977ee7
07-11 02:01:38.970 11550 11550 E Parcel  : Reading a NULL string not supported here.
07-11 02:01:39.017 11550 11550 W service : type=1400 audit(0.0:476): avc:  denied  { call } for  scontext=u:r:shell:s0 tcontext=u:r:hal_authsecret_default:s0 tclass=binder permissive=0
07-11 02:01:39.026 11550 11550 E IPCThreadState: Binder transaction failure: 1204415/29201/-1
07-11 02:01:39.025 11550 11550 W service : type=1400 audit(0.0:477): avc:  denied  { call } for  scontext=u:r:shell:s0 tcontext=u:r:hal_face_default:s0 tclass=binder permissive=0
07-11 02:01:39.041 11550 11550 E IPCThreadState: Binder transaction failure: 1204419/29201/-1
07-11 02:01:39.037 11550 11550 W service : type=1400 audit(0.0:478): avc:  denied  { call } for  scontext=u:r:shell:s0 tcontext=u:r:hal_fingerprint_default:s0 tclass=binder permissive=0
07-11 02:01:39.058 11550 11550 E IPCThreadState: Binder transaction failure: 1204424/29201/-1
07-11 02:01:39.053 11550 11550 W service : type=1400 audit(0.0:479): avc:  denied  { call } for  scontext=u:r:shell:s0 tcontext=u:r:hal_bluetooth_default:s0 tclass=binder permissive=0
07-11 02:01:39.082 11550 11550 E IPCThreadState: Binder transaction failure: 1204429/29201/-1
07-11 02:01:39.083 11550 11550 E IPCThreadState: Binder transaction failure: 1204434/29201/-1
07-11 02:01:39.089 11550 11550 E IPCThreadState: Binder transaction failure: 1204439/29201/-1
07-11 02:01:39.095 11550 11550 E IPCThreadState: Binder transaction failure: 1204443/29201/-1
07-11 02:01:39.081 11550 11550 W service : type=1400 audit(0.0:480): avc:  denied  { call } for  scontext=u:r:shell:s0 tcontext=u:r:hal_audio_default:s0 tclass=binder permissive=0
07-11 02:01:39.107 11550 11550 E IPCThreadState: Binder transaction failure: 1204453/29201/-1
07-11 02:01:39.085 11550 11550 W service : type=1400 audit(0.0:481): avc:  denied  { call } for  scontext=u:r:shell:s0 tcontext=u:r:hal_camera_default:s0 tclass=binder permissive=0
07-11 02:01:39.089 11550 11550 W service : type=1400 audit(0.0:482): avc:  denied  { call } for  scontext=u:r:shell:s0 tcontext=u:r:hal_camera_default:s0 tclass=binder permissive=0
07-11 02:01:39.101 11550 11550 W service : type=1400 audit(0.0:483): avc:  denied  { call } for  scontext=u:r:shell:s0 tcontext=u:r:hal_contexthub_default:s0 tclass=binder permissive=0
07-11 02:01:39.130 11550 11550 E IPCThreadState: Binder transaction failure: 1204462/29201/-1
07-11 02:01:39.134 11550 11550 E IPCThreadState: Binder transaction failure: 1204467/29201/-1
07-11 02:01:39.137 11550 11550 E IPCThreadState: Binder transaction failure: 1204472/29201/-1
07-11 02:01:39.138 11550 11550 E IPCThreadState: Binder transaction failure: 1204476/29201/-1
07-11 02:01:39.141 11550 11550 E IPCThreadState: Binder transaction failure: 1204480/29201/-1
07-11 02:01:39.160 11550 11550 E IPCThreadState: Binder transaction failure: 1204505/29201/-1
07-11 02:01:39.161 11550 11550 E IPCThreadState: Binder transaction failure: 1204509/29201/-1
07-11 02:01:39.165 11550 11550 E IPCThreadState: Binder transaction failure: 1204513/29201/-1
07-11 02:01:39.166 11550 11550 E IPCThreadState: Binder transaction failure: 1204517/29201/-1
07-11 02:01:39.169 11550 11550 E IPCThreadState: Binder transaction failure: 1204522/29201/-1
07-11 02:01:39.171 11550 11550 E IPCThreadState: Binder transaction failure: 1204526/29201/-1
07-11 02:01:39.171 11550 11550 E IPCThreadState: Binder transaction failure: 1204530/29201/-1
07-11 02:01:39.175 11550 11550 E IPCThreadState: Binder transaction failure: 1204534/29201/-1
07-11 02:01:39.177 11550 11550 E IPCThreadState: Binder transaction failure: 1204538/29201/-1
07-11 02:01:39.178 11550 11550 E IPCThreadState: Binder transaction failure: 1204542/29201/-1
07-11 02:01:39.180 11550 11550 E IPCThreadState: Binder transaction failure: 1204546/29201/-1
07-11 02:01:39.181 11550 11550 E IPCThreadState: Binder transaction failure: 1204550/29201/-1
07-11 02:01:39.212 11550 11550 E IPCThreadState: Binder transaction failure: 1204567/29201/-1
07-11 02:01:39.214 11550 11550 E IPCThreadState: Binder transaction failure: 1204571/29201/-1
07-11 02:01:39.216 11550 11550 E IPCThreadState: Binder transaction failure: 1204575/29201/-1
07-11 02:01:39.218 11550 11550 E IPCThreadState: Binder transaction failure: 1204580/29201/-1
07-11 02:01:39.222 11550 11550 E IPCThreadState: Binder transaction failure: 1204584/29201/-1
07-11 02:01:39.223 11550 11550 E IPCThreadState: Binder transaction failure: 1204588/29201/-1
07-11 02:01:39.254 11550 11550 E IPCThreadState: Binder transaction failure: 1204636/29201/-1
07-11 02:01:39.257 11550 11550 E IPCThreadState: Binder transaction failure: 1204640/29201/-1
07-11 02:01:39.260 11550 11550 E Parcel  : Reading a NULL string not supported here.
07-11 02:01:39.302 11550 11550 E Parcel  : Reading a NULL string not supported here.
07-11 02:01:39.312 11550 11550 E Parcel  : Reading a NULL string not supported here.
07-11 02:01:39.328 11550 11550 E Parcel  : Reading a NULL string not supported here.
07-11 02:01:39.369 11550 11550 E Parcel  : Reading a NULL string not supported here.
07-11 02:01:39.380 11550 11550 E Parcel  : Reading a NULL string not supported here.
07-11 02:01:39.381 11550 11550 E Parcel  : Reading a NULL string not supported here.
07-11 02:01:39.396 11550 11550 E Parcel  : Reading a NULL string not supported here.
07-11 02:01:39.398 11550 11550 E Parcel  : Reading a NULL string not supported here.
07-11 02:01:39.422 11550 11550 E Parcel  : Reading a NULL string not supported here.
07-11 02:01:39.445 11550 11550 E Parcel  : Reading a NULL string not supported here.
07-11 02:01:39.527 11550 11550 E Parcel  : Reading a NULL string not supported here.
07-11 02:01:39.535 11550 11550 E Parcel  : Reading a NULL string not supported here.
07-11 02:01:39.623 11550 11550 E Parcel  : Reading a NULL string not supported here.
07-11 02:01:39.660 11550 11550 E Parcel  : Reading a NULL string not supported here.
07-11 02:01:39.731 11550 11550 E Parcel  : Reading a NULL string not supported here.
07-11 02:01:39.768 11550 11550 E Parcel  : Reading a NULL string not supported here.
07-11 02:01:39.821 11550 11550 E Parcel  : Reading a NULL string not supported here.
07-11 02:01:39.837 11550 11550 E Parcel  : Reading a NULL string not supported here.
07-11 02:01:39.915 11550 11550 E IPCThreadState: Binder transaction failure: 1205767/29201/-1
07-11 02:01:39.969  7800  7800 I studio.deploy: Received request 'overlayinstall'
07-11 02:01:39.975 11334 11334 E studio.deploy: ERROR: Could not remove dir '/data/data/com.example.groupify/code_cache/.ll/': No such file or directory
07-11 02:01:40.048  1829  3519 I ActivityManager: Force stopping com.example.groupify appid=10197 user=0: from pid 11560
07-11 02:01:40.059  6313  6313 D CarrierSvcBindHelper: onHandleForceStop: [com.example.groupify]
07-11 02:01:40.059  6313  6313 D CarrierSvcBindHelper: No carrier app for: 0
07-11 02:01:40.088 11563 11563 E Parcel  : Reading a NULL string not supported here.
07-11 02:01:40.114 11563 11563 E IPCThreadState: Binder transaction failure: 1205900/29201/-1
07-11 02:01:40.115 11563 11563 E IPCThreadState: Binder transaction failure: 1205904/29201/-1
07-11 02:01:40.109 11563 11563 W service : type=1400 audit(0.0:510): avc:  denied  { call } for  scontext=u:r:shell:s0 tcontext=u:r:hal_authsecret_default:s0 tclass=binder permissive=0
