07-11 04:14:26.396 12583 12583 D AllAppInfo: App Name: Input Devices, Package Name: com.android.inputdevices, Version Name: 15, Version Code: 35
07-11 04:14:26.396 12583 12583 D AllAppInfo: App Name: com.android.traceur.auto_generated_rro_product__, Package Name: com.android.traceur.auto_generated_rro_product__, Version Name: 1.0, Version Code: 1
07-11 04:14:26.405 12583 12583 D AllAppInfo: App Name: Digital Wellbeing, Package Name: com.google.android.apps.wellbeing, Version Name: 1.10.632261353 (608297), Version Code: 608297
07-11 04:14:26.441 12583 12583 D AllAppInfo: App Name: DeviceLockController, Package Name: com.google.android.devicelockcontroller, Version Name: 15, Version Code: 35
07-11 04:14:26.449 12583 12583 D AllAppInfo: App Name: Phone, Package Name: com.google.android.dialer, Version Name: 127.0.620688474, Version Code: 16046250
07-11 04:14:26.468 12583 12583 D AllAppInfo: App Name: Default Print Service, Package Name: com.android.bips, Version Name: 15, Version Code: 35
07-11 04:14:26.468 12583 12583 D AllAppInfo: App Name: Filled, Package Name: com.android.internal.emulation.pixel_3, Version Name: 1.0, Version Code: 1
07-11 04:14:26.468 12583 12583 D AllAppInfo: App Name: Filled, Package Name: com.android.internal.emulation.pixel_4, Version Name: 1.0, Version Code: 1
07-11 04:14:26.468 12583 12583 D AllAppInfo: App Name: Filled, Package Name: com.android.internal.emulation.pixel_5, Version Name: 1.0, Version Code: 1
07-11 04:14:26.468 12583 12583 D AllAppInfo: App Name: Filled, Package Name: com.android.internal.emulation.pixel_6, Version Name: 1.0, Version Code: 1
07-11 04:14:26.469 12583 12583 D AllAppInfo: App Name: Filled, Package Name: com.android.internal.emulation.pixel_7, Version Name: 1.0, Version Code: 1
07-11 04:14:26.469 12583 12583 D AllAppInfo: App Name: Filled, Package Name: com.android.internal.emulation.pixel_8, Version Name: 1.0, Version Code: 1
07-11 04:14:26.479 12583 12583 D AllAppInfo: App Name: Captive Portal Login, Package Name: com.google.android.captiveportallogin, Version Name: 15, Version Code: 350038000
07-11 04:14:26.479 12583 12583 D AllAppInfo: App Name: android.auto_generated_characteristics_rro, Package Name: android.auto_generated_characteristics_rro, Version Name: 15, Version Code: 35
07-11 04:14:26.479 12583 12583 D AllAppInfo: App Name: com.google.android.appsearch.apk, Package Name: com.google.android.appsearch.apk, Version Name: 15, Version Code: 35
07-11 04:14:26.491 12583 12583 D AllAppInfo: App Name: MusicFX, Package Name: com.android.musicfx, Version Name: 1.4, Version Code: 10400
07-11 04:14:26.502 12583 12583 D AllAppInfo: App Name: Drive, Package Name: com.google.android.apps.docs, Version Name: 2.24.087.1.x86_64.alldpi, Version Code: 213503463
07-11 04:14:26.516 12583 12583 D AllAppInfo: App Name: Maps, Package Name: com.google.android.apps.maps, Version Name: 11.126.0108, Version Code: 1067497726
07-11 04:14:26.523 12583 12583 D AllAppInfo: App Name: Main components, Package Name: com.google.android.modulemetadata, Version Name: 2024-01-01S+, Version Code: 350021004
07-11 04:14:26.527 12583 12583 D AllAppInfo: App Name: Emu01 display cutout, Package Name: com.android.internal.display.cutout.emulation.emu01, Version Name: 1.0, Version Code: 1
07-11 04:14:26.552 12583 12583 D AllAppInfo: App Name: Google Avatar Picker, Package Name: com.google.android.avatarpicker, Version Name: 15, Version Code: 35
07-11 04:14:26.568 12583 12583 D AllAppInfo: App Name: Markup, Package Name: com.google.android.markup, Version Name: 1.0, Version Code: 218
07-11 04:14:26.568 12583 12583 D AllAppInfo: App Name: com.android.cellbroadcastreceiver, Package Name: com.android.cellbroadcastreceiver, Version Name: R-initial, Version Code: 300000000
07-11 04:14:26.568 12583 12583 D AllAppInfo: App Name: Android System WebView, Package Name: com.google.android.webview, Version Name: 124.0.6367.219, Version Code: 636771938
07-11 04:14:26.573 12583 12583 D AllAppInfo: App Name: Network manager, Package Name: com.google.android.networkstack, Version Name: 15, Version Code: 350038000
07-11 04:14:26.594 12583 12583 D AllAppInfo: App Name: RemoteProvisioner, Package Name: com.google.android.rkpdapp, Version Name: 15, Version Code: 35
07-11 04:14:26.605 12583 12583 D AllAppInfo: App Name: Contacts, Package Name: com.google.android.contacts, Version Name: 4.30.51.630483513, Version Code: 3174095
07-11 04:14:26.647 12583 12583 D AllAppInfo: App Name: Phone Calls, Package Name: com.android.server.telecom, Version Name: 15, Version Code: 35
07-11 04:14:26.652 12583 12583 D AllAppInfo: App Name: Key Chain, Package Name: com.android.keychain, Version Name: 15, Version Code: 35
07-11 04:14:26.652 12583 12583 D AllAppInfo: App Name: com.android.server.telecom.auto_generated_rro_product__, Package Name: com.android.server.telecom.auto_generated_rro_product__, Version Name: 1.0, Version Code: 1
07-11 04:14:26.652 12583 12583 D AllAppInfo: App Name: com.android.phone.auto_generated_characteristics_rro, Package Name: com.android.phone.auto_generated_characteristics_rro, Version Name: 15, Version Code: 35
07-11 04:14:26.652 12583 12583 D AllAppInfo: App Name: com.google.android.overlay.googleconfig, Package Name: com.google.android.overlay.googleconfig, Version Name: 1.0, Version Code: 1
07-11 04:14:26.678 12583 12583 D AllAppInfo: App Name: Chrome, Package Name: com.android.chrome, Version Name: 124.0.6367.219, Version Code: 636771938
07-11 04:14:26.678 12583 12583 D AllAppInfo: App Name: com.android.bips.auto_generated_rro_product__, Package Name: com.android.bips.auto_generated_rro_product__, Version Name: 1.0, Version Code: 1
07-11 04:14:26.726 12583 12583 D AllAppInfo: App Name: Package installer, Package Name: com.google.android.packageinstaller, Version Name: 15, Version Code: 35
07-11 04:14:26.739 12583 12583 D AllAppInfo: App Name: Pixel Themes, Package Name: com.google.android.apps.customization.pixel, Version Name: 15, Version Code: 2
07-11 04:14:26.745 12583 12583 D AllAppInfo: App Name: Google Play services, Package Name: com.google.android.gms, Version Name: 24.23.35 (190800-646585959), Version Code: 242335041
07-11 04:14:26.761 12583 12583 D AllAppInfo: App Name: Google Services Framework, Package Name: com.google.android.gsf, Version Name: 15, Version Code: 35
07-11 04:14:26.773 12583 12583 D AllAppInfo: App Name: Tags, Package Name: com.google.android.tag, Version Name: 1.1, Version Code: 101
07-11 04:14:26.792 12583 12583 D AllAppInfo: App Name: Speech Recognition and Synthesis from Google, Package Name: com.google.android.tts, Version Name: googletts.google-speech-apk_20240319.00_p0.617183227, Version Code: 210476567
07-11 04:14:26.792 12583 12583 D AllAppInfo: App Name: com.google.android.overlay.permissioncontroller, Package Name: com.google.android.overlay.permissioncontroller, Version Name: 1.0, Version Code: 1
07-11 04:14:26.792 12583 12583 D AllAppInfo: App Name: com.google.android.googlesdksetup, Package Name: com.google.android.googlesdksetup, Version Name: 15, Version Code: 35
07-11 04:14:26.801 12583 12583 D AllAppInfo: App Name: Call Log Backup/Restore, Package Name: com.android.calllogbackup, Version Name: 15, Version Code: 35
07-11 04:14:26.806 12583 12583 D AllAppInfo: App Name: Google Partner Setup, Package Name: com.google.android.partnersetup, Version Name: 100.448391512, Version Code: 1450
07-11 04:14:26.810 12583 12583 D AllAppInfo: App Name: CameraExtensionsProxy, Package Name: com.android.cameraextensions, Version Name: 15, Version Code: 35
07-11 04:14:26.818 12583 12583 D AllAppInfo: App Name: Google Wallpaper Images, Package Name: com.google.android.apps.wallpaper.nexus, Version Name: nexus_wallpapers_20180605, Version Code: 170000000
07-11 04:14:26.819 12583 12583 D AllAppInfo: App Name: com.android.localtransport, Package Name: com.android.localtransport, Version Name: 15, Version Code: 35
07-11 04:14:26.889 12583 12583 D AllAppInfo: App Name: Pixel Launcher, Package Name: com.google.android.apps.nexuslauncher, Version Name: 15, Version Code: 907
07-11 04:14:26.904 12583 12583 D AllAppInfo: App Name: Carrier Communications, Package Name: com.android.carrierdefaultapp, Version Name: 15, Version Code: 35
07-11 04:14:26.918 12583 12583 D AllAppInfo: App Name: Credential Manager, Package Name: com.android.credentialmanager, Version Name: 15, Version Code: 35
07-11 04:14:26.922 12583 12583 D AllAppInfo: App Name: Noto Serif / Source Sans Pro, Package Name: com.android.theme.font.notoserifsource, Version Name: 1.0, Version Code: 1
07-11 04:14:26.942 12583 12583 D AllAppInfo: App Name: Webcam Service, Package Name: com.android.DeviceAsWebcam, Version Name: 15, Version Code: 35
07-11 04:14:26.956 12583 12583 D AllAppInfo: App Name: ProxyHandler, Package Name: com.android.proxyhandler, Version Name: 15, Version Code: 35
07-11 04:14:26.985 12583 12583 D AllAppInfo: App Name: Google Safety Center Resources, Package Name: com.google.android.safetycenter.resources, Version Name: 33 system image, Version Code: 339999900
07-11 04:14:26.994 12583 12583 D AllAppInfo: App Name: Waterfall cutout, Package Name: com.android.internal.display.cutout.emulation.waterfall, Version Name: 1.0, Version Code: 1
07-11 04:14:27.023 12583 12583 D AllAppInfo: App Name: IntentResolver, Package Name: com.android.intentresolver, Version Name: 2021-11, Version Code: 0
07-11 04:14:27.026 12583 12583 D AllAppInfo: App Name: Transparent navigation bar, Package Name: com.android.internal.systemui.navbar.transparent, Version Name: 1.0, Version Code: 1
07-11 04:14:27.035 12583 12583 D AllAppInfo: App Name: ContactsKeys Storage, Package Name: com.android.providers.contactkeys, Version Name: 15, Version Code: 35
07-11 04:14:27.054 12583 12583 D AllAppInfo: App Name: System Connectivity Resources, Package Name: com.google.android.connectivity.resources, Version Name: S-initial, Version Code: 1
07-11 04:14:27.054 12583 12583 D AllAppInfo: App Name: com.android.providers.contacts.auto_generated_rro_product__, Package Name: com.android.providers.contacts.auto_generated_rro_product__, Version Name: 1.0, Version Code: 1
07-11 04:14:27.067 12583 12583 D AllAppInfo: App Name: Market Feedback Agent, Package Name: com.google.android.feedback, Version Name: 15, Version Code: 35
07-11 04:14:27.077 12583 12583 D AllAppInfo: App Name: Print Service Recommendation Service, Package Name: com.google.android.printservice.recommendation, Version Name: 1.3.0, Version Code: 4
07-11 04:14:27.088 12583 12583 D AllAppInfo: App Name: Photos, Package Name: com.google.android.apps.photos, Version Name: 6.81.0.630134183, Version Code: 48932570
07-11 04:14:27.098 12583 12583 D AllAppInfo: App Name: Calendar, Package Name: com.google.android.calendar, Version Name: 2024.13.0-620698557-release, Version Code: 2017394391
07-11 04:14:27.139 12583 12583 D AllAppInfo: App Name: Work Setup, Package Name: com.android.managedprovisioning, Version Name: 15, Version Code: 35
07-11 04:14:27.152 12583 12583 D AllAppInfo: App Name: Sounds, Package Name: com.android.soundpicker, Version Name: 15, Version Code: 35
07-11 04:14:27.176 12583 12583 D AllAppInfo: App Name: Files, Package Name: com.google.android.documentsui, Version Name: 15, Version Code: 350038000
07-11 04:14:27.176 12583 12583 D AllAppInfo: App Name: Filled, Package Name: com.android.systemui.emulation.pixel_3a_xl, Version Name: 1.0, Version Code: 1
07-11 04:14:27.176 12583 12583 D AllAppInfo: App Name: Filled, Package Name: com.android.systemui.emulation.pixel_6_pro, Version Name: 1.0, Version Code: 1
07-11 04:14:27.176 12583 12583 D AllAppInfo: App Name: Filled, Package Name: com.android.systemui.emulation.pixel_7_pro, Version Name: 1.0, Version Code: 1
07-11 04:14:27.176 12583 12583 D AllAppInfo: App Name: Filled, Package Name: com.android.systemui.emulation.pixel_8_pro, Version Name: 1.0, Version Code: 1
07-11 04:14:27.181 12583 12583 D AllAppInfo: App Name: Support components, Package Name: com.google.mainline.telemetry, Version Name: 2024-01-01S+, Version Code: 350016004
07-11 04:14:27.182 12583 12583 D AllAppInfo: App Name: com.android.carrierconfig.auto_generated_rro_product__, Package Name: com.android.carrierconfig.auto_generated_rro_product__, Version Name: 1.0, Version Code: 1
07-11 04:14:27.184 12583 12583 D AllAppInfo: App Name: Emulator Multi Display Provider, Package Name: com.android.emulator.multidisplay, Version Name: 15, Version Code: 35
07-11 04:14:27.185 12583 12583 D AllAppInfo: App Name: com.android.devicediagnostics.auto_generated_rro_product__, Package Name: com.android.devicediagnostics.auto_generated_rro_product__, Version Name: 1.0, Version Code: 1
07-11 04:14:27.226 12583 12583 D AllAppInfo: App Name: DeviceDiagnostics, Package Name: com.android.devicediagnostics, Version Name: 15, Version Code: 35
07-11 04:14:27.226 12583 12583 D AllAppInfo: App Name: com.google.android.overlay.largescreensettingsprovider, Package Name: com.google.android.overlay.largescreensettingsprovider, Version Name: 1.0, Version Code: 1
07-11 04:14:27.226 12583 12583 D AllAppInfo: App Name: com.android.providers.partnerbookmarks, Package Name: com.android.providers.partnerbookmarks, Version Name: 15, Version Code: 35
07-11 04:14:27.229 12583 12583 D AllAppInfo: App Name: Notes Role enabled, Package Name: com.android.role.notes.enabled, Version Name: 1.0, Version Code: 1
07-11 04:14:27.250 12583 12583 D AllAppInfo: App Name: Live Wallpaper Picker, Package Name: com.android.wallpaper.livepicker, Version Name: 15, Version Code: 35
07-11 04:14:27.250 12583 12583 D AllAppInfo: App Name: com.android.providers.telephony.auto_generated_rro_product__, Package Name: com.android.providers.telephony.auto_generated_rro_product__, Version Name: 1.0, Version Code: 1
07-11 04:14:27.250 12583 12583 D AllAppInfo: App Name: com.android.phone.auto_generated_rro_vendor__, Package Name: com.android.phone.auto_generated_rro_vendor__, Version Name: 1.0, Version Code: 1
07-11 04:14:27.253 12583 12583 D AllAppInfo: App Name: Main components, Package Name: com.google.mainline.adservices, Version Name: 2024-01-01T+, Version Code: 350015000
07-11 04:14:27.254 12583 12583 D AllAppInfo: App Name: com.android.imsserviceentitlement, Package Name: com.android.imsserviceentitlement, Version Name: 15, Version Code: 35
07-11 04:14:27.280 12583 12583 D AllAppInfo: App Name: HealthConnect, Package Name: com.google.android.healthconnect.controller, Version Name: 15, Version Code: 35
07-11 04:14:27.290 12583 12583 D AllAppInfo: App Name: System parental controls, Package Name: com.google.android.gms.supervision, Version Name: 0.1.stub, Version Code: 1
07-11 04:14:27.290 12583 12583 D AllAppInfo: App Name: Filled, Package Name: com.android.internal.emulation.pixel_2_xl, Version Name: 1.0, Version Code: 1
07-11 04:14:27.290 12583 12583 D AllAppInfo: App Name: Filled, Package Name: com.android.internal.emulation.pixel_3_xl, Version Name: 1.0, Version Code: 1
07-11 04:14:27.290 12583 12583 D AllAppInfo: App Name: Filled, Package Name: com.android.internal.emulation.pixel_4_xl, Version Name: 1.0, Version Code: 1
07-11 04:14:27.290 12583 12583 D AllAppInfo: App Name: Filled, Package Name: com.android.internal.emulation.pixel_fold, Version Name: 1.0, Version Code: 1
07-11 04:14:27.315 12583 12583 D AllAppInfo: App Name: Storage Manager, Package Name: com.android.storagemanager, Version Name: 15, Version Code: 35
07-11 04:14:27.322 12583 12583 D AllAppInfo: App Name: Bookmark Provider, Package Name: com.android.bookmarkprovider, Version Name: 15, Version Code: 35
07-11 04:14:27.322 12583 12583 D AllAppInfo: App Name: com.google.android.overlay.pixelconfigcommon, Package Name: com.google.android.overlay.pixelconfigcommon, Version Name: 1.0, Version Code: 1
07-11 04:14:27.400 12583 12583 D AllAppInfo: App Name: Settings, Package Name: com.android.settings, Version Name: 15, Version Code: 35
07-11 04:14:27.400 12583 12583 D AllAppInfo: App Name: com.android.systemui.accessibility.accessibilitymenu.auto_generated_rro_product__, Package Name: com.android.systemui.accessibility.accessibilitymenu.auto_generated_rro_product__, Version Name: 1.0, Version Code: 1
07-11 04:14:27.400 12583 12583 D AllAppInfo: App Name: Filled, Package Name: com.android.systemui.emulation.pixel_3a, Version Name: 1.0, Version Code: 1
07-11 04:14:27.400 12583 12583 D AllAppInfo: App Name: Filled, Package Name: com.android.systemui.emulation.pixel_4a, Version Name: 1.0, Version Code: 1
07-11 04:14:27.401 12583 12583 D AllAppInfo: App Name: Filled, Package Name: com.android.systemui.emulation.pixel_6a, Version Name: 1.0, Version Code: 1
07-11 04:14:27.401 12583 12583 D AllAppInfo: App Name: Filled, Package Name: com.android.systemui.emulation.pixel_7a, Version Name: 1.0, Version Code: 1
07-11 04:14:27.404 12583 12583 D AllAppInfo: App Name: Settings Services, Package Name: com.google.android.settings.intelligence, Version Name: 1.1.0.632187715.sr, Version Code: 1000230799
07-11 04:14:27.405 12583 12583 D AllAppInfo: App Name: Android Auto, Package Name: com.google.android.projection.gearhead, Version Name: 1.2.541620-stub, Version Code: 12541620
07-11 04:14:27.420 12583 12583 D AllAppInfo: App Name: System UWB Resources, Package Name: com.google.android.uwb.resources, Version Name: T-initial, Version Code: 1
07-11 04:14:27.420 12583 12583 D AllAppInfo: App Name: com.android.cts.ctsshim, Package Name: com.android.cts.ctsshim, Version Name: 14-10093150, Version Code: 34
07-11 04:14:27.439 12583 12583 D AllAppInfo: App Name: System Wi-Fi Resources, Package Name: com.google.android.wifi.resources, Version Name: R-initial, Version Code: 1
07-11 04:14:27.439 12583 12583 D AllAppInfo: App Name: com.google.android.wifi.dialog, Package Name: com.google.android.wifi.dialog, Version Name: 15, Version Code: 35
07-11 04:14:27.439 12583 12583 D AllAppInfo: App Name: com.google.android.telephony.satellite, Package Name: com.google.android.telephony.satellite, Version Name: 15, Version Code: 35
07-11 04:14:27.452 12583 12583 D AllAppInfo: App Name: Wallpaper & style, Package Name: com.android.wallpaper, Version Name: 15, Version Code: 35
07-11 04:14:27.452 12583 12583 D AllAppInfo: App Name: VpnDialogs, Package Name: com.android.vpndialogs, Version Name: 15, Version Code: 35
07-11 04:14:27.459 12583 12583 D AllAppInfo: App Name: Wallpaper & style, Package Name: com.google.android.apps.wallpaper, Version Name: 15, Version Code: 200000300
07-11 04:14:27.467  1829  1999 D ActivityManager: freezing 10332 com.google.android.apps.messaging
07-11 04:14:27.469 12583 12583 D AllAppInfo: App Name: Google Play Protect Service, Package Name: com.google.android.odad, Version Name: U.26.odad-stub.631486642, Version Code: 41102
07-11 04:14:27.483 12583 12583 D AllAppInfo: App Name: Phone Services, Package Name: com.android.phone, Version Name: 15, Version Code: 35
07-11 04:14:27.499 12583 12583 D AllAppInfo: App Name: Shell, Package Name: com.android.shell, Version Name: 15, Version Code: 35
07-11 04:14:27.499 12583 12583 D AllAppInfo: App Name: com.android.wallpaperbackup, Package Name: com.android.wallpaperbackup, Version Name: 15, Version Code: 35
07-11 04:14:27.521 12583 12583 D AllAppInfo: App Name: Blocked Numbers Storage, Package Name: com.android.providers.blockednumber, Version Name: 15, Version Code: 35
07-11 04:14:27.522 12583 12583 D AllAppInfo: App Name: com.android.settings.auto_generated_rro_product__, Package Name: com.android.settings.auto_generated_rro_product__, Version Name: 1.0, Version Code: 1
07-11 04:14:27.525 12583 12583 D AllAppInfo: App Name: User Dictionary, Package Name: com.android.providers.userdictionary, Version Name: 15, Version Code: 35
07-11 04:14:27.604 12583 12583 D AllAppInfo: App Name: Emergency information, Package Name: com.android.emergency, Version Name: 15, Version Code: 35
07-11 04:14:27.605 12583 12583 D AllAppInfo: App Name: com.android.companiondevicemanager.auto_generated_characteristics_rro, Package Name: com.android.companiondevicemanager.auto_generated_characteristics_rro, Version Name: 15, Version Code: 35
07-11 04:14:27.605 12583 12583 D AllAppInfo: App Name: Gestural Navigation Bar, Package Name: com.android.internal.systemui.navbar.gestural, Version Name: 1.0, Version Code: 1
07-11 04:14:27.606 12583 12583 D AllAppInfo: App Name: Fused Location, Package Name: com.android.location.fused, Version Name: 15, Version Code: 35
07-11 04:14:27.630 12583 12583 D AllAppInfo: App Name: System UI, Package Name: com.android.systemui, Version Name: 15, Version Code: 35
07-11 04:14:27.630 12583 12583 D AllAppInfo: App Name: com.android.ondevicepersonalization.services.OnDevicePersonalizationApplication, Package Name: com.google.android.ondevicepersonalization.services, Version Name: 15, Version Code: 350090000
07-11 04:14:27.640 12583 12583 D AllAppInfo: App Name: YouTube Music, Package Name: com.google.android.apps.youtube.music, Version Name: 6.49.53, Version Code: 64953280
07-11 04:14:27.642 12583 12583 D AllAppInfo: App Name: Bluetooth MIDI Service, Package Name: com.android.bluetoothmidiservice, Version Name: 15, Version Code: 35
07-11 04:14:27.653 12583 12583 D AllAppInfo: App Name: System Tracing, Package Name: com.android.traceur, Version Name: 1.0, Version Code: 2
07-11 04:14:27.653 12583 12583 D AllAppInfo: App Name: com.android.storagemanager.auto_generated_rro_product__, Package Name: com.android.storagemanager.auto_generated_rro_product__, Version Name: 1.0, Version Code: 1
07-11 04:14:27.827 12583 12583 D AllAppInfo: App Name: Wireless Emergency Alerts, Package Name: com.google.android.cellbroadcastreceiver, Version Name: R-initial, Version Code: 300000000
07-11 04:14:27.827 12583 12583 D AllAppInfo: App Name: com.android.phone.auto_generated_rro_product__, Package Name: com.android.phone.auto_generated_rro_product__, Version Name: 1.0, Version Code: 1
07-11 04:14:27.827 12583 12583 D AllAppInfo: App Name: android.auto_generated_rro_product__, Package Name: android.auto_generated_rro_product__, Version Name: 1.0, Version Code: 1
07-11 04:14:27.827 12583 12583 D AllAppInfo: App Name: Bluetooth Legacy, Package Name: com.android.bluetooth, Version Name: 15, Version Code: 35
07-11 04:14:27.839 12583 12583 D AllAppInfo: App Name: Contacts Storage, Package Name: com.android.providers.contacts, Version Name: 15, Version Code: 35
07-11 04:14:27.848 12583 12583 D AllAppInfo: App Name: Gboard, Package Name: com.google.android.inputmethod.latin, Version Name: 14.1.04.621126403-preload-x86_64, Version Code: 141527432
07-11 04:14:27.849 12583 12583 D AllAppInfo: App Name: android.auto_generated_rro_vendor__, Package Name: android.auto_generated_rro_vendor__, Version Name: 1.0, Version Code: 1
07-11 04:14:27.854 12583 12583 D AllAppInfo: App Name: Data Restore Tool, Package Name: com.google.android.apps.restore, Version Name: 1.0.624892571, Version Code: 526684
07-11 04:14:27.964 12583 12583 W HWUI    : Unknown dataspace 0
07-11 04:14:28.000  1829  2957 D CoreBackPreview: Window{e6b7f0 u0 com.example.groupify/com.example.groupify.MainActivity}: Setting back callback OnBackInvokedCallbackInfo{mCallback=android.window.IOnBackInvokedCallback$Stub$Proxy@303e7ee, mPriority=0, mIsAnimationCallback=false}
07-11 04:14:28.044 12583 12598 I EGL_emulation: Opening libGLESv1_CM_emulation.so
07-11 04:14:28.047 12583 12598 I EGL_emulation: Opening libGLESv2_emulation.so
07-11 04:14:28.066 12583 12598 W HWUI    : Failed to choose config with EGL_SWAP_BEHAVIOR_PRESERVED, retrying without...
07-11 04:14:28.066 12583 12598 W HWUI    : Failed to initialize 101010-2 format, error = EGL_SUCCESS
07-11 04:14:28.161   155   155 I hwservicemanager: getTransport: Cannot find entry android.hardware.graphics.mapper@4.0::IMapper/default in either framework or device VINTF manifest.
07-11 04:14:28.162 12583 12598 I Gralloc4: mapper 4.x is not supported
07-11 04:14:28.280 12583 12588 I xample.groupify: Compiler allocated 4968KB to compile void android.view.ViewRootImpl.performTraversals()
07-11 04:14:28.342  1829  1851 W ziparchive: Unable to open '/data/app/~~gIabkVWMEaYz-wwmHFnCNw==/com.example.groupify-BP1KTsAh-POAURTp96XA3A==/base.dm': No such file or directory
07-11 04:14:28.363  1829  1851 I ActivityTaskManager: Displayed com.example.groupify/.MainActivity for user 0: +7s209ms
07-11 04:14:28.431 12583 12588 I xample.groupify: Compiler allocated 5155KB to compile void android.view.ViewRootImpl.performTraversals()
07-11 04:14:28.501 12583 12583 I Choreographer: Skipped 30 frames!  The application may be doing too much work on its main thread.
07-11 04:14:28.515  6313  6320 I m.android.phone: Background concurrent mark compact GC freed 3357KB AllocSpace bytes, 0(0B) LOS objects, 49% free, 3480KB/6960KB, paused 4.707ms,23.073ms total 784.484ms
07-11 04:14:28.516  6313  6320 W m.android.phone: Reducing the number of considered missed Gc histogram windows from 172 to 100
07-11 04:14:28.563  1829  2020 D CompatChangeReporter: Compat change id reported: 214016041; UID 10197; state: ENABLED
07-11 04:14:28.565  1829  2020 I ImeTracker: com.example.groupify:c2c32c3f: onRequestHide at ORIGIN_SERVER reason HIDE_UNSPECIFIED_WINDOW fromUser false
07-11 04:14:28.565  1829  2020 I ImeTracker: com.example.groupify:c2c32c3f: onCancelled at PHASE_SERVER_SHOULD_HIDE
07-11 04:14:28.610  2471  2471 D BaseDepthController: setSurface:
07-11 04:14:28.610  2471  2471 D BaseDepthController: 	mWaitingOnSurfaceValidity: false
07-11 04:14:28.610  2471  2471 D BaseDepthController: 	mSurface: null
07-11 04:14:28.610  2471  2471 D BaseDepthController: mSurface is null and mCurrentBlur is: 23
07-11 04:14:28.612  2471  2471 D StatsLog: LAUNCHER_ONSTOP
07-11 04:14:28.620  2471  3432 D OneSearchSuggestProvider: Shut down the binder channel
07-11 04:14:28.623  2471  2482 I IPCThreadState: oneway function results for code 2 on binder at 0x7d52a7833ba0 will be dropped but finished with status UNKNOWN_TRANSACTION
07-11 04:14:28.630  2471  3746 D GmsPlayProvider: Shut down the binder channel
07-11 04:14:28.633  2471  2471 D StatsLog: LAUNCHER_GOOGLE_SEARCH_RESTORE_LIST_SIZE_AFTER_ACTIVITY_RESTART
07-11 04:14:28.699  9737  9737 I GoogleInputMethodService: GoogleInputMethodService.onFinishInput():3126 
07-11 04:14:28.710  9737  9737 I GoogleInputMethodService: GoogleInputMethodService.updateDeviceLockedStatus():2216 repeatCheckTimes = 0, locked = false
07-11 04:14:28.711  9737  9737 I GoogleInputMethodService: GoogleInputMethodService.onStartInput():1954 onStartInput(EditorInfo{EditorInfo{packageName=com.example.groupify, inputType=0, inputTypeString=NULL, enableLearning=false, autoCorrection=false, autoComplete=false, imeOptions=0, privateImeOptions=null, actionName=UNSPECIFIED, actionLabel=null, initialSelStart=-1, initialSelEnd=-1, initialCapsMode=0, label=null, fieldId=0, fieldName=null, extras=null, hintText=null, hintLocales=[]}}, false)
07-11 04:14:28.722  9737  9737 I GoogleInputMethodService: GoogleInputMethodService.updateDeviceLockedStatus():2216 repeatCheckTimes = 1, locked = false
07-11 04:14:28.734  9737  9737 I AndroidIME: InputBundleManager.loadActiveInputBundleId():450 loadActiveInputBundleId: und-Latn-x-password, password
07-11 04:14:28.767  1829  2957 W PackageConfigPersister: App-specific configuration not found for packageName: com.example.groupify and userId: 0
07-11 04:14:28.768  2171  2274 W WindowOnBackDispatcher: sendCancelIfRunning: isInProgress=false callback=android.view.ViewRootImpl$$ExternalSyntheticLambda11@4d76940
07-11 04:14:28.770  9737  9737 W NotificationCenter: NotificationCenter$ListenerData.notifyOnExecutor():672 Heavy notify work detected on UI thread: |kdv->jgh| takes 34ms
07-11 04:14:28.777  1829  2732 D CoreBackPreview: Window{96febc0 u0 Splash Screen com.example.groupify EXITING}: Setting back callback null
07-11 04:14:28.783  1829  2957 W InputManager-JNI: Input channel object '96febc0 Splash Screen com.example.groupify (client)' was disposed without first being removed with the input manager!
07-11 04:14:28.842  9303  9315 I FontLog : (REDACTED) Received query %s, URI %s
07-11 04:14:28.854  9303  9315 I FontLog : (REDACTED) Query [%s] resolved to %s
07-11 04:14:28.893  9303  9315 I FontLog : (REDACTED) Fetch %s end status %s
07-11 04:14:28.959  2471  2871 D EGL_emulation: app_time_stats: avg=377.82ms min=3.46ms max=6938.96ms count=19
07-11 04:14:28.994  9303  9382 I FontLog : (REDACTED) Pulling font file for id = %d, cache size = %d
07-11 04:14:29.085  9303  9382 I FontLog : (REDACTED) Pulling font file for id = %d, cache size = %d
07-11 04:14:29.112  2171  2320 D EGL_emulation: app_time_stats: avg=2590.23ms min=105.50ms max=9906.99ms count=4
07-11 04:14:29.556 12583 12609 D ProfileInstaller: Installing profile for com.example.groupify
07-11 04:14:29.613 12583 12598 D EGL_emulation: app_time_stats: avg=160.22ms min=14.76ms max=881.31ms count=8
07-11 04:14:32.628  2676  3100 I AiAiTranslate: C2T - not in a conversation
07-11 04:14:32.636  2171  2171 I ClipboardListener: Clipboard overlay suppressed.
07-11 04:14:32.711  1829  3557 W OptProp : Cannot read opt property android.window.PROPERTY_COMPAT_ALLOW_USER_ASPECT_RATIO_OVERRIDE
07-11 04:14:32.711  1829  3557 W OptProp : Cannot read opt property android.window.PROPERTY_COMPAT_ALLOW_USER_ASPECT_RATIO_FULLSCREEN_OVERRIDE
07-11 04:14:32.711  1829  3557 W OptProp : Cannot read opt property android.window.PROPERTY_COMPAT_ALLOW_ORIENTATION_OVERRIDE
07-11 04:14:32.711  1829  3557 V GrammaticalInflectionUtils: AttributionSource: android.content.AttributionSource@857b965 does not have READ_SYSTEM_GRAMMATICAL_GENDER permission.
07-11 04:14:32.712  1829  3557 W OptProp : Cannot read opt property android.window.PROPERTY_COMPAT_ALLOW_RESIZEABLE_ACTIVITY_OVERRIDES
07-11 04:14:32.722  1748  1969 D audioserver: logFgsApiBegin: FGS Logger Transaction failed, -129
07-11 04:14:32.729  1829  3557 W OptProp : Cannot read opt property android.window.PROPERTY_COMPAT_ALLOW_MIN_ASPECT_RATIO_OVERRIDE
07-11 04:14:32.733  1829  2957 W AS.PlaybackActivityMon: No piid assigned for invalid/internal port id 15
07-11 04:14:32.747 12583 12598 D EGL_emulation: app_time_stats: avg=205.13ms min=6.00ms max=2871.91ms count=15
07-11 04:14:32.762  1829  3557 D CompatChangeReporter: Compat change id reported: 194833441; UID 10197; state: ENABLED
07-11 04:14:32.765  1829  3557 I ActivityTaskManager: START u0 {cmp=com.example.groupify/.DeployActivity} with LAUNCH_MULTIPLE from uid 10197 (BAL_ALLOW_VISIBLE_WINDOW) result code=0
07-11 04:14:32.779  2171  2229 V WindowManagerShell: Transition requested (#82): android.os.BinderProxy@5994307 TransitionRequestInfo { type = OPEN, triggerTask = TaskInfo{userId=0 taskId=21 displayId=0 isRunning=true baseIntent=Intent { act=android.intent.action.MAIN cat=[android.intent.category.LAUNCHER] flg=0x10000000 cmp=com.example.groupify/.MainActivity } baseActivity=ComponentInfo{com.example.groupify/com.example.groupify.MainActivity} topActivity=ComponentInfo{com.example.groupify/com.example.groupify.DeployActivity} origActivity=null realActivity=ComponentInfo{com.example.groupify/com.example.groupify.MainActivity} numActivities=2 lastActiveTime=15859973 supportsMultiWindow=true resizeMode=1 isResizeable=true minWidth=-1 minHeight=-1 defaultMinSize=220 token=WCT{android.window.IWindowContainerToken$Stub$Proxy@317dc34} topActivityType=1 pictureInPictureParams=null shouldDockBigOverlays=false launchIntoPipHostTaskId=-1 lastParentTaskIdBeforePip=-1 displayCutoutSafeInsets=null topActivityInfo=ActivityInfo{a78ca5d com.example.groupify.DeployActivity} launchCookies=[] positionInParent=Point(0, 0) parentTaskId=-1 isFocused=true isVisible=true isVisibleRequested=true isSleeping=false locusId=null displayAreaFeatureId=1 isTopActivityTransparent=false appCompatTaskInfo=AppCompatTaskInfo { topActivityInSizeCompat=false topActivityEligibleForLetterboxEducation= falseisLetterboxEducationEnabled= true isLetterboxDoubleTapEnabled= false topActivityEligibleForUserAspectRatioButton= false topActivityBoundsLetterboxed= false isFromLetterboxDoubleTap= false topActivityLetterboxVerticalPosition= -1 topActivityLetterboxHorizontalPosition= -1 topActivityLetterboxWidth=1080 topActivityLetterboxHeight=2400 isUserFullscreenOverrideEnabled=false isSystemFullscreenOverrideEnabled=false cameraCompatTaskInfo=CameraCompatTaskInfo { cameraCompatControlState=hidden freeformCameraCompatMode=inactive}}}, pipTask = null, remoteTransition = null, displayChange = null, flags = 0, debugId = 82 }
07-11 04:14:32.784  2676  3158 I AiAiTextClassifier: GenerateLinks did not find valid links, returning empty result
07-11 04:14:32.785   444   444 I BpBinder: onLastStrongRef automatically unlinking death recipients: 
07-11 04:14:32.912  1748  1790 D audioserver: logFgsApiEnd: FGS Logger Transaction failed, -129
07-11 04:14:32.945 12583 12583 D AppInfo : App Name: Google Play Store
07-11 04:14:33.099 12583 12583 D AppInfo : App Name: Google Play services
07-11 04:14:33.223 12583 12583 I Choreographer: Skipped 31 frames!  The application may be doing too much work on its main thread.
07-11 04:14:33.249  1829  2277 W OptProp : Cannot read opt property android.window.PROPERTY_COMPAT_ENABLE_FAKE_FOCUS
07-11 04:14:33.502  1829  2277 D CoreBackPreview: Window{65e0849 u0 com.example.groupify/com.example.groupify.DeployActivity}: Setting back callback OnBackInvokedCallbackInfo{mCallback=android.window.IOnBackInvokedCallback$Stub$Proxy@19b666f, mPriority=0, mIsAnimationCallback=false}
07-11 04:14:33.632  1829  1851 I ActivityTaskManager: Displayed com.example.groupify/.DeployActivity for user 0: +914ms
07-11 04:14:33.633  1829  1851 V WindowManager: Sent Transition (#82) createdAt=07-11 04:14:32.730 via request=TransitionRequestInfo { type = OPEN, triggerTask = TaskInfo{userId=0 taskId=21 displayId=0 isRunning=true baseIntent=Intent { act=android.intent.action.MAIN cat=[android.intent.category.LAUNCHER] flg=0x10000000 cmp=com.example.groupify/.MainActivity } baseActivity=ComponentInfo{com.example.groupify/com.example.groupify.MainActivity} topActivity=ComponentInfo{com.example.groupify/com.example.groupify.DeployActivity} origActivity=null realActivity=ComponentInfo{com.example.groupify/com.example.groupify.MainActivity} numActivities=2 lastActiveTime=15859973 supportsMultiWindow=true resizeMode=1 isResizeable=true minWidth=-1 minHeight=-1 defaultMinSize=220 token=WCT{RemoteToken{7a772d8 Task{14ccbcb #21 type=standard A=10197:com.example.groupify}}} topActivityType=1 pictureInPictureParams=null shouldDockBigOverlays=false launchIntoPipHostTaskId=-1 lastParentTaskIdBeforePip=-1 displayCutoutSafeInsets=null topActivityInfo=ActivityInfo{f33b467 com.example.groupify.DeployActivity} launchCookies=[] positionInParent=Point(0, 0) parentTaskId=-1 isFocused=true isVisible=true isVisibleRequested=true isSleeping=false locusId=null displayAreaFeatureId=1 isTopActivityTransparent=false appCompatTaskInfo=AppCompatTaskInfo { topActivityInSizeCompat=false topActivityEligibleForLetterboxEducation= falseisLetterboxEducationEnabled= true isLetterboxDoubleTapEnabled= false topActivityEligibleForUserAspectRatioButton= false topActivityBoundsLetterboxed= false isFromLetterboxDoubleTap= false topActivityLetterboxVerticalPosition= -1 topActivityLetterboxHorizontalPosition= -1 topActivityLetterboxWidth=1080 topActivityLetterboxHeight=2400 isUserFullscreenOverrideEnabled=false isSystemFullscreenOverrideEnabled=false cameraCompatTaskInfo=CameraCompatTaskInfo { cameraCompatControlState=hidden freeformCameraCompatMode=inactive}}}, pipTask = null, remoteTransition = null, displayChange = null, flags = 0, debugId = 82 }
07-11 04:14:33.633  1829  1851 V WindowManager:     startWCT=WindowContainerTransaction { changes = {} hops = [] errorCallbackToken=null taskFragmentOrganizer=null }
07-11 04:14:33.634  1829  1851 V WindowManager:     info={id=82 t=OPEN f=0x0 trk=0 opt={t=FROM_STYLE} r=[0@Point(0, 0)] c=[
07-11 04:14:33.634  1829  1851 V WindowManager:         {null m=OPEN f=FILLS_TASK leash=Surface(name=ActivityRecord{161744d u0 com.example.groupify/.DeployActivity)/@0x6797781 sb=Rect(0, 0 - 0, 0) eb=Rect(0, 0 - 1080, 2400) d=-1->0 r=-1->0:-1 component=com.example.groupify/.DeployActivity},
07-11 04:14:33.634  1829  1851 V WindowManager:         {null m=TO_BACK f=FILLS_TASK leash=Surface(name=ActivityRecord{e8a669a u0 com.example.groupify/.MainActivity)/@0x5503768 sb=Rect(0, 0 - 1080, 2400) eb=Rect(0, 0 - 1080, 2400) d=0 component=com.example.groupify/.MainActivity}
07-11 04:14:33.634  1829  1851 V WindowManager:     ]}
07-11 04:14:33.641  2171  2185 V WindowManagerShell: onTransitionReady(transaction=7855495186761)
07-11 04:14:33.642  2171  2229 V WindowManagerShell: onTransitionReady (#82) android.os.BinderProxy@5994307: {id=82 t=OPEN f=0x0 trk=0 opt={t=FROM_STYLE} r=[0@Point(0, 0)] c=[{null m=OPEN f=FILLS_TASK leash=Surface(name=ActivityRecord{161744d u0 com.example.groupify/.DeployActivity)/@0x404afd2 sb=Rect(0, 0 - 0, 0) eb=Rect(0, 0 - 1080, 2400) d=-1->0 r=-1->0:-1 component=com.example.groupify/.DeployActivity},{null m=TO_BACK f=FILLS_TASK leash=Surface(name=ActivityRecord{e8a669a u0 com.example.groupify/.MainActivity)/@0x1fd08a3 sb=Rect(0, 0 - 1080, 2400) eb=Rect(0, 0 - 1080, 2400) d=0 component=com.example.groupify/.MainActivity}]}
07-11 04:14:33.642  2171  2229 V WindowManagerShell: Playing animation for (#82) android.os.BinderProxy@5994307@0
07-11 04:14:33.642  2171  2229 V WindowManagerShell:  try handler com.android.wm.shell.transition.DefaultMixedHandler@7d7232b
07-11 04:14:33.642  2171  2229 V WindowManagerShell:  try handler com.android.wm.shell.keyguard.KeyguardTransitionHandler@1934388
07-11 04:14:33.642  2171  2229 V WindowManagerShell:  try handler com.android.wm.shell.pip.PipTransition@d776121
07-11 04:14:33.642  2171  2229 V WindowManagerShell:  try handler com.android.wm.shell.activityembedding.ActivityEmbeddingController@bf29946
07-11 04:14:33.642  2171  2229 V WindowManagerShell:  try handler com.android.wm.shell.recents.RecentsTransitionHandler@322c707
07-11 04:14:33.646  1829  1967 W UserManagerService: Requested status bar icon for non-badged user 0
07-11 04:14:33.653  2171  2229 V ShellRecents: RecentsTransitionHandler.startAnimation: no controller found
07-11 04:14:33.653  2171  2229 V WindowManagerShell:  try handler com.android.wm.shell.splitscreen.StageCoordinator@4dd1034
07-11 04:14:33.653  2171  2229 V WindowManagerShell:  try handler com.android.wm.shell.transition.RemoteTransitionHandler@947ee5d
07-11 04:14:33.653  2171  2229 V WindowManagerShell: Transition doesn't have explicit remote, search filters for match for {id=82 t=OPEN f=0x0 trk=0 opt={t=FROM_STYLE} r=[0@Point(0, 0)] c=[{null m=OPEN f=FILLS_TASK leash=Surface(name=ActivityRecord{161744d u0 com.example.groupify/.DeployActivity)/@0x404afd2 sb=Rect(0, 0 - 0, 0) eb=Rect(0, 0 - 1080, 2400) d=-1->0 r=-1->0:-1 component=com.example.groupify/.DeployActivity},{null m=TO_BACK f=FILLS_TASK leash=Surface(name=ActivityRecord{e8a669a u0 com.example.groupify/.MainActivity)/@0x1fd08a3 sb=Rect(0, 0 - 1080, 2400) eb=Rect(0, 0 - 1080, 2400) d=0 component=com.example.groupify/.MainActivity}]}
07-11 04:14:33.653  2171  2229 V WindowManagerShell:  Checking filter Pair{{types=[] flags=0x0] notFlags=0x0 checks=[{atype=undefined independent=true modes=[OPEN,TO_FRONT] flags=IN_TASK_WITH_EMBEDDED_ACTIVITY mustBeTask=false order=ANY topActivity=ComponentInfo{com.google.android.apps.nexuslauncher/com.google.android.apps.nexuslauncher.NexusLauncherActivity} launchCookie=null},{atype=undefined independent=true modes=[CLOSE,TO_BACK] flags=IN_TASK_WITH_EMBEDDED_ACTIVITY mustBeTask=false order=ANY topActivity=null launchCookie=null}]} RemoteTransition { remoteTransition = android.window.IRemoteTransition$Stub$Proxy@e6ec5a9, appThread = android.app.IApplicationThread$Stub$Proxy@f19d72e, debugName = OverlaySwipeBack }}
07-11 04:14:33.653  2171  2229 V WindowManagerShell:  Checking filter Pair{{types=[] flags=0x0] notFlags=0x0 checks=[{atype=dream independent=true modes=[OPEN,TO_FRONT] flags=NONE mustBeTask=false order=ANY topActivity=null launchCookie=null},{atype=home independent=true modes=[CLOSE,TO_BACK] flags=NONE mustBeTask=false order=ANY topActivity=null launchCookie=null}]} RemoteTransition { remoteTransition = android.window.IRemoteTransition$Stub$Proxy@924d2cf, appThread = android.app.IApplicationThread$Stub$Proxy@803045c, debugName = LauncherToDream }}
07-11 04:14:33.653  2171  2229 V WindowManagerShell:  Checking filter Pair{{types=[] flags=0x0] notFlags=0x100 checks=[{atype=home independent=true modes=[OPEN,TO_FRONT] flags=NONE mustBeTask=false order=TOP topActivity=ComponentInfo{com.google.android.apps.nexuslauncher/com.google.android.apps.nexuslauncher.NexusLauncherActivity} launchCookie=null},{atype=standard independent=true modes=[CLOSE,TO_BACK] flags=NONE mustBeTask=false order=ANY topActivity=null launchCookie=null}]} RemoteTransition { remoteTransition = android.window.IRemoteTransition$Stub$Proxy@fc51365, appThread = android.app.IApplicationThread$Stub$Proxy@7f0383a, debugName = QuickstepLaunchHome }}
07-11 04:14:33.653  2171  2229 V WindowManagerShell:  Delegate animation for (#82) to null
07-11 04:14:33.653  2171  2229 V WindowManagerShell:  try handler com.android.wm.shell.transition.DefaultTransitionHandler@72f03d2
07-11 04:14:33.654  2171  2229 V WindowManagerShell: start default transition animation, info = {id=82 t=OPEN f=0x0 trk=0 opt={t=FROM_STYLE} r=[0@Point(0, 0)] c=[{null m=OPEN f=FILLS_TASK leash=Surface(name=ActivityRecord{161744d u0 com.example.groupify/.DeployActivity)/@0x404afd2 sb=Rect(0, 0 - 0, 0) eb=Rect(0, 0 - 1080, 2400) d=-1->0 r=-1->0:-1 component=com.example.groupify/.DeployActivity},{null m=TO_BACK f=FILLS_TASK leash=Surface(name=ActivityRecord{e8a669a u0 com.example.groupify/.MainActivity)/@0x1fd08a3 sb=Rect(0, 0 - 1080, 2400) eb=Rect(0, 0 - 1080, 2400) d=0 component=com.example.groupify/.MainActivity}]}
07-11 04:14:33.662  2171  2229 V WindowManagerShell: loadAnimation: anim=android.view.animation.AnimationSet@e67dcc animAttr=0x5 type=OPEN isEntrance=false
07-11 04:14:33.763  2171  2229 V WindowManagerShell: loadAnimation: anim=android.view.animation.AnimationSet@943f091 animAttr=0x4 type=OPEN isEntrance=true
07-11 04:14:33.772 12583 12598 D EGL_emulation: app_time_stats: avg=15.75ms min=5.37ms max=67.19ms count=47
07-11 04:14:33.831  2171  2229 V WindowManagerShell:  animated by com.android.wm.shell.transition.DefaultTransitionHandler@72f03d2
07-11 04:14:33.930  1829  2020 I ImeTracker: com.example.groupify:214533d2: onRequestHide at ORIGIN_SERVER reason HIDE_UNSPECIFIED_WINDOW fromUser false
07-11 04:14:33.930  1829  2020 I ImeTracker: com.example.groupify:214533d2: onCancelled at PHASE_SERVER_SHOULD_HIDE
07-11 04:14:33.935  9737  9737 I GoogleInputMethodService: GoogleInputMethodService.onFinishInput():3126 
07-11 04:14:33.945  9737  9737 I GoogleInputMethodService: GoogleInputMethodService.updateDeviceLockedStatus():2216 repeatCheckTimes = 0, locked = false
07-11 04:14:33.950  9737  9737 I GoogleInputMethodService: GoogleInputMethodService.onStartInput():1954 onStartInput(EditorInfo{EditorInfo{packageName=com.example.groupify, inputType=0, inputTypeString=NULL, enableLearning=false, autoCorrection=false, autoComplete=false, imeOptions=0, privateImeOptions=null, actionName=UNSPECIFIED, actionLabel=null, initialSelStart=-1, initialSelEnd=-1, initialCapsMode=0, label=null, fieldId=0, fieldName=null, extras=null, hintText=null, hintLocales=[]}}, false)
07-11 04:14:33.954  9737  9737 I GoogleInputMethodService: GoogleInputMethodService.updateDeviceLockedStatus():2216 repeatCheckTimes = 1, locked = false
07-11 04:14:33.954  9737  9737 I AndroidIME: InputBundleManager.loadActiveInputBundleId():450 loadActiveInputBundleId: und-Latn-x-password, password
07-11 04:14:33.957  1829  1967 W PackageConfigPersister: App-specific configuration not found for packageName: com.example.groupify and userId: 0
07-11 04:14:34.291  2171  2229 V WindowManagerShell: Transition animation finished (aborted=false), notifying core (#82) android.os.BinderProxy@5994307@0
07-11 04:14:34.296  1829  1851 V WindowManager: Finish Transition (#82): created at 07-11 04:14:32.730 collect-started=0.037ms request-sent=31.951ms started=52.754ms ready=522.368ms sent=897.124ms finished=1563.367ms
07-11 04:14:34.305 12583 12583 D VRI[MainActivity]: visibilityChanged oldVisibility=true newVisibility=false
07-11 04:14:34.309  1829  2277 W UserManagerService: Requested status bar icon for non-badged user 0
07-11 04:14:34.311  2171  2229 V WindowManagerShell: Track 0 became idle
07-11 04:14:34.313  2171  2229 V WindowManagerShell: All active transition animations finished
07-11 04:14:34.313  1829  1967 W UserManagerService: Requested status bar icon for non-badged user 0
07-11 04:14:35.754  1829  4794 E TaskPersister: File error accessing recents directory (directory doesn't exist?).
07-11 04:14:35.801  1753  7831 D android.hardware.audio@7.1-impl.ranchu: threadLoop: entering standby, frames: 2610112
07-11 04:14:46.126  2707  2979 I BistoHotwordHelper: (REDACTED) getHotwordActive::active query: %s, watch: %s, devices connected: %s
07-11 04:14:48.385  1829  1987 I UsageStatsService: User[0] Flushing usage stats to disk
07-11 04:14:51.411 12583 12591 W xample.groupify: ApkAssets: Deleting an ApkAssets object '<empty> and /product/app/YouTube/YouTube.apk' with 1 weak references
07-11 04:14:51.419 12583 12591 W xample.groupify: ApkAssets: Deleting an ApkAssets object '<empty> and /product/overlay/DisplayCutoutEmulationCorner/DisplayCutoutEmulationCornerOverlay.apk' with 1 weak references
07-11 04:14:51.429 12583 12591 W xample.groupify: ApkAssets: Deleting an ApkAssets object '<empty> and /apex/com.android.extservices/priv-app/GoogleExtServices@350038000/GoogleExtServices.apk' with 1 weak references
07-11 04:14:51.430 12583 12591 W xample.groupify: ApkAssets: Deleting an ApkAssets object '<empty> and /product/overlay/DisplayCutoutEmulationDouble/DisplayCutoutEmulationDoubleOverlay.apk' with 1 weak references
07-11 04:14:51.430 12583 12591 W xample.groupify: ApkAssets: Deleting an ApkAssets object '<empty> and /system/priv-app/TelephonyProvider/TelephonyProvider.apk' with 1 weak references
07-11 04:14:51.434 12583 12591 W xample.groupify: ApkAssets: Deleting an ApkAssets object '/product/overlay/TelephonyProvider__sdk_gphone64_x86_64__auto_generated_rro_product.apk' with 1 weak references
07-11 04:14:51.441 12583 12591 W xample.groupify: ApkAssets: Deleting an ApkAssets object '<empty> and /system/priv-app/DynamicSystemInstallationService/DynamicSystemInstallationService.apk' with 1 weak references
07-11 04:14:51.442 12583 12591 W xample.groupify: ApkAssets: Deleting an ApkAssets object '<empty> and /product/priv-app/Velvet/Velvet.apk' with 1 weak references
07-11 04:14:51.449 12583 12591 W xample.groupify: ApkAssets: Deleting an ApkAssets object '<empty> and /system/priv-app/CalendarProvider/CalendarProvider.apk' with 1 weak references
07-11 04:14:51.461 12583 12591 W xample.groupify: ApkAssets: Deleting an ApkAssets object '<empty> and /product/priv-app/GoogleOneTimeInitializer/GoogleOneTimeInitializer.apk' with 1 weak references
07-11 04:14:51.465 12583 12591 W xample.groupify: ApkAssets: Deleting an ApkAssets object '<empty> and /system/app/GoogleExtShared/GoogleExtShared.apk' with 1 weak references
07-11 04:14:51.468 12583 12591 W xample.groupify: ApkAssets: Deleting an ApkAssets object '<empty> and /system/priv-app/ExternalStorageProvider/ExternalStorageProvider.apk' with 1 weak references
07-11 04:14:51.471 12583 12591 W xample.groupify: ApkAssets: Deleting an ApkAssets object '<empty> and /system/app/HTMLViewer/HTMLViewer.apk' with 1 weak references
07-11 04:14:51.474 12583 12591 W xample.groupify: ApkAssets: Deleting an ApkAssets object '<empty> and /system/app/CompanionDeviceManager/CompanionDeviceManager.apk' with 1 weak references
07-11 04:14:51.476 12583 12591 W xample.groupify: ApkAssets: Deleting an ApkAssets object '<empty> and /system/priv-app/DownloadProvider/DownloadProvider.apk' with 1 weak references
07-11 04:14:51.476 12583 12591 W xample.groupify: ApkAssets: Deleting an ApkAssets object '<empty> and /product/priv-app/PrebuiltBugle/PrebuiltBugle.apk' with 1 weak references
07-11 04:14:51.477 12583 12591 W xample.groupify: ApkAssets: Deleting an ApkAssets object '<empty> and /product/app/SoundPickerPrebuilt/SoundPickerPrebuilt.apk' with 1 weak references
07-11 04:14:51.479 12583 12591 W xample.groupify: ApkAssets: Deleting an ApkAssets object '<empty> and /apex/com.android.mediaprovider/priv-app/MediaProviderGoogle@350038000/MediaProviderGoogle.apk' with 1 weak references
07-11 04:14:51.482 12583 12591 W xample.groupify: ApkAssets: Deleting an ApkAssets object '<empty> and /system/priv-app/DownloadProviderUi/DownloadProviderUi.apk' with 1 weak references
07-11 04:14:51.484 12583 12591 W xample.groupify: ApkAssets: Deleting an ApkAssets object '<empty> and /apex/com.android.wifi/app/OsuLoginGoogle@350038000/OsuLoginGoogle.apk' with 1 weak references
07-11 04:14:51.484 12583 12591 W xample.groupify: ApkAssets: Deleting an ApkAssets object '<empty> and /data/app/~~DwlpDRynWQknYHjMjeQiDw==/com.android.vending-74pcmrt_BjABgKquKvqQwA==/base.apk' with 1 weak references
07-11 04:14:51.486 12583 12591 W xample.groupify: ApkAssets: Deleting an ApkAssets object '<empty> and /data/app/~~DwlpDRynWQknYHjMjeQiDw==/com.android.vending-74pcmrt_BjABgKquKvqQwA==/split_config.en.apk' with 1 weak references
07-11 04:14:51.487 12583 12591 W xample.groupify: ApkAssets: Deleting an ApkAssets object '<empty> and /data/app/~~DwlpDRynWQknYHjMjeQiDw==/com.android.vending-74pcmrt_BjABgKquKvqQwA==/split_config.x86_64.apk' with 1 weak references
