07-11 02:03:13.893  2471  2471 D SearchTargetUtil: layoutType=short_icon_row resultType=131072 packageName=com.google.android.googlequicksearchbox extras=Bundle{suggestion_type=33,suggest_truncate_start=false,is_answer=false,is_entity=false,is_personal=false,suggest_raw_text=dartmouth student death hazing,input_query=android.app.search.Query@68829e9,group_id=web7980313,response_id=c5764210-4c49-4063-a887-459928250efd,support_query_builder=false,} searchAction=dartmouth student death hazing searchActionExtras=Bundle{learn_more_url=https://support.google.com/websearch/answer/106230?hl=106230,suggestion_action_text=Report this,should_start_for_result=true,allow_pinning=true,skip_logging_in_target_handler=true,suggestion_action_rpc=2,}ParentID: null targetID: 341e2505-87c3-4435-a7fc-f23648eeb1ce
07-11 02:03:13.893  2471  2471 D SearchTargetUtil: layoutType=short_icon_row resultType=131072 packageName=com.google.android.googlequicksearchbox extras=Bundle{suggestion_type=33,suggest_truncate_start=false,is_answer=false,is_entity=false,is_personal=false,suggest_raw_text=bubonic plague case colorado,input_query=android.app.search.Query@68829e9,group_id=web7980313,response_id=c5764210-4c49-4063-a887-459928250efd,support_query_builder=false,} searchAction=bubonic plague case colorado searchActionExtras=Bundle{learn_more_url=https://support.google.com/websearch/answer/106230?hl=106230,suggestion_action_text=Report this,should_start_for_result=true,allow_pinning=true,skip_logging_in_target_handler=true,suggestion_action_rpc=2,}ParentID: null targetID: 71c3bca8-590d-4a03-87c0-bc273765f400
07-11 02:03:13.894  2471  2471 D SearchTargetUtil: layoutType=short_icon_row resultType=131072 packageName=com.google.android.googlequicksearchbox extras=Bundle{suggestion_type=33,suggest_truncate_start=false,is_answer=false,is_entity=false,is_personal=false,suggest_raw_text=free slurpees,input_query=android.app.search.Query@68829e9,group_id=web7980313,response_id=c5764210-4c49-4063-a887-459928250efd,support_query_builder=false,} searchAction=free slurpees searchActionExtras=Bundle{learn_more_url=https://support.google.com/websearch/answer/106230?hl=106230,suggestion_action_text=Report this,should_start_for_result=true,allow_pinning=true,skip_logging_in_target_handler=true,suggestion_action_rpc=2,}ParentID: null targetID: a7755d8a-b058-4ae8-a08e-42bb132e1745
07-11 02:03:13.955 11612 11612 E Parcel  : Reading a NULL string not supported here.
07-11 02:03:13.965 11612 11612 E Parcel  : Reading a NULL string not supported here.
07-11 02:03:14.007 11612 11612 E Parcel  : Reading a NULL string not supported here.
07-11 02:03:14.039 11612 11612 E Parcel  : Reading a NULL string not supported here.
07-11 02:03:14.088 11612 11612 E Parcel  : Reading a NULL string not supported here.
07-11 02:03:14.110 11612 11612 E Parcel  : Reading a NULL string not supported here.
07-11 02:03:14.146 11612 11612 E Parcel  : Reading a NULL string not supported here.
07-11 02:03:14.154 11612 11612 E Parcel  : Reading a NULL string not supported here.
07-11 02:03:14.206 11612 11612 E IPCThreadState: Binder transaction failure: 1217540/29201/-1
07-11 02:03:14.206  2471  2477 I s.nexuslauncher: NativeAlloc concurrent mark compact GC freed 4099KB AllocSpace bytes, 54(1436KB) LOS objects, 49% free, 6772KB/13MB, paused 3.644ms,11.562ms total 817.505ms
07-11 02:03:14.206  2471  2477 W s.nexuslauncher: Reducing the number of considered missed Gc histogram windows from 250 to 100
07-11 02:03:14.201 11612 11612 W service : type=1400 audit(0.0:578): avc:  denied  { call } for  scontext=u:r:shell:s0 tcontext=u:r:wificond:s0 tclass=binder permissive=0
07-11 02:03:14.303  7800  7800 I studio.deploy: Received request 'overlayinstall'
07-11 02:03:14.306 11334 11334 E studio.deploy: ERROR: Could not remove dir '/data/data/com.example.groupify/code_cache/.ll/': No such file or directory
07-11 02:03:14.374  2471  2479 W s.nexuslauncher: ApkAssets: Deleting an ApkAssets object '<empty> and /data/app/~~gIabkVWMEaYz-wwmHFnCNw==/com.example.groupify-BP1KTsAh-POAURTp96XA3A==/base.apk' with 1 weak references
07-11 02:03:14.381  2471  2479 W System  : A resource failed to call release. 
07-11 02:03:14.381  2471  2479 W System  : A resource failed to call release. 
07-11 02:03:14.381  2471  2479 W System  : A resource failed to call release. 
07-11 02:03:14.384  2471  2479 W System  : A resource failed to call release. 
07-11 02:03:14.385  2471  2479 W System  : A resource failed to call release. 
07-11 02:03:14.385  2471  2479 W System  : A resource failed to call release. 
07-11 02:03:14.385  2471  2479 W System  : A resource failed to call release. 
07-11 02:03:14.386  2471  2479 W System  : A resource failed to call release. 
07-11 02:03:14.386  2471  2479 W System  : A resource failed to call release. 
07-11 02:03:14.417  1829  2277 I ActivityManager: Force stopping com.example.groupify appid=10197 user=0: from pid 11629
07-11 02:03:14.428  6313  6313 D CarrierSvcBindHelper: onHandleForceStop: [com.example.groupify]
07-11 02:03:14.428  6313  6313 D CarrierSvcBindHelper: No carrier app for: 0
07-11 02:03:15.575 11632 11632 E Parcel  : Reading a NULL string not supported here.
07-11 02:03:15.624 11632 11632 E IPCThreadState: Binder transaction failure: 1217759/29201/-1
07-11 02:03:15.627 11632 11632 E IPCThreadState: Binder transaction failure: 1217763/29201/-1
07-11 02:03:15.631 11632 11632 E IPCThreadState: Binder transaction failure: 1217767/29201/-1
07-11 02:03:15.633 11632 11632 E IPCThreadState: Binder transaction failure: 1217771/29201/-1
07-11 02:03:15.634 11632 11632 E IPCThreadState: Binder transaction failure: 1217775/29201/-1
07-11 02:03:15.635 11632 11632 E IPCThreadState: Binder transaction failure: 1217779/29201/-1
07-11 02:03:15.621 11632 11632 W service : type=1400 audit(0.0:579): avc:  denied  { call } for  scontext=u:r:shell:s0 tcontext=u:r:hal_authsecret_default:s0 tclass=binder permissive=0
07-11 02:03:15.637 11632 11632 E IPCThreadState: Binder transaction failure: 1217784/29201/-1
07-11 02:03:15.621 11632 11632 W service : type=1400 audit(0.0:580): avc:  denied  { call } for  scontext=u:r:shell:s0 tcontext=u:r:hal_face_default:s0 tclass=binder permissive=0
07-11 02:03:15.647 11632 11632 E IPCThreadState: Binder transaction failure: 1217793/29201/-1
07-11 02:03:15.629 11632 11632 W service : type=1400 audit(0.0:581): avc:  denied  { call } for  scontext=u:r:shell:s0 tcontext=u:r:hal_fingerprint_default:s0 tclass=binder permissive=0
07-11 02:03:15.656 11632 11632 E IPCThreadState: Binder transaction failure: 1217803/29201/-1
07-11 02:03:15.629 11632 11632 W service : type=1400 audit(0.0:582): avc:  denied  { call } for  scontext=u:r:shell:s0 tcontext=u:r:hal_bluetooth_default:s0 tclass=binder permissive=0
07-11 02:03:15.629 11632 11632 W service : type=1400 audit(0.0:583): avc:  denied  { call } for  scontext=u:r:shell:s0 tcontext=u:r:hal_audio_default:s0 tclass=binder permissive=0
07-11 02:03:15.629 11632 11632 W service : type=1400 audit(0.0:584): avc:  denied  { call } for  scontext=u:r:shell:s0 tcontext=u:r:hal_camera_default:s0 tclass=binder permissive=0
07-11 02:03:15.673 11632 11632 E IPCThreadState: Binder transaction failure: 1217807/29201/-1
07-11 02:03:15.674 11632 11632 E IPCThreadState: Binder transaction failure: 1217812/29201/-1
07-11 02:03:15.677 11632 11632 E IPCThreadState: Binder transaction failure: 1217816/29201/-1
07-11 02:03:15.679 11632 11632 E IPCThreadState: Binder transaction failure: 1217820/29201/-1
07-11 02:03:15.637 11632 11632 W service : type=1400 audit(0.0:585): avc:  denied  { call } for  scontext=u:r:shell:s0 tcontext=u:r:hal_camera_default:s0 tclass=binder permissive=0
07-11 02:03:15.690 11632 11632 E IPCThreadState: Binder transaction failure: 1217845/29201/-1
07-11 02:03:15.692 11632 11632 E IPCThreadState: Binder transaction failure: 1217849/29201/-1
07-11 02:03:15.694 11632 11632 E IPCThreadState: Binder transaction failure: 1217853/29201/-1
07-11 02:03:15.641 11632 11632 W service : type=1400 audit(0.0:586): avc:  denied  { call } for  scontext=u:r:shell:s0 tcontext=u:r:hal_contexthub_default:s0 tclass=binder permissive=0
07-11 02:03:15.697 11632 11632 E IPCThreadState: Binder transaction failure: 1217857/29201/-1
07-11 02:03:15.700 11632 11632 E IPCThreadState: Binder transaction failure: 1217861/29201/-1
07-11 02:03:15.702 11632 11632 E IPCThreadState: Binder transaction failure: 1217866/29201/-1
07-11 02:03:15.704 11632 11632 E IPCThreadState: Binder transaction failure: 1217870/29201/-1
07-11 02:03:15.705 11632 11632 E IPCThreadState: Binder transaction failure: 1217874/29201/-1
07-11 02:03:15.653 11632 11632 W service : type=1400 audit(0.0:587): avc:  denied  { call } for  scontext=u:r:shell:s0 tcontext=u:r:hal_gnss_default:s0 tclass=binder permissive=0
07-11 02:03:15.708 11632 11632 E IPCThreadState: Binder transaction failure: 1217878/29201/-1
07-11 02:03:15.709 11632 11632 E IPCThreadState: Binder transaction failure: 1217882/29201/-1
07-11 02:03:15.710 11632 11632 E IPCThreadState: Binder transaction failure: 1217886/29201/-1
07-11 02:03:15.712 11632 11632 E IPCThreadState: Binder transaction failure: 1217890/29201/-1
07-11 02:03:15.743 11632 11632 E IPCThreadState: Binder transaction failure: 1217907/29201/-1
07-11 02:03:15.745 11632 11632 E IPCThreadState: Binder transaction failure: 1217911/29201/-1
07-11 02:03:15.750 11632 11632 E IPCThreadState: Binder transaction failure: 1217915/29201/-1
07-11 02:03:15.752 11632 11632 E IPCThreadState: Binder transaction failure: 1217920/29201/-1
07-11 02:03:15.753 11632 11632 E IPCThreadState: Binder transaction failure: 1217924/29201/-1
07-11 02:03:15.755 11632 11632 E IPCThreadState: Binder transaction failure: 1217928/29201/-1
07-11 02:03:15.790 11632 11632 E IPCThreadState: Binder transaction failure: 1217976/29201/-1
07-11 02:03:15.793 11632 11632 E IPCThreadState: Binder transaction failure: 1217980/29201/-1
07-11 02:03:15.794 11632 11632 E Parcel  : Reading a NULL string not supported here.
07-11 02:03:15.829 11632 11632 E Parcel  : Reading a NULL string not supported here.
07-11 02:03:15.837 11632 11632 E Parcel  : Reading a NULL string not supported here.
07-11 02:03:15.850 11632 11632 E Parcel  : Reading a NULL string not supported here.
07-11 02:03:15.879 11632 11632 E Parcel  : Reading a NULL string not supported here.
07-11 02:03:15.888 11632 11632 E Parcel  : Reading a NULL string not supported here.
07-11 02:03:15.890 11632 11632 E Parcel  : Reading a NULL string not supported here.
07-11 02:03:15.903 11632 11632 E Parcel  : Reading a NULL string not supported here.
07-11 02:03:15.905 11632 11632 E Parcel  : Reading a NULL string not supported here.
07-11 02:03:15.927 11632 11632 E Parcel  : Reading a NULL string not supported here.
07-11 02:03:15.944 11632 11632 E Parcel  : Reading a NULL string not supported here.
07-11 02:03:16.009 11632 11632 E Parcel  : Reading a NULL string not supported here.
07-11 02:03:16.024 11632 11632 E Parcel  : Reading a NULL string not supported here.
07-11 02:03:16.094 11632 11632 E Parcel  : Reading a NULL string not supported here.
07-11 02:03:16.145 11632 11632 E Parcel  : Reading a NULL string not supported here.
07-11 02:03:16.261 11632 11632 E Parcel  : Reading a NULL string not supported here.
07-11 02:03:16.311 11632 11632 E Parcel  : Reading a NULL string not supported here.
07-11 02:03:16.376 11632 11632 E Parcel  : Reading a NULL string not supported here.
07-11 02:03:16.393 11632 11632 E Parcel  : Reading a NULL string not supported here.
07-11 02:03:16.482 11632 11632 E IPCThreadState: Binder transaction failure: 1219109/29201/-1
07-11 02:03:16.748  1829  4794 E TaskPersister: File error accessing recents directory (directory doesn't exist?).
07-11 02:03:16.902  1829  2277 W ActivityTaskManager: callingPackage for (uid=2000, pid=11636) has no WPC
07-11 02:03:16.907  1829  2277 W OptProp : Cannot read opt property android.window.PROPERTY_COMPAT_ALLOW_USER_ASPECT_RATIO_OVERRIDE
07-11 02:03:16.907  1829  2277 W OptProp : Cannot read opt property android.window.PROPERTY_COMPAT_ALLOW_USER_ASPECT_RATIO_FULLSCREEN_OVERRIDE
07-11 02:03:16.907  1829  2277 W OptProp : Cannot read opt property android.window.PROPERTY_COMPAT_ALLOW_ORIENTATION_OVERRIDE
07-11 02:03:16.908  1829  2277 V GrammaticalInflectionUtils: AttributionSource: android.content.AttributionSource@857b965 does not have READ_SYSTEM_GRAMMATICAL_GENDER permission.
07-11 02:03:16.909  1829  2277 W OptProp : Cannot read opt property android.window.PROPERTY_COMPAT_ALLOW_RESIZEABLE_ACTIVITY_OVERRIDES
07-11 02:03:16.911  1829  2277 W OptProp : Cannot read opt property android.window.PROPERTY_COMPAT_ALLOW_MIN_ASPECT_RATIO_OVERRIDE
07-11 02:03:16.922  1829  2277 D CompatChangeReporter: Compat change id reported: 205907456; UID 10197; state: ENABLED
07-11 02:03:16.929  2171  2229 V WindowManagerShell: Transition requested (#57): android.os.BinderProxy@4e81c47 TransitionRequestInfo { type = OPEN, triggerTask = TaskInfo{userId=0 taskId=15 displayId=0 isRunning=true baseIntent=Intent { act=android.intent.action.MAIN cat=[android.intent.category.LAUNCHER] flg=0x10000000 cmp=com.example.groupify/.MainActivity } baseActivity=ComponentInfo{com.example.groupify/com.example.groupify.MainActivity} topActivity=ComponentInfo{com.example.groupify/com.example.groupify.MainActivity} origActivity=null realActivity=ComponentInfo{com.example.groupify/com.example.groupify.MainActivity} numActivities=1 lastActiveTime=7984140 supportsMultiWindow=true resizeMode=1 isResizeable=true minWidth=-1 minHeight=-1 defaultMinSize=220 token=WCT{android.window.IWindowContainerToken$Stub$Proxy@55bdc74} topActivityType=1 pictureInPictureParams=null shouldDockBigOverlays=false launchIntoPipHostTaskId=-1 lastParentTaskIdBeforePip=-1 displayCutoutSafeInsets=null topActivityInfo=ActivityInfo{b00659d com.example.groupify.MainActivity} launchCookies=[] positionInParent=Point(0, 0) parentTaskId=-1 isFocused=false isVisible=false isVisibleRequested=false isSleeping=false locusId=null displayAreaFeatureId=1 isTopActivityTransparent=false appCompatTaskInfo=AppCompatTaskInfo { topActivityInSizeCompat=false topActivityEligibleForLetterboxEducation= falseisLetterboxEducationEnabled= true isLetterboxDoubleTapEnabled= false topActivityEligibleForUserAspectRatioButton= false topActivityBoundsLetterboxed= false isFromLetterboxDoubleTap= false topActivityLetterboxVerticalPosition= -1 topActivityLetterboxHorizontalPosition= -1 topActivityLetterboxWidth=1080 topActivityLetterboxHeight=2400 isUserFullscreenOverrideEnabled=false isSystemFullscreenOverrideEnabled=false cameraCompatTaskInfo=CameraCompatTaskInfo { cameraCompatControlState=hidden freeformCameraCompatMode=inactive}}}, pipTask = null, remoteTransition = null, displayChange = null, flags = 0, debugId = 57 }
07-11 02:03:16.933  1829  2277 D CompatChangeReporter: Compat change id reported: 194833441; UID 10197; state: ENABLED
07-11 02:03:16.933  1829  2277 I ActivityTaskManager: START u0 {act=android.intent.action.MAIN cat=[android.intent.category.LAUNCHER] flg=0x10000000 cmp=com.example.groupify/.MainActivity} with LAUNCH_MULTIPLE from uid 2000 (BAL_ALLOW_PERMISSION) result code=0
07-11 02:03:16.942  1829  1854 V GrammaticalInflectionUtils: AttributionSource: android.content.AttributionSource@857b965 does not have READ_SYSTEM_GRAMMATICAL_GENDER permission.
07-11 02:03:16.949  2471  2471 W SplitSelectStateCtor: Missing session instanceIds
07-11 02:03:16.949  2471  2471 D StatsLog: LAUNCHER_SPLIT_SELECTION_EXIT_INTERRUPTED
07-11 02:03:16.953   444   444 I BpBinder: onLastStrongRef automatically unlinking death recipients: 
07-11 02:03:16.978  1747  1747 D Zygote  : Forked child process 11639
07-11 02:03:16.982  1829  1893 I ActivityManager: Start proc 11639:com.example.groupify/u0a197 for next-top-activity {com.example.groupify/com.example.groupify.MainActivity}
07-11 02:03:16.999  1829  1893 W ActivityManager: Slow operation: 53ms so far, now at startProcess: done updating pids map
07-11 02:03:17.027  1829  1849 D CoreBackPreview: Window{dfbe442 u0 Splash Screen com.example.groupify}: Setting back callback OnBackInvokedCallbackInfo{mCallback=android.window.IOnBackInvokedCallback$Stub$Proxy@e648aaf, mPriority=0, mIsAnimationCallback=false}
07-11 02:03:17.060 11639 11639 I xample.groupify: Late-enabling -Xcheck:jni
07-11 02:03:17.094 11639 11639 I xample.groupify: Using CollectorTypeCMC GC.
07-11 02:03:17.098 11639 11639 W xample.groupify: Unexpected CPU variant for x86: x86_64.
07-11 02:03:17.098 11639 11639 W xample.groupify: Known variants: atom, sandybridge, silvermont, goldmont, goldmont-plus, goldmont-without-sha-xsaves, tremont, kabylake, default
07-11 02:03:17.112  3378  3395 I adbd    : jdwp connection from 11639
07-11 02:03:17.178  2471  2871 D EGL_emulation: app_time_stats: avg=453.43ms min=38.62ms max=3295.31ms count=9
07-11 02:03:17.198 11639 11639 D nativeloader: Load libframework-connectivity-tiramisu-jni.so using APEX ns com_android_tethering for caller /apex/com.android.tethering/javalib/framework-connectivity-t.jar: ok
07-11 02:03:17.313 11639 11639 D nativeloader: Load /data/user/0/com.example.groupify/code_cache/startup_agents/8e9a2d18-agent.so using system ns (caller=<unknown>): ok
07-11 02:03:17.318 11639 11639 V studio.deploy: Startup agent attached to VM
07-11 02:03:17.319 11639 11639 V studio.deploy: No existing instrumentation found. Loading instrumentation from instruments-bd0f66b3.jar
07-11 02:03:17.309 11639 11639 W re-initialized>: type=1400 audit(0.0:613): avc:  granted  { execute } for  path="/data/data/com.example.groupify/code_cache/startup_agents/8e9a2d18-agent.so" dev="dm-45" ino=82018 scontext=u:r:untrusted_app_32:s0:c197,c256,c512,c768 tcontext=u:object_r:app_data_file:s0:c197,c256,c512,c768 tclass=file app=com.example.groupify
07-11 02:03:17.334 11639 11639 W xample.groupify: DexFile /data/data/com.example.groupify/code_cache/.studio/instruments-bd0f66b3.jar is in boot class path but is not in a known location
07-11 02:03:17.344 11639 11639 V studio.deploy: Applying transforms with cached classes
07-11 02:03:17.356  2171  3082 V WindowManagerShell: onTransitionReady(transaction=7855495185940)
07-11 02:03:17.362  2171  2229 V WindowManagerShell: onTransitionReady (#57) android.os.BinderProxy@4e81c47: {id=57 t=OPEN f=0x0 trk=0 r=[0@Point(0, 0)] c=[{WCT{android.window.IWindowContainerToken$Stub$Proxy@1eaf00d} m=OPEN f=NONE leash=Surface(name=Task=15)/@0x6935236 sb=Rect(0, 0 - 1080, 2400) eb=Rect(0, 0 - 1080, 2400) d=0 taskParent=-1},{WCT{android.window.IWindowContainerToken$Stub$Proxy@d3a5bc2} m=TO_BACK f=SHOW_WALLPAPER leash=Surface(name=Task=1)/@0xb8aa537 sb=Rect(0, 0 - 1080, 2400) eb=Rect(0, 0 - 1080, 2400) d=0 taskParent=-1}]}
07-11 02:03:17.363  2171  2229 V WindowManagerShell: Playing animation for (#57) android.os.BinderProxy@4e81c47@0
07-11 02:03:17.364  2171  2229 V WindowManagerShell:  try handler com.android.wm.shell.transition.DefaultMixedHandler@7d7232b
07-11 02:03:17.361  1829  1851 V WindowManager: Sent Transition (#57) createdAt=07-11 02:03:16.913 via request=TransitionRequestInfo { type = OPEN, triggerTask = TaskInfo{userId=0 taskId=15 displayId=0 isRunning=true baseIntent=Intent { act=android.intent.action.MAIN cat=[android.intent.category.LAUNCHER] flg=0x10000000 cmp=com.example.groupify/.MainActivity } baseActivity=ComponentInfo{com.example.groupify/com.example.groupify.MainActivity} topActivity=ComponentInfo{com.example.groupify/com.example.groupify.MainActivity} origActivity=null realActivity=ComponentInfo{com.example.groupify/com.example.groupify.MainActivity} numActivities=1 lastActiveTime=7984140 supportsMultiWindow=true resizeMode=1 isResizeable=true minWidth=-1 minHeight=-1 defaultMinSize=220 token=WCT{RemoteToken{fafdaa8 Task{30935d5 #15 type=standard A=10197:com.example.groupify}}} topActivityType=1 pictureInPictureParams=null shouldDockBigOverlays=false launchIntoPipHostTaskId=-1 lastParentTaskIdBeforePip=-1 displayCutoutSafeInsets=null topActivityInfo=ActivityInfo{86f79c1 com.example.groupify.MainActivity} launchCookies=[] positionInParent=Point(0, 0) parentTaskId=-1 isFocused=false isVisible=false isVisibleRequested=false isSleeping=false locusId=null displayAreaFeatureId=1 isTopActivityTransparent=false appCompatTaskInfo=AppCompatTaskInfo { topActivityInSizeCompat=false topActivityEligibleForLetterboxEducation= falseisLetterboxEducationEnabled= true isLetterboxDoubleTapEnabled= false topActivityEligibleForUserAspectRatioButton= false topActivityBoundsLetterboxed= false isFromLetterboxDoubleTap= false topActivityLetterboxVerticalPosition= -1 topActivityLetterboxHorizontalPosition= -1 topActivityLetterboxWidth=1080 topActivityLetterboxHeight=2400 isUserFullscreenOverrideEnabled=false isSystemFullscreenOverrideEnabled=false cameraCompatTaskInfo=CameraCompatTaskInfo { cameraCompatControlState=hidden freeformCameraCompatMode=inactive}}}, pipTask = null, remoteTransition = null, displayChange = null, flags = 0, debugId = 57 }
07-11 02:03:17.365  1829  1851 V WindowManager:     startWCT=WindowContainerTransaction { changes = {} hops = [] errorCallbackToken=null taskFragmentOrganizer=null }
07-11 02:03:17.365  1829  1851 V WindowManager:     info={id=57 t=OPEN f=0x0 trk=0 r=[0@Point(0, 0)] c=[
07-11 02:03:17.365  1829  1851 V WindowManager:         {WCT{RemoteToken{fafdaa8 Task{30935d5 #15 type=standard A=10197:com.example.groupify}}} m=OPEN f=NONE leash=Surface(name=Task=15)/@0x7443e45 sb=Rect(0, 0 - 1080, 2400) eb=Rect(0, 0 - 1080, 2400) d=0 taskParent=-1},
07-11 02:03:17.365  1829  1851 V WindowManager:         {WCT{RemoteToken{42513ae Task{7795430 #1 type=home}}} m=TO_BACK f=SHOW_WALLPAPER leash=Surface(name=Task=1)/@0x8c68846 sb=Rect(0, 0 - 1080, 2400) eb=Rect(0, 0 - 1080, 2400) d=0 taskParent=-1}
07-11 02:03:17.365  1829  1851 V WindowManager:     ]}
07-11 02:03:17.377  2171  2229 V WindowManagerShell:  try handler com.android.wm.shell.keyguard.KeyguardTransitionHandler@1934388
07-11 02:03:17.383  2171  2229 V WindowManagerShell:  try handler com.android.wm.shell.pip.PipTransition@d776121
07-11 02:03:17.383  2171  2229 V WindowManagerShell:  try handler com.android.wm.shell.activityembedding.ActivityEmbeddingController@bf29946
07-11 02:03:17.383  2171  2229 V WindowManagerShell:  try handler com.android.wm.shell.recents.RecentsTransitionHandler@322c707
07-11 02:03:17.383  2171  2229 V ShellRecents: RecentsTransitionHandler.startAnimation: no controller found
07-11 02:03:17.383  2171  2229 V WindowManagerShell:  try handler com.android.wm.shell.splitscreen.StageCoordinator@4dd1034
07-11 02:03:17.383  2171  2229 V WindowManagerShell:  try handler com.android.wm.shell.transition.RemoteTransitionHandler@947ee5d
07-11 02:03:17.383  2171  2229 V WindowManagerShell: Transition doesn't have explicit remote, search filters for match for {id=57 t=OPEN f=0x0 trk=0 r=[0@Point(0, 0)] c=[{WCT{android.window.IWindowContainerToken$Stub$Proxy@1eaf00d} m=OPEN f=NONE leash=Surface(name=Task=15)/@0x6935236 sb=Rect(0, 0 - 1080, 2400) eb=Rect(0, 0 - 1080, 2400) d=0 taskParent=-1},{WCT{android.window.IWindowContainerToken$Stub$Proxy@d3a5bc2} m=TO_BACK f=SHOW_WALLPAPER leash=Surface(name=Task=1)/@0xb8aa537 sb=Rect(0, 0 - 1080, 2400) eb=Rect(0, 0 - 1080, 2400) d=0 taskParent=-1}]}
07-11 02:03:17.383  2171  2229 V WindowManagerShell:  Checking filter Pair{{types=[] flags=0x0] notFlags=0x0 checks=[{atype=undefined independent=true modes=[OPEN,TO_FRONT] flags=IN_TASK_WITH_EMBEDDED_ACTIVITY mustBeTask=false order=ANY topActivity=ComponentInfo{com.google.android.apps.nexuslauncher/com.google.android.apps.nexuslauncher.NexusLauncherActivity} launchCookie=null},{atype=undefined independent=true modes=[CLOSE,TO_BACK] flags=IN_TASK_WITH_EMBEDDED_ACTIVITY mustBeTask=false order=ANY topActivity=null launchCookie=null}]} RemoteTransition { remoteTransition = android.window.IRemoteTransition$Stub$Proxy@e6ec5a9, appThread = android.app.IApplicationThread$Stub$Proxy@f19d72e, debugName = OverlaySwipeBack }}
07-11 02:03:17.385  2171  2229 V WindowManagerShell:  Checking filter Pair{{types=[] flags=0x0] notFlags=0x0 checks=[{atype=dream independent=true modes=[OPEN,TO_FRONT] flags=NONE mustBeTask=false order=ANY topActivity=null launchCookie=null},{atype=home independent=true modes=[CLOSE,TO_BACK] flags=NONE mustBeTask=false order=ANY topActivity=null launchCookie=null}]} RemoteTransition { remoteTransition = android.window.IRemoteTransition$Stub$Proxy@924d2cf, appThread = android.app.IApplicationThread$Stub$Proxy@803045c, debugName = LauncherToDream }}
07-11 02:03:17.386  2171  2229 V WindowManagerShell:  Checking filter Pair{{types=[] flags=0x0] notFlags=0x100 checks=[{atype=home independent=true modes=[OPEN,TO_FRONT] flags=NONE mustBeTask=false order=TOP topActivity=ComponentInfo{com.google.android.apps.nexuslauncher/com.google.android.apps.nexuslauncher.NexusLauncherActivity} launchCookie=null},{atype=standard independent=true modes=[CLOSE,TO_BACK] flags=NONE mustBeTask=false order=ANY topActivity=null launchCookie=null}]} RemoteTransition { remoteTransition = android.window.IRemoteTransition$Stub$Proxy@fc51365, appThread = android.app.IApplicationThread$Stub$Proxy@7f0383a, debugName = QuickstepLaunchHome }}
07-11 02:03:17.393  2171  2229 V WindowManagerShell:  Delegate animation for (#57) to null
07-11 02:03:17.393  2171  2229 V WindowManagerShell:  try handler com.android.wm.shell.transition.DefaultTransitionHandler@72f03d2
07-11 02:03:17.393  2171  2229 V WindowManagerShell: start default transition animation, info = {id=57 t=OPEN f=0x0 trk=0 r=[0@Point(0, 0)] c=[{WCT{android.window.IWindowContainerToken$Stub$Proxy@1eaf00d} m=OPEN f=NONE leash=Surface(name=Task=15)/@0x6935236 sb=Rect(0, 0 - 1080, 2400) eb=Rect(0, 0 - 1080, 2400) d=0 taskParent=-1},{WCT{android.window.IWindowContainerToken$Stub$Proxy@d3a5bc2} m=TO_BACK f=SHOW_WALLPAPER leash=Surface(name=Task=1)/@0xb8aa537 sb=Rect(0, 0 - 1080, 2400) eb=Rect(0, 0 - 1080, 2400) d=0 taskParent=-1}]}
07-11 02:03:17.395  2171  2229 V WindowManagerShell: loadAnimation: anim=android.view.animation.AnimationSet@c26d10 animAttr=0x13 type=OPEN isEntrance=false
07-11 02:03:17.396  2171  2229 V WindowManagerShell: loadAnimation: anim=android.view.animation.AnimationSet@a638009 animAttr=0x12 type=OPEN isEntrance=true
07-11 02:03:17.399  2171  2229 V WindowManagerShell:  animated by com.android.wm.shell.transition.DefaultTransitionHandler@72f03d2
07-11 02:03:17.409  1829  3719 W UserManagerService: Requested status bar icon for non-badged user 0
07-11 02:03:17.418  2471  2871 D EGL_emulation: app_time_stats: avg=413.91ms min=5.58ms max=3593.98ms count=10
07-11 02:03:17.707  2171  2229 V WindowManagerShell: Transition animation finished (aborted=false), notifying core (#57) android.os.BinderProxy@4e81c47@0
07-11 02:03:17.710  1829  1851 V WindowManager: Finish Transition (#57): created at 07-11 02:03:16.913 collect-started=0.081ms request-sent=14.246ms started=31.664ms ready=417.87ms sent=439.263ms finished=795.508ms
07-11 02:03:17.715  2171  2229 V WindowManagerShell: Track 0 became idle
07-11 02:03:17.715  2171  2229 V WindowManagerShell: All active transition animations finished
07-11 02:03:17.716  1829  1849 W UserManagerService: Requested status bar icon for non-badged user 0
07-11 02:03:17.719  1829  1849 W UserManagerService: Requested status bar icon for non-badged user 0
07-11 02:03:17.728  2471  2471 D VRI[NexusLauncherActivity]: visibilityChanged oldVisibility=true newVisibility=false
07-11 02:03:17.731  2471  2471 D NexusLauncherModelDelegate: notifySmartspaceEvent: SmartspaceTargetEvent{mSmartspaceTarget=null, mSmartspaceActionId='null', mEventType=7}
07-11 02:03:17.839 11639 11639 W xample.groupify: Redefining intrinsic method java.lang.Thread java.lang.Thread.currentThread(). This may cause the unexpected use of the original definition of java.lang.Thread java.lang.Thread.currentThread()in methods that have already been compiled.
07-11 02:03:17.840 11639 11639 W xample.groupify: Redefining intrinsic method boolean java.lang.Thread.interrupted(). This may cause the unexpected use of the original definition of boolean java.lang.Thread.interrupted()in methods that have already been compiled.
07-11 02:03:17.844 11639 11639 I studio.deploy: Registering DispatchJNI
07-11 02:03:17.844 11639 11639 I studio.deploy: Found com/android/tools/deploy/interpreter/JNI
07-11 02:03:17.924 11639 11639 W ziparchive: Unable to open '/data/data/com.example.groupify/code_cache/.overlay/base.apk/classes3.dm': No such file or directory
07-11 02:03:17.925 11639 11639 W ziparchive: Unable to open '/data/app/~~gIabkVWMEaYz-wwmHFnCNw==/com.example.groupify-BP1KTsAh-POAURTp96XA3A==/base.dm': No such file or directory
07-11 02:03:17.925 11639 11639 W ziparchive: Unable to open '/data/app/~~gIabkVWMEaYz-wwmHFnCNw==/com.example.groupify-BP1KTsAh-POAURTp96XA3A==/base.dm': No such file or directory
07-11 02:03:18.031 11639 11639 D nativeloader: Configuring clns-6 for other apk /data/app/~~gIabkVWMEaYz-wwmHFnCNw==/com.example.groupify-BP1KTsAh-POAURTp96XA3A==/base.apk. target_sdk_version=33, uses_libraries=, library_path=/data/app/~~gIabkVWMEaYz-wwmHFnCNw==/com.example.groupify-BP1KTsAh-POAURTp96XA3A==/lib/x86_64, permitted_path=/data:/mnt/expand:/data/user/0/com.example.groupify
07-11 02:03:18.065 11639 11639 V GraphicsEnvironment: Currently set values for:
07-11 02:03:18.066 11639 11639 V GraphicsEnvironment:   angle_gl_driver_selection_pkgs=[]
07-11 02:03:18.066 11639 11639 V GraphicsEnvironment:   angle_gl_driver_selection_values=[]
07-11 02:03:18.066 11639 11639 V GraphicsEnvironment: Global.Settings values are invalid: number of packages: 0, number of values: 0
07-11 02:03:18.066 11639 11639 V GraphicsEnvironment: Neither updatable production driver nor prerelease driver is supported.
07-11 02:03:18.157  1829  1849 W OptProp : Cannot read opt property android.window.PROPERTY_COMPAT_ENABLE_FAKE_FOCUS
07-11 02:03:18.320 11639 11639 D AppCompatDelegate: Checking for metadata for AppLocalesMetadataHolderService : Service not found
07-11 02:03:18.565 11639 11639 W xample.groupify: Accessing hidden method Landroid/view/View;->computeFitSystemWindows(Landroid/graphics/Rect;Landroid/graphics/Rect;)Z (unsupported, reflection, allowed)
07-11 02:03:18.566 11639 11639 W xample.groupify: Accessing hidden method Landroid/view/ViewGroup;->makeOptionalFitsSystemWindows()V (unsupported, reflection, allowed)
07-11 02:03:18.576 11639 11639 D CompatChangeReporter: Compat change id reported: 210923482; UID 10197; state: ENABLED
07-11 02:03:18.715 11639 11639 D AllAppInfo: App Name: Tethering, Package Name: com.google.android.networkstack.tethering, Version Name: 15, Version Code: 35
07-11 02:03:18.715 11639 11639 D AllAppInfo: App Name: Groupify, Package Name: com.example.groupify, Version Name: 1.0, Version Code: 1
07-11 02:03:18.715 11639 11639 D AllAppInfo: App Name: com.android.cts.priv.ctsshim, Package Name: com.android.cts.priv.ctsshim, Version Name: 14-10093150, Version Code: 34
07-11 02:03:18.727 11639 11639 D AllAppInfo: App Name: YouTube, Package Name: com.google.android.youtube, Version Name: 19.17.42, Version Code: 1545868784
07-11 02:03:18.732 11639 11639 D AllAppInfo: App Name: Corner cutout, Package Name: com.android.internal.display.cutout.emulation.corner, Version Name: 1.0, Version Code: 1
07-11 02:03:18.735 11639 11639 D AllAppInfo: App Name: Android Services Library, Package Name: com.google.android.ext.services, Version Name: aml_beta_350038000, Version Code: 350038000
07-11 02:03:18.736 11639 11639 D AllAppInfo: App Name: Double cutout, Package Name: com.android.internal.display.cutout.emulation.double, Version Name: 1.0, Version Code: 1
07-11 02:03:18.738 11639 11639 D AllAppInfo: App Name: Phone and Messaging Storage, Package Name: com.android.providers.telephony, Version Name: 15, Version Code: 35
07-11 02:03:18.742 11639 11639 D AllAppInfo: App Name: Dynamic System Updates, Package Name: com.android.dynsystem, Version Name: 15, Version Code: 35
07-11 02:03:18.769 11639 11639 D AllAppInfo: App Name: Google, Package Name: com.google.android.googlequicksearchbox, Version Name: 15.15.39.28.x86_64, Version Code: 301333631
07-11 02:03:18.769 11639 11639 D AllAppInfo: App Name: Cell Broadcast Service, Package Name: com.google.android.cellbroadcastservice, Version Name: R-initial, Version Code: 300000000
07-11 02:03:18.770 11639 11639 D AllAppInfo: App Name: Calendar Storage, Package Name: com.android.providers.calendar, Version Name: 15, Version Code: 35
07-11 02:03:18.770 11639 11639 D AllAppInfo: App Name: com.android.providers.media, Package Name: com.android.providers.media, Version Name: 15, Version Code: 1024
07-11 02:03:18.774 11639 11639 D AllAppInfo: App Name: Google One Time Init, Package Name: com.google.android.onetimeinitializer, Version Name: 15, Version Code: 35
07-11 02:03:18.779 11639 11639 D AllAppInfo: App Name: Android Shared Library, Package Name: com.google.android.ext.shared, Version Name: 1, Version Code: 1
07-11 02:03:18.779 11639 11639 D AllAppInfo: App Name: com.android.virtualmachine.res, Package Name: com.android.virtualmachine.res, Version Name: 15, Version Code: 35
07-11 02:03:18.779 11639 11639 D AllAppInfo: App Name: com.android.wallpapercropper, Package Name: com.android.wallpapercropper, Version Name: 15, Version Code: 35
07-11 02:03:18.779 11639 11639 D AllAppInfo: App Name: com.google.android.federatedcompute, Package Name: com.google.android.federatedcompute, Version Name: 15, Version Code: 350090000
07-11 02:03:18.779 11639 11639 D AllAppInfo: App Name: com.android.managedprovisioning.auto_generated_rro_product__, Package Name: com.android.managedprovisioning.auto_generated_rro_product__, Version Name: 1.0, Version Code: 1
07-11 02:03:18.779 11639 11639 D AllAppInfo: App Name: com.android.carrierconfig.auto_generated_rro_vendor__, Package Name: com.android.carrierconfig.auto_generated_rro_vendor__, Version Name: 1.0, Version Code: 1
07-11 02:03:18.779 11639 11639 D AllAppInfo: App Name: com.google.android.server.deviceconfig.resources, Package Name: com.google.android.server.deviceconfig.resources, Version Name: V, Version Code: 1
07-11 02:03:18.779 11639 11639 D AllAppInfo: App Name: Filled, Package Name: com.android.systemui.emulation.pixel_3_xl, Version Name: 1.0, Version Code: 1
07-11 02:03:18.779 11639 11639 D AllAppInfo: App Name: Filled, Package Name: com.android.systemui.emulation.pixel_4_xl, Version Name: 1.0, Version Code: 1
07-11 02:03:18.779 11639 11639 D AllAppInfo: App Name: Filled, Package Name: com.android.systemui.emulation.pixel_fold, Version Name: 1.0, Version Code: 1
07-11 02:03:18.779 11639 11639 D AllAppInfo: App Name: com.android.providers.telephony.auto_generated_characteristics_rro, Package Name: com.android.providers.telephony.auto_generated_characteristics_rro, Version Name: 15, Version Code: 35
07-11 02:03:18.779 11639 11639 D AllAppInfo: App Name: com.android.simappdialog.auto_generated_rro_product__, Package Name: com.android.simappdialog.auto_generated_rro_product__, Version Name: 1.0, Version Code: 1
07-11 02:03:18.787 11639 11639 D AllAppInfo: App Name: External Storage, Package Name: com.android.externalstorage, Version Name: 15, Version Code: 35
07-11 02:03:18.790 11639 11639 D AllAppInfo: App Name: HTML Viewer, Package Name: com.android.htmlviewer, Version Name: 15, Version Code: 35
07-11 02:03:18.800 11639 11639 D AllAppInfo: App Name: Companion Device Manager, Package Name: com.android.companiondevicemanager, Version Name: 15, Version Code: 35
07-11 02:03:18.801 11639 11639 D AllAppInfo: App Name: MmsService, Package Name: com.android.mms.service, Version Name: 15, Version Code: 35
07-11 02:03:18.807 11639 11639 D AllAppInfo: App Name: Download Manager, Package Name: com.android.providers.downloads, Version Name: 15, Version Code: 35
07-11 02:03:18.808 11639 11639 D AllAppInfo: App Name: com.google.android.overlay.largescreenconfig, Package Name: com.google.android.overlay.largescreenconfig, Version Name: 1.0, Version Code: 1
07-11 02:03:18.809 11639 11639 D AllAppInfo: App Name: com.google.android.health.connect.backuprestore, Package Name: com.google.android.health.connect.backuprestore, Version Name: 15, Version Code: 35
07-11 02:03:18.809 11639 11639 D AllAppInfo: App Name: com.android.systemui.auto_generated_rro_product__, Package Name: com.android.systemui.auto_generated_rro_product__, Version Name: 1.0, Version Code: 1
07-11 02:03:18.825 11639 11639 D AllAppInfo: App Name: Messages, Package Name: com.google.android.apps.messaging, Version Name: messages.android_20240416_00_RC10_alldpi.x86_64.phone, Version Code: 229790880
07-11 02:03:18.830 11639 11639 D AllAppInfo: App Name: Sounds, Package Name: com.google.android.soundpicker, Version Name: 3.0 (496815901), Version Code: 30000182
07-11 02:03:18.830 11639 11639 D AllAppInfo: App Name: com.google.android.marvin.talkbackoverlay, Package Name: com.google.android.marvin.talkbackoverlay, Version Name: 15, Version Code: 35
07-11 02:03:18.831 11639 11639 D AllAppInfo: App Name: ConfigUpdater, Package Name: com.google.android.configupdater, Version Name: 15, Version Code: 35
07-11 02:03:18.831 11639 11639 D AllAppInfo: App Name: Filled, Package Name: com.android.internal.emulation.pixel_3a_xl, Version Name: 1.0, Version Code: 1
07-11 02:03:18.831 11639 11639 D AllAppInfo: App Name: Filled, Package Name: com.android.internal.emulation.pixel_6_pro, Version Name: 1.0, Version Code: 1
07-11 02:03:18.831 11639 11639 D AllAppInfo: App Name: Filled, Package Name: com.android.internal.emulation.pixel_7_pro, Version Name: 1.0, Version Code: 1
07-11 02:03:18.831 11639 11639 D AllAppInfo: App Name: Filled, Package Name: com.android.internal.emulation.pixel_8_pro, Version Name: 1.0, Version Code: 1
07-11 02:03:18.843 11639 11639 D AllAppInfo: App Name: Media picker, Package Name: com.google.android.providers.media.module, Version Name: 15, Version Code: 35
07-11 02:03:18.844 11639 11639 D AllAppInfo: App Name: Filled, Package Name: com.android.internal.emulation.pixel_3a, Version Name: 1.0, Version Code: 1
07-11 02:03:18.844 11639 11639 D AllAppInfo: App Name: Filled, Package Name: com.android.internal.emulation.pixel_4a, Version Name: 1.0, Version Code: 1
07-11 02:03:18.844 11639 11639 D AllAppInfo: App Name: Filled, Package Name: com.android.internal.emulation.pixel_6a, Version Name: 1.0, Version Code: 1
07-11 02:03:18.845 11639 11639 D AllAppInfo: App Name: Filled, Package Name: com.android.internal.emulation.pixel_7a, Version Name: 1.0, Version Code: 1
07-11 02:03:18.845 11639 11639 D AllAppInfo: App Name: com.google.android.overlay.googlewebview, Package Name: com.google.android.overlay.googlewebview, Version Name: 1.0, Version Code: 1
07-11 02:03:18.845 11639 11639 D AllAppInfo: App Name: com.android.systemui.plugin.globalactions.wallet, Package Name: com.android.systemui.plugin.globalactions.wallet, Version Name: 1.0.0.0, Version Code: 10000000
07-11 02:03:18.852 11639 11639 D AllAppInfo: App Name: Downloads, Package Name: com.android.providers.downloads.ui, Version Name: 15, Version Code: 35
07-11 02:03:18.857 11639 11639 D AllAppInfo: App Name: OsuLogin, Package Name: com.google.android.hotspot2.osulogin, Version Name: 15, Version Code: 35
07-11 02:03:18.870 11639 11639 D AllAppInfo: App Name: Google Play Store, Package Name: com.android.vending, Version Name: 41.7.16-31 [0] [PR] 647773006, Version Code: 84171630
07-11 02:03:18.873 11639 11639 D AllAppInfo: App Name: PacProcessor, Package Name: com.android.pacprocessor, Version Name: 15, Version Code: 35
07-11 02:03:18.879 11639 11639 D AllAppInfo: App Name: Sim App Dialog, Package Name: com.android.simappdialog, Version Name: 15, Version Code: 35
07-11 02:03:18.890 11639 11639 D AllAppInfo: App Name: Ad Privacy, Package Name: com.google.android.adservices.api, Version Name: 15, Version Code: 35
07-11 02:03:18.917 11639 11639 D AllAppInfo: App Name: Punch Hole cutout, Package Name: com.android.internal.display.cutout.emulation.hole, Version Name: 1.0, Version Code: 1
07-11 02:03:18.922 11639 11639 D AllAppInfo: App Name: Tall cutout, Package Name: com.android.internal.display.cutout.emulation.tall, Version Name: 1.0, Version Code: 1
07-11 02:03:18.925 11639 11639 D AllAppInfo: App Name: Certificate Installer, Package Name: com.android.certinstaller, Version Name: 15, Version Code: 35
07-11 02:03:18.925 11639 11639 D AllAppInfo: App Name: com.android.carrierconfig, Package Name: com.android.carrierconfig, Version Name: 1.0.0, Version Code: 1
07-11 02:03:18.937 11639 11639 D AllAppInfo: App Name: Android Accessibility Suite, Package Name: com.google.android.marvin.talkback, Version Name: 15.0.0.633409147, Version Code: 60137785
07-11 02:03:18.940 11639 11639 D AllAppInfo: App Name: 3 Button Navigation Bar, Package Name: com.android.internal.systemui.navbar.threebutton, Version Name: 1.0, Version Code: 1
07-11 02:03:18.950 11639 11639 D AllAppInfo: App Name: Android System, Package Name: android, Version Name: 15, Version Code: 35
07-11 02:03:18.970 11639 11639 D AllAppInfo: App Name: Camera, Package Name: com.android.camera2, Version Name: 2.0.002, Version Code: 20002000
07-11 02:03:18.970 11639 11639 D AllAppInfo: App Name: com.android.internal.ranchu.commonoverlay, Package Name: com.android.internal.ranchu.commonoverlay, Version Name: 15, Version Code: 35
07-11 02:03:18.970 11639 11639 D AllAppInfo: App Name: com.google.android.sdksandbox, Package Name: com.google.android.sdksandbox, Version Name: T-initial, Version Code: 1
07-11 02:03:18.973 11639 11639 D AllAppInfo: App Name: Android Easter Egg, Package Name: com.android.egg, Version Name: 1.0, Version Code: 12
07-11 02:03:18.977 11639 11639 D AllAppInfo: App Name: MTP Host, Package Name: com.android.mtp, Version Name: 15, Version Code: 35
07-11 02:03:18.979 11639 11639 D AllAppInfo: App Name: Nfc Service, Package Name: com.android.nfc, Version Name: 15, Version Code: 35
07-11 02:03:18.979 11639 11639 D AllAppInfo: App Name: com.android.ons, Package Name: com.android.ons, Version Name: 15, Version Code: 35
07-11 02:03:18.985 11639 11639 D AllAppInfo: App Name: SIM Toolkit, Package Name: com.android.stk, Version Name: 15, Version Code: 35
07-11 02:03:18.985 11639 11639 D AllAppInfo: App Name: com.android.backupconfirm, Package Name: com.android.backupconfirm, Version Name: 15, Version Code: 35
07-11 02:03:18.985 11639 11639 D AllAppInfo: App Name: com.android.systemui.auto_generated_rro_vendor__, Package Name: com.android.systemui.auto_generated_rro_vendor__, Version Name: 1.0, Version Code: 1
07-11 02:03:18.993 11639 11639 D AllAppInfo: App Name: Clock, Package Name: com.google.android.deskclock, Version Name: 7.5 (563137996), Version Code: 76002074
07-11 02:03:18.995 11639 11639 D AllAppInfo: App Name: 2 Button Navigation Bar, Package Name: com.android.internal.systemui.navbar.twobutton, Version Name: 1.0, Version Code: 1
07-11 02:03:19.003 11639 11639 D AllAppInfo: App Name: Android System Intelligence, Package Name: com.google.android.as, Version Name: U.0.sysimg.pixel6.557423134, Version Code: 10615536
07-11 02:03:19.014 11639 11639 D AllAppInfo: App Name: Gmail, Package Name: com.google.android.gm, Version Name: 2024.04.14.625469418.Release, Version Code: 64551108
07-11 02:03:19.014 11639 11639 D AllAppInfo: App Name: com.android.systemui.accessibility.accessibilitymenu, Package Name: com.android.systemui.accessibility.accessibilitymenu, Version Name: 15, Version Code: 35
07-11 02:03:19.030 11639 11639 D AllAppInfo: App Name: Permission controller, Package Name: com.google.android.permissioncontroller, Version Name: aml_beta_350038000, Version Code: 350038000
07-11 02:03:19.031 11639 11639 D AllAppInfo: App Name: Filled, Package Name: com.android.systemui.emulation.pixel_3, Version Name: 1.0, Version Code: 1
07-11 02:03:19.031 11639 11639 D AllAppInfo: App Name: Filled, Package Name: com.android.systemui.emulation.pixel_4, Version Name: 1.0, Version Code: 1
07-11 02:03:19.031 11639 11639 D AllAppInfo: App Name: Filled, Package Name: com.android.systemui.emulation.pixel_5, Version Name: 1.0, Version Code: 1
07-11 02:03:19.031 11639 11639 D AllAppInfo: App Name: Filled, Package Name: com.android.systemui.emulation.pixel_6, Version Name: 1.0, Version Code: 1
07-11 02:03:19.031 11639 11639 D AllAppInfo: App Name: Filled, Package Name: com.android.systemui.emulation.pixel_7, Version Name: 1.0, Version Code: 1
07-11 02:03:19.032 11639 11639 D AllAppInfo: App Name: Filled, Package Name: com.android.systemui.emulation.pixel_8, Version Name: 1.0, Version Code: 1
07-11 02:03:19.033 11639 11639 D AllAppInfo: App Name: com.android.emulator.radio.config, Package Name: com.android.emulator.radio.config, Version Name: 15, Version Code: 35
07-11 02:03:19.041 11639 11639 D AllAppInfo: App Name: Bluetooth, Package Name: com.google.android.bluetooth, Version Name: 14, Version Code: 34
07-11 02:03:19.046 11639 11639 D AllAppInfo: App Name: Settings Storage, Package Name: com.android.providers.settings, Version Name: 15, Version Code: 35
07-11 02:03:19.046 11639 11639 D AllAppInfo: App Name: com.android.sharedstoragebackup, Package Name: com.android.sharedstoragebackup, Version Name: 15, Version Code: 35
07-11 02:03:19.051 11639 11639 D AllAppInfo: App Name: Print Spooler, Package Name: com.android.printspooler, Version Name: 15, Version Code: 35
07-11 02:03:19.051 11639 11639 D AllAppInfo: App Name: com.android.emergency.auto_generated_rro_product__, Package Name: com.android.emergency.auto_generated_rro_product__, Version Name: 1.0, Version Code: 1
07-11 02:03:19.052 11639 11639 D AllAppInfo: App Name: com.google.android.connectivity.resources.goldfish.overlay, Package Name: com.google.android.connectivity.resources.goldfish.overlay, Version Name: 15, Version Code: 35
07-11 02:03:19.056 11639 11639 D AllAppInfo: App Name: Basic Daydreams, Package Name: com.android.dreams.basic, Version Name: 15, Version Code: 35
07-11 02:03:19.057 11639 11639 D AllAppInfo: App Name: com.google.android.networkstack.tethering.emulator, Package Name: com.google.android.networkstack.tethering.emulator, Version Name: 1.0, Version Code: 1
07-11 02:03:19.057 11639 11639 D AllAppInfo: App Name: com.android.providers.settings.auto_generated_rro_product__, Package Name: com.android.providers.settings.auto_generated_rro_product__, Version Name: 1.0, Version Code: 1
07-11 02:03:19.062 11639 11639 D AllAppInfo: App Name: Private Compute Services, Package Name: com.google.android.as.oss, Version Name: 1.0.release.529494121, Version Code: 18409
07-11 02:03:19.062 11639 11639 D AllAppInfo: App Name: SecureElementApplication, Package Name: com.android.se, Version Name: 15, Version Code: 35
07-11 02:03:19.066 11639 11639 D AllAppInfo: App Name: Input Devices, Package Name: com.android.inputdevices, Version Name: 15, Version Code: 35
07-11 02:03:19.066 11639 11639 D AllAppInfo: App Name: com.android.traceur.auto_generated_rro_product__, Package Name: com.android.traceur.auto_generated_rro_product__, Version Name: 1.0, Version Code: 1
07-11 02:03:19.077 11639 11639 D AllAppInfo: App Name: Digital Wellbeing, Package Name: com.google.android.apps.wellbeing, Version Name: 1.10.632261353 (608297), Version Code: 608297
07-11 02:03:19.081 11639 11639 D AllAppInfo: App Name: DeviceLockController, Package Name: com.google.android.devicelockcontroller, Version Name: 15, Version Code: 35
07-11 02:03:19.091 11639 11639 D AllAppInfo: App Name: Phone, Package Name: com.google.android.dialer, Version Name: 127.0.620688474, Version Code: 16046250
07-11 02:03:19.092 11639 11639 D AllAppInfo: App Name: Default Print Service, Package Name: com.android.bips, Version Name: 15, Version Code: 35
07-11 02:03:19.092 11639 11639 D AllAppInfo: App Name: Filled, Package Name: com.android.internal.emulation.pixel_3, Version Name: 1.0, Version Code: 1
07-11 02:03:19.094 11639 11639 D AllAppInfo: App Name: Filled, Package Name: com.android.internal.emulation.pixel_4, Version Name: 1.0, Version Code: 1
07-11 02:03:19.094 11639 11639 D AllAppInfo: App Name: Filled, Package Name: com.android.internal.emulation.pixel_5, Version Name: 1.0, Version Code: 1
07-11 02:03:19.094 11639 11639 D AllAppInfo: App Name: Filled, Package Name: com.android.internal.emulation.pixel_6, Version Name: 1.0, Version Code: 1
07-11 02:03:19.094 11639 11639 D AllAppInfo: App Name: Filled, Package Name: com.android.internal.emulation.pixel_7, Version Name: 1.0, Version Code: 1
07-11 02:03:19.094 11639 11639 D AllAppInfo: App Name: Filled, Package Name: com.android.internal.emulation.pixel_8, Version Name: 1.0, Version Code: 1
07-11 02:03:19.097 11639 11639 D AllAppInfo: App Name: Captive Portal Login, Package Name: com.google.android.captiveportallogin, Version Name: 15, Version Code: 350038000
07-11 02:03:19.098 11639 11639 D AllAppInfo: App Name: android.auto_generated_characteristics_rro, Package Name: android.auto_generated_characteristics_rro, Version Name: 15, Version Code: 35
07-11 02:03:19.098 11639 11639 D AllAppInfo: App Name: com.google.android.appsearch.apk, Package Name: com.google.android.appsearch.apk, Version Name: 15, Version Code: 35
07-11 02:03:19.104 11639 11639 D AllAppInfo: App Name: MusicFX, Package Name: com.android.musicfx, Version Name: 1.4, Version Code: 10400
07-11 02:03:19.114 11639 11639 D AllAppInfo: App Name: Drive, Package Name: com.google.android.apps.docs, Version Name: 2.24.087.1.x86_64.alldpi, Version Code: 213503463
07-11 02:03:19.119 11639 11639 D AllAppInfo: App Name: Maps, Package Name: com.google.android.apps.maps, Version Name: 11.126.0108, Version Code: 1067497726
07-11 02:03:19.122 11639 11639 D AllAppInfo: App Name: Main components, Package Name: com.google.android.modulemetadata, Version Name: 2024-01-01S+, Version Code: 350021004
