07-11 02:05:43.619  2471  2471 D SearchTargetUtil: layoutType=short_icon_row resultType=131072 packageName=com.google.android.googlequicksearchbox extras=Bundle{suggestion_type=33,suggest_truncate_start=false,is_answer=false,is_entity=false,is_personal=false,suggest_raw_text=united airlines plane loses wheel,input_query=android.app.search.Query@3c74eb6,group_id=web8130339,response_id=5179aa27-5874-4444-98f7-9a12116ccd51,support_query_builder=false,} searchAction=united airlines plane loses wheel searchActionExtras=Bundle{learn_more_url=https://support.google.com/websearch/answer/106230?hl=106230,suggestion_action_text=Report this,should_start_for_result=true,allow_pinning=true,skip_logging_in_target_handler=true,suggestion_action_rpc=2,}ParentID: null targetID: 79c2e901-7219-4903-9d95-979a279f657b
07-11 02:05:43.620  2471  2471 D SearchTargetUtil: layoutType=short_icon_row resultType=131072 packageName=com.google.android.googlequicksearchbox extras=Bundle{suggestion_type=33,suggest_truncate_start=false,is_answer=false,is_entity=false,is_personal=false,suggest_raw_text=krispy kreme doughnuts 87 cents,input_query=android.app.search.Query@3c74eb6,group_id=web8130339,response_id=5179aa27-5874-4444-98f7-9a12116ccd51,support_query_builder=false,} searchAction=krispy kreme doughnuts 87 cents searchActionExtras=Bundle{learn_more_url=https://support.google.com/websearch/answer/106230?hl=106230,suggestion_action_text=Report this,should_start_for_result=true,allow_pinning=true,skip_logging_in_target_handler=true,suggestion_action_rpc=2,}ParentID: null targetID: b2afdcf2-0196-4c55-9216-b193f00cb1ee
07-11 02:05:43.620  2471  2471 D SearchTargetUtil: layoutType=short_icon_row resultType=131072 packageName=com.google.android.googlequicksearchbox extras=Bundle{suggestion_type=33,suggest_truncate_start=false,is_answer=false,is_entity=false,is_personal=false,suggest_raw_text=judiciary committee,input_query=android.app.search.Query@3c74eb6,group_id=web8130339,response_id=5179aa27-5874-4444-98f7-9a12116ccd51,support_query_builder=false,} searchAction=judiciary committee searchActionExtras=Bundle{learn_more_url=https://support.google.com/websearch/answer/106230?hl=106230,suggestion_action_text=Report this,should_start_for_result=true,allow_pinning=true,skip_logging_in_target_handler=true,suggestion_action_rpc=2,}ParentID: null targetID: eefd69f0-d404-4509-9604-77c14d922703
07-11 02:05:43.620   444   444 E BpTransactionCompletedListener: Failed to transact (-32)
07-11 02:05:43.621  2471  2471 D SearchTargetUtil: layoutType=short_icon_row resultType=131072 packageName=com.google.android.googlequicksearchbox extras=Bundle{suggestion_type=33,suggest_truncate_start=false,is_answer=false,is_entity=false,is_personal=false,suggest_raw_text=motorcyclist dies death valley,input_query=android.app.search.Query@3c74eb6,group_id=web8130339,response_id=5179aa27-5874-4444-98f7-9a12116ccd51,support_query_builder=false,} searchAction=motorcyclist dies death valley searchActionExtras=Bundle{learn_more_url=https://support.google.com/websearch/answer/106230?hl=106230,suggestion_action_text=Report this,should_start_for_result=true,allow_pinning=true,skip_logging_in_target_handler=true,suggestion_action_rpc=2,}ParentID: null targetID: 39bc6090-b1ba-4e12-bb22-e6a7b688f5cb
07-11 02:05:43.621  2471  2471 D SearchTargetUtil: layoutType=short_icon_row resultType=131072 packageName=com.google.android.googlequicksearchbox extras=Bundle{suggestion_type=33,suggest_truncate_start=false,is_answer=false,is_entity=false,is_personal=false,suggest_raw_text=the devil wears prada sequel,input_query=android.app.search.Query@3c74eb6,group_id=web8130339,response_id=5179aa27-5874-4444-98f7-9a12116ccd51,support_query_builder=false,} searchAction=the devil wears prada sequel searchActionExtras=Bundle{learn_more_url=https://support.google.com/websearch/answer/106230?hl=106230,suggestion_action_text=Report this,should_start_for_result=true,allow_pinning=true,skip_logging_in_target_handler=true,suggestion_action_rpc=2,}ParentID: null targetID: 8d392cc8-c130-4ec9-ac3c-9cf4835ec8c2
07-11 02:05:43.621  2471  2471 D SearchTargetUtil: layoutType=short_icon_row resultType=131072 packageName=com.google.android.googlequicksearchbox extras=Bundle{suggestion_type=33,suggest_truncate_start=false,is_answer=false,is_entity=false,is_personal=false,suggest_raw_text=rodeo mexican restaurant margarita,input_query=android.app.search.Query@3c74eb6,group_id=web8130339,response_id=5179aa27-5874-4444-98f7-9a12116ccd51,support_query_builder=false,} searchAction=rodeo mexican restaurant margarita searchActionExtras=Bundle{learn_more_url=https://support.google.com/websearch/answer/106230?hl=106230,suggestion_action_text=Report this,should_start_for_result=true,allow_pinning=true,skip_logging_in_target_handler=true,suggestion_action_rpc=2,}ParentID: null targetID: dd379b2b-a2bb-4ebf-be99-304c75e9b981
07-11 02:05:43.621  2471  2471 D SearchTargetUtil: layoutType=short_icon_row resultType=131072 packageName=com.google.android.googlequicksearchbox extras=Bundle{suggestion_type=33,suggest_truncate_start=false,is_answer=false,is_entity=false,is_personal=false,suggest_raw_text=intuit layoffs,input_query=android.app.search.Query@3c74eb6,group_id=web8130339,response_id=5179aa27-5874-4444-98f7-9a12116ccd51,support_query_builder=false,} searchAction=intuit layoffs searchActionExtras=Bundle{learn_more_url=https://support.google.com/websearch/answer/106230?hl=106230,suggestion_action_text=Report this,should_start_for_result=true,allow_pinning=true,skip_logging_in_target_handler=true,suggestion_action_rpc=2,}ParentID: null targetID: 67e100e4-0ce6-4f3f-a2a5-3239df8698e3
07-11 02:05:43.622  2471  2471 D SearchTargetUtil: layoutType=short_icon_row resultType=131072 packageName=com.google.android.googlequicksearchbox extras=Bundle{suggestion_type=33,suggest_truncate_start=false,is_answer=false,is_entity=false,is_personal=false,suggest_raw_text=mcdonalds kit kat banana split mcflurry,input_query=android.app.search.Query@3c74eb6,group_id=web8130339,response_id=5179aa27-5874-4444-98f7-9a12116ccd51,support_query_builder=false,} searchAction=mcdonalds kit kat banana split mcflurry searchActionExtras=Bundle{learn_more_url=https://support.google.com/websearch/answer/106230?hl=106230,suggestion_action_text=Report this,should_start_for_result=true,allow_pinning=true,skip_logging_in_target_handler=true,suggestion_action_rpc=2,}ParentID: null targetID: 244b939e-e729-4b1b-9fda-0e248d7b5283
07-11 02:05:43.622  2471  2471 D SearchTargetUtil: layoutType=short_icon_row resultType=131072 packageName=com.google.android.googlequicksearchbox extras=Bundle{suggestion_type=33,suggest_truncate_start=false,is_answer=false,is_entity=false,is_personal=false,suggest_raw_text=dartmouth student death hazing,input_query=android.app.search.Query@3c74eb6,group_id=web8130339,response_id=5179aa27-5874-4444-98f7-9a12116ccd51,support_query_builder=false,} searchAction=dartmouth student death hazing searchActionExtras=Bundle{learn_more_url=https://support.google.com/websearch/answer/106230?hl=106230,suggestion_action_text=Report this,should_start_for_result=true,allow_pinning=true,skip_logging_in_target_handler=true,suggestion_action_rpc=2,}ParentID: null targetID: 837e1f4e-b1da-4e3b-b6d5-d0a63cffb663
07-11 02:05:43.622  2471  2471 D SearchTargetUtil: layoutType=short_icon_row resultType=131072 packageName=com.google.android.googlequicksearchbox extras=Bundle{suggestion_type=33,suggest_truncate_start=false,is_answer=false,is_entity=false,is_personal=false,suggest_raw_text=bubonic plague case colorado,input_query=android.app.search.Query@3c74eb6,group_id=web8130339,response_id=5179aa27-5874-4444-98f7-9a12116ccd51,support_query_builder=false,} searchAction=bubonic plague case colorado searchActionExtras=Bundle{learn_more_url=https://support.google.com/websearch/answer/106230?hl=106230,suggestion_action_text=Report this,should_start_for_result=true,allow_pinning=true,skip_logging_in_target_handler=true,suggestion_action_rpc=2,}ParentID: null targetID: d644c6fb-b551-4d62-a11e-4292a7019cf3
07-11 02:05:43.622  2471  2471 D SearchTargetUtil: layoutType=short_icon_row resultType=131072 packageName=com.google.android.googlequicksearchbox extras=Bundle{suggestion_type=33,suggest_truncate_start=false,is_answer=false,is_entity=false,is_personal=false,suggest_raw_text=free slurpees,input_query=android.app.search.Query@3c74eb6,group_id=web8130339,response_id=5179aa27-5874-4444-98f7-9a12116ccd51,support_query_builder=false,} searchAction=free slurpees searchActionExtras=Bundle{learn_more_url=https://support.google.com/websearch/answer/106230?hl=106230,suggestion_action_text=Report this,should_start_for_result=true,allow_pinning=true,skip_logging_in_target_handler=true,suggestion_action_rpc=2,}ParentID: null targetID: 54750710-26ba-4d69-b537-548cd8dd8fd8
07-11 02:05:43.632 11677 11677 E Parcel  : Reading a NULL string not supported here.
07-11 02:05:43.658 11677 11677 E Parcel  : Reading a NULL string not supported here.
07-11 02:05:43.706 11677 11677 E Parcel  : Reading a NULL string not supported here.
07-11 02:05:43.752 11677 11677 E Parcel  : Reading a NULL string not supported here.
07-11 02:05:43.794 11677 11677 E Parcel  : Reading a NULL string not supported here.
07-11 02:05:43.819 11677 11677 E Parcel  : Reading a NULL string not supported here.
07-11 02:05:43.857 11677 11677 E Parcel  : Reading a NULL string not supported here.
07-11 02:05:43.863 11677 11677 E Parcel  : Reading a NULL string not supported here.
07-11 02:05:43.918 11677 11677 E IPCThreadState: Binder transaction failure: 1232783/29201/-1
07-11 02:05:43.960  7800  7800 I studio.deploy: Received request 'overlayinstall'
07-11 02:05:43.961 11334 11334 E studio.deploy: ERROR: Could not remove dir '/data/data/com.example.groupify/code_cache/.ll/': No such file or directory
07-11 02:05:44.033  1829  3557 I ActivityManager: Force stopping com.example.groupify appid=10197 user=0: from pid 11694
07-11 02:05:44.040  6313  6313 D CarrierSvcBindHelper: onHandleForceStop: [com.example.groupify]
07-11 02:05:44.041  6313  6313 D CarrierSvcBindHelper: No carrier app for: 0
07-11 02:05:44.089 11697 11697 E Parcel  : Reading a NULL string not supported here.
07-11 02:05:44.125 11697 11697 E IPCThreadState: Binder transaction failure: 1232918/29201/-1
07-11 02:05:44.127 11697 11697 E IPCThreadState: Binder transaction failure: 1232922/29201/-1
07-11 02:05:44.129 11697 11697 E IPCThreadState: Binder transaction failure: 1232926/29201/-1
07-11 02:05:44.130 11697 11697 E IPCThreadState: Binder transaction failure: 1232930/29201/-1
07-11 02:05:44.121 11697 11697 W service : type=1400 audit(0.0:648): avc:  denied  { call } for  scontext=u:r:shell:s0 tcontext=u:r:hal_authsecret_default:s0 tclass=binder permissive=0
07-11 02:05:44.131 11697 11697 E IPCThreadState: Binder transaction failure: 1232934/29201/-1
07-11 02:05:44.121 11697 11697 W service : type=1400 audit(0.0:649): avc:  denied  { call } for  scontext=u:r:shell:s0 tcontext=u:r:hal_face_default:s0 tclass=binder permissive=0
07-11 02:05:44.140 11697 11697 E IPCThreadState: Binder transaction failure: 1232938/29201/-1
07-11 02:05:44.141 11697 11697 E IPCThreadState: Binder transaction failure: 1232943/29201/-1
07-11 02:05:44.125 11697 11697 W service : type=1400 audit(0.0:650): avc:  denied  { call } for  scontext=u:r:shell:s0 tcontext=u:r:hal_fingerprint_default:s0 tclass=binder permissive=0
07-11 02:05:44.145 11697 11697 E IPCThreadState: Binder transaction failure: 1232952/29201/-1
07-11 02:05:44.148 11697 11697 E IPCThreadState: Binder transaction failure: 1232961/29201/-1
07-11 02:05:44.125 11697 11697 W service : type=1400 audit(0.0:651): avc:  denied  { call } for  scontext=u:r:shell:s0 tcontext=u:r:hal_bluetooth_default:s0 tclass=binder permissive=0
07-11 02:05:44.150 11697 11697 E IPCThreadState: Binder transaction failure: 1232965/29201/-1
07-11 02:05:44.151 11697 11697 E IPCThreadState: Binder transaction failure: 1232969/29201/-1
07-11 02:05:44.152 11697 11697 E IPCThreadState: Binder transaction failure: 1232974/29201/-1
07-11 02:05:44.154 11697 11697 E IPCThreadState: Binder transaction failure: 1232978/29201/-1
07-11 02:05:44.125 11697 11697 W service : type=1400 audit(0.0:652): avc:  denied  { call } for  scontext=u:r:shell:s0 tcontext=u:r:hal_audio_default:s0 tclass=binder permissive=0
07-11 02:05:44.165 11697 11697 E IPCThreadState: Binder transaction failure: 1233002/29201/-1
07-11 02:05:44.167 11697 11697 E IPCThreadState: Binder transaction failure: 1233007/29201/-1
07-11 02:05:44.169 11697 11697 E IPCThreadState: Binder transaction failure: 1233011/29201/-1
07-11 02:05:44.170 11697 11697 E IPCThreadState: Binder transaction failure: 1233015/29201/-1
07-11 02:05:44.173 11697 11697 E IPCThreadState: Binder transaction failure: 1233019/29201/-1
07-11 02:05:44.173 11697 11697 E IPCThreadState: Binder transaction failure: 1233023/29201/-1
07-11 02:05:44.176 11697 11697 E IPCThreadState: Binder transaction failure: 1233027/29201/-1
07-11 02:05:44.177 11697 11697 E IPCThreadState: Binder transaction failure: 1233031/29201/-1
07-11 02:05:44.177 11697 11697 E IPCThreadState: Binder transaction failure: 1233035/29201/-1
07-11 02:05:44.177 11697 11697 E IPCThreadState: Binder transaction failure: 1233039/29201/-1
07-11 02:05:44.178 11697 11697 E IPCThreadState: Binder transaction failure: 1233043/29201/-1
07-11 02:05:44.180 11697 11697 E IPCThreadState: Binder transaction failure: 1233047/29201/-1
07-11 02:05:44.199 11697 11697 E IPCThreadState: Binder transaction failure: 1233063/29201/-1
07-11 02:05:44.203 11697 11697 E IPCThreadState: Binder transaction failure: 1233068/29201/-1
07-11 02:05:44.205 11697 11697 E IPCThreadState: Binder transaction failure: 1233072/29201/-1
07-11 02:05:44.206 11697 11697 E IPCThreadState: Binder transaction failure: 1233076/29201/-1
07-11 02:05:44.208 11697 11697 E IPCThreadState: Binder transaction failure: 1233080/29201/-1
07-11 02:05:44.210 11697 11697 E IPCThreadState: Binder transaction failure: 1233084/29201/-1
07-11 02:05:44.236 11697 11697 E IPCThreadState: Binder transaction failure: 1233132/29201/-1
07-11 02:05:44.238 11697 11697 E IPCThreadState: Binder transaction failure: 1233136/29201/-1
07-11 02:05:44.241 11697 11697 E Parcel  : Reading a NULL string not supported here.
07-11 02:05:44.282 11697 11697 E Parcel  : Reading a NULL string not supported here.
07-11 02:05:44.289 11697 11697 E Parcel  : Reading a NULL string not supported here.
07-11 02:05:44.304 11697 11697 E Parcel  : Reading a NULL string not supported here.
07-11 02:05:44.343 11697 11697 E Parcel  : Reading a NULL string not supported here.
07-11 02:05:44.353 11697 11697 E Parcel  : Reading a NULL string not supported here.
07-11 02:05:44.355 11697 11697 E Parcel  : Reading a NULL string not supported here.
07-11 02:05:44.370 11697 11697 E Parcel  : Reading a NULL string not supported here.
07-11 02:05:44.372 11697 11697 E Parcel  : Reading a NULL string not supported here.
07-11 02:05:44.398 11697 11697 E Parcel  : Reading a NULL string not supported here.
07-11 02:05:44.423 11697 11697 E Parcel  : Reading a NULL string not supported here.
07-11 02:05:44.491 11697 11697 E Parcel  : Reading a NULL string not supported here.
07-11 02:05:44.499 11697 11697 E Parcel  : Reading a NULL string not supported here.
07-11 02:05:44.541 11697 11697 E Parcel  : Reading a NULL string not supported here.
07-11 02:05:44.582 11697 11697 E Parcel  : Reading a NULL string not supported here.
07-11 02:05:44.657 11697 11697 E Parcel  : Reading a NULL string not supported here.
07-11 02:05:44.680 11697 11697 E Parcel  : Reading a NULL string not supported here.
07-11 02:05:44.714 11697 11697 E Parcel  : Reading a NULL string not supported here.
07-11 02:05:44.722 11697 11697 E Parcel  : Reading a NULL string not supported here.
07-11 02:05:44.789 11697 11697 E IPCThreadState: Binder transaction failure: 1234257/29201/-1
07-11 02:05:44.847  1829  3557 W ActivityTaskManager: callingPackage for (uid=2000, pid=11701) has no WPC
07-11 02:05:44.852  1829  3557 W OptProp : Cannot read opt property android.window.PROPERTY_COMPAT_ALLOW_USER_ASPECT_RATIO_OVERRIDE
07-11 02:05:44.852  1829  3557 W OptProp : Cannot read opt property android.window.PROPERTY_COMPAT_ALLOW_USER_ASPECT_RATIO_FULLSCREEN_OVERRIDE
07-11 02:05:44.852  1829  3557 W OptProp : Cannot read opt property android.window.PROPERTY_COMPAT_ALLOW_ORIENTATION_OVERRIDE
07-11 02:05:44.853  1829  3557 V GrammaticalInflectionUtils: AttributionSource: android.content.AttributionSource@857b965 does not have READ_SYSTEM_GRAMMATICAL_GENDER permission.
07-11 02:05:44.853  1829  3557 W OptProp : Cannot read opt property android.window.PROPERTY_COMPAT_ALLOW_RESIZEABLE_ACTIVITY_OVERRIDES
07-11 02:05:44.854  1829  3557 W OptProp : Cannot read opt property android.window.PROPERTY_COMPAT_ALLOW_MIN_ASPECT_RATIO_OVERRIDE
07-11 02:05:44.858  1829  3557 D CompatChangeReporter: Compat change id reported: 205907456; UID 10197; state: ENABLED
07-11 02:05:44.862  2171  2229 V WindowManagerShell: Transition requested (#59): android.os.BinderProxy@99526d7 TransitionRequestInfo { type = OPEN, triggerTask = TaskInfo{userId=0 taskId=16 displayId=0 isRunning=true baseIntent=Intent { act=android.intent.action.MAIN cat=[android.intent.category.LAUNCHER] flg=0x10000000 cmp=com.example.groupify/.MainActivity } baseActivity=ComponentInfo{com.example.groupify/com.example.groupify.MainActivity} topActivity=ComponentInfo{com.example.groupify/com.example.groupify.MainActivity} origActivity=null realActivity=ComponentInfo{com.example.groupify/com.example.groupify.MainActivity} numActivities=1 lastActiveTime=8132074 supportsMultiWindow=true resizeMode=1 isResizeable=true minWidth=-1 minHeight=-1 defaultMinSize=220 token=WCT{android.window.IWindowContainerToken$Stub$Proxy@7a13bc4} topActivityType=1 pictureInPictureParams=null shouldDockBigOverlays=false launchIntoPipHostTaskId=-1 lastParentTaskIdBeforePip=-1 displayCutoutSafeInsets=null topActivityInfo=ActivityInfo{d745aad com.example.groupify.MainActivity} launchCookies=[] positionInParent=Point(0, 0) parentTaskId=-1 isFocused=false isVisible=false isVisibleRequested=false isSleeping=false locusId=null displayAreaFeatureId=1 isTopActivityTransparent=false appCompatTaskInfo=AppCompatTaskInfo { topActivityInSizeCompat=false topActivityEligibleForLetterboxEducation= falseisLetterboxEducationEnabled= true isLetterboxDoubleTapEnabled= false topActivityEligibleForUserAspectRatioButton= false topActivityBoundsLetterboxed= false isFromLetterboxDoubleTap= false topActivityLetterboxVerticalPosition= -1 topActivityLetterboxHorizontalPosition= -1 topActivityLetterboxWidth=1080 topActivityLetterboxHeight=2400 isUserFullscreenOverrideEnabled=false isSystemFullscreenOverrideEnabled=false cameraCompatTaskInfo=CameraCompatTaskInfo { cameraCompatControlState=hidden freeformCameraCompatMode=inactive}}}, pipTask = null, remoteTransition = null, displayChange = null, flags = 0, debugId = 59 }
07-11 02:05:44.862  1829  3557 D CompatChangeReporter: Compat change id reported: 194833441; UID 10197; state: ENABLED
07-11 02:05:44.862  1829  3557 I ActivityTaskManager: START u0 {act=android.intent.action.MAIN cat=[android.intent.category.LAUNCHER] flg=0x10000000 cmp=com.example.groupify/.MainActivity} with LAUNCH_MULTIPLE from uid 2000 (BAL_ALLOW_PERMISSION) result code=0
07-11 02:05:44.865  1829  1854 V GrammaticalInflectionUtils: AttributionSource: android.content.AttributionSource@857b965 does not have READ_SYSTEM_GRAMMATICAL_GENDER permission.
07-11 02:05:44.866  2471  2471 W SplitSelectStateCtor: Missing session instanceIds
07-11 02:05:44.866  2471  2471 D StatsLog: LAUNCHER_SPLIT_SELECTION_EXIT_INTERRUPTED
07-11 02:05:44.868   444   444 I BpBinder: onLastStrongRef automatically unlinking death recipients: 
07-11 02:05:44.887  1747  1747 D Zygote  : Forked child process 11704
07-11 02:05:44.888  1829  3095 D CoreBackPreview: Window{7f53ff8 u0 Splash Screen com.example.groupify}: Setting back callback OnBackInvokedCallbackInfo{mCallback=android.window.IOnBackInvokedCallback$Stub$Proxy@10950d, mPriority=0, mIsAnimationCallback=false}
07-11 02:05:44.890  1829  1893 I ActivityManager: Start proc 11704:com.example.groupify/u0a197 for next-top-activity {com.example.groupify/com.example.groupify.MainActivity}
07-11 02:05:44.914 11704 11704 I xample.groupify: Late-enabling -Xcheck:jni
07-11 02:05:45.034 11704 11704 I xample.groupify: Using CollectorTypeCMC GC.
07-11 02:05:45.035 11704 11704 W xample.groupify: Unexpected CPU variant for x86: x86_64.
07-11 02:05:45.035 11704 11704 W xample.groupify: Known variants: atom, sandybridge, silvermont, goldmont, goldmont-plus, goldmont-without-sha-xsaves, tremont, kabylake, default
07-11 02:05:45.066  3378  3395 I adbd    : jdwp connection from 11704
07-11 02:05:45.092  2471  2871 D EGL_emulation: app_time_stats: avg=101.36ms min=8.33ms max=1300.53ms count=19
07-11 02:05:45.093 11704 11704 D nativeloader: Load libframework-connectivity-tiramisu-jni.so using APEX ns com_android_tethering for caller /apex/com.android.tethering/javalib/framework-connectivity-t.jar: ok
07-11 02:05:45.110  1829  1851 V WindowManager: Sent Transition (#59) createdAt=07-11 02:05:44.854 via request=TransitionRequestInfo { type = OPEN, triggerTask = TaskInfo{userId=0 taskId=16 displayId=0 isRunning=true baseIntent=Intent { act=android.intent.action.MAIN cat=[android.intent.category.LAUNCHER] flg=0x10000000 cmp=com.example.groupify/.MainActivity } baseActivity=ComponentInfo{com.example.groupify/com.example.groupify.MainActivity} topActivity=ComponentInfo{com.example.groupify/com.example.groupify.MainActivity} origActivity=null realActivity=ComponentInfo{com.example.groupify/com.example.groupify.MainActivity} numActivities=1 lastActiveTime=8132074 supportsMultiWindow=true resizeMode=1 isResizeable=true minWidth=-1 minHeight=-1 defaultMinSize=220 token=WCT{RemoteToken{5058c5 Task{b4e065e #16 type=standard A=10197:com.example.groupify}}} topActivityType=1 pictureInPictureParams=null shouldDockBigOverlays=false launchIntoPipHostTaskId=-1 lastParentTaskIdBeforePip=-1 displayCutoutSafeInsets=null topActivityInfo=ActivityInfo{aa0021a com.example.groupify.MainActivity} launchCookies=[] positionInParent=Point(0, 0) parentTaskId=-1 isFocused=false isVisible=false isVisibleRequested=false isSleeping=false locusId=null displayAreaFeatureId=1 isTopActivityTransparent=false appCompatTaskInfo=AppCompatTaskInfo { topActivityInSizeCompat=false topActivityEligibleForLetterboxEducation= falseisLetterboxEducationEnabled= true isLetterboxDoubleTapEnabled= false topActivityEligibleForUserAspectRatioButton= false topActivityBoundsLetterboxed= false isFromLetterboxDoubleTap= false topActivityLetterboxVerticalPosition= -1 topActivityLetterboxHorizontalPosition= -1 topActivityLetterboxWidth=1080 topActivityLetterboxHeight=2400 isUserFullscreenOverrideEnabled=false isSystemFullscreenOverrideEnabled=false cameraCompatTaskInfo=CameraCompatTaskInfo { cameraCompatControlState=hidden freeformCameraCompatMode=inactive}}}, pipTask = null, remoteTransition = null, displayChange = null, flags = 0, debugId = 59 }
07-11 02:05:45.110  1829  1851 V WindowManager:     startWCT=WindowContainerTransaction { changes = {} hops = [] errorCallbackToken=null taskFragmentOrganizer=null }
07-11 02:05:45.110  1829  1851 V WindowManager:     info={id=59 t=OPEN f=0x0 trk=0 r=[0@Point(0, 0)] c=[
07-11 02:05:45.110  1829  1851 V WindowManager:         {WCT{RemoteToken{5058c5 Task{b4e065e #16 type=standard A=10197:com.example.groupify}}} m=OPEN f=NONE leash=Surface(name=Task=16)/@0x5be7509 sb=Rect(0, 0 - 1080, 2400) eb=Rect(0, 0 - 1080, 2400) d=0 taskParent=-1},
07-11 02:05:45.110  1829  1851 V WindowManager:         {WCT{RemoteToken{42513ae Task{7795430 #1 type=home}}} m=TO_BACK f=SHOW_WALLPAPER leash=Surface(name=Task=1)/@0x8c68846 sb=Rect(0, 0 - 1080, 2400) eb=Rect(0, 0 - 1080, 2400) d=0 taskParent=-1}
07-11 02:05:45.110  1829  1851 V WindowManager:     ]}
07-11 02:05:45.122  2171  8136 V WindowManagerShell: onTransitionReady(transaction=7855495186015)
07-11 02:05:45.122  2171  2229 V WindowManagerShell: onTransitionReady (#59) android.os.BinderProxy@99526d7: {id=59 t=OPEN f=0x0 trk=0 r=[0@Point(0, 0)] c=[{WCT{android.window.IWindowContainerToken$Stub$Proxy@41773c7} m=OPEN f=NONE leash=Surface(name=Task=16)/@0xb5683eb sb=Rect(0, 0 - 1080, 2400) eb=Rect(0, 0 - 1080, 2400) d=0 taskParent=-1},{WCT{android.window.IWindowContainerToken$Stub$Proxy@62d1df4} m=TO_BACK f=SHOW_WALLPAPER leash=Surface(name=Task=1)/@0x2c9f548 sb=Rect(0, 0 - 1080, 2400) eb=Rect(0, 0 - 1080, 2400) d=0 taskParent=-1}]}
07-11 02:05:45.123  2171  2229 V WindowManagerShell: Playing animation for (#59) android.os.BinderProxy@99526d7@0
07-11 02:05:45.123  2171  2229 V WindowManagerShell:  try handler com.android.wm.shell.transition.DefaultMixedHandler@7d7232b
07-11 02:05:45.123  2171  2229 V WindowManagerShell:  try handler com.android.wm.shell.keyguard.KeyguardTransitionHandler@1934388
07-11 02:05:45.123  2171  2229 V WindowManagerShell:  try handler com.android.wm.shell.pip.PipTransition@d776121
07-11 02:05:45.123  2171  2229 V WindowManagerShell:  try handler com.android.wm.shell.activityembedding.ActivityEmbeddingController@bf29946
07-11 02:05:45.123  2171  2229 V WindowManagerShell:  try handler com.android.wm.shell.recents.RecentsTransitionHandler@322c707
07-11 02:05:45.123  2171  2229 V ShellRecents: RecentsTransitionHandler.startAnimation: no controller found
07-11 02:05:45.123  2171  2229 V WindowManagerShell:  try handler com.android.wm.shell.splitscreen.StageCoordinator@4dd1034
07-11 02:05:45.123  2171  2229 V WindowManagerShell:  try handler com.android.wm.shell.transition.RemoteTransitionHandler@947ee5d
07-11 02:05:45.123  2171  2229 V WindowManagerShell: Transition doesn't have explicit remote, search filters for match for {id=59 t=OPEN f=0x0 trk=0 r=[0@Point(0, 0)] c=[{WCT{android.window.IWindowContainerToken$Stub$Proxy@41773c7} m=OPEN f=NONE leash=Surface(name=Task=16)/@0xb5683eb sb=Rect(0, 0 - 1080, 2400) eb=Rect(0, 0 - 1080, 2400) d=0 taskParent=-1},{WCT{android.window.IWindowContainerToken$Stub$Proxy@62d1df4} m=TO_BACK f=SHOW_WALLPAPER leash=Surface(name=Task=1)/@0x2c9f548 sb=Rect(0, 0 - 1080, 2400) eb=Rect(0, 0 - 1080, 2400) d=0 taskParent=-1}]}
07-11 02:05:45.123  2171  2229 V WindowManagerShell:  Checking filter Pair{{types=[] flags=0x0] notFlags=0x0 checks=[{atype=undefined independent=true modes=[OPEN,TO_FRONT] flags=IN_TASK_WITH_EMBEDDED_ACTIVITY mustBeTask=false order=ANY topActivity=ComponentInfo{com.google.android.apps.nexuslauncher/com.google.android.apps.nexuslauncher.NexusLauncherActivity} launchCookie=null},{atype=undefined independent=true modes=[CLOSE,TO_BACK] flags=IN_TASK_WITH_EMBEDDED_ACTIVITY mustBeTask=false order=ANY topActivity=null launchCookie=null}]} RemoteTransition { remoteTransition = android.window.IRemoteTransition$Stub$Proxy@e6ec5a9, appThread = android.app.IApplicationThread$Stub$Proxy@f19d72e, debugName = OverlaySwipeBack }}
07-11 02:05:45.123  2171  2229 V WindowManagerShell:  Checking filter Pair{{types=[] flags=0x0] notFlags=0x0 checks=[{atype=dream independent=true modes=[OPEN,TO_FRONT] flags=NONE mustBeTask=false order=ANY topActivity=null launchCookie=null},{atype=home independent=true modes=[CLOSE,TO_BACK] flags=NONE mustBeTask=false order=ANY topActivity=null launchCookie=null}]} RemoteTransition { remoteTransition = android.window.IRemoteTransition$Stub$Proxy@924d2cf, appThread = android.app.IApplicationThread$Stub$Proxy@803045c, debugName = LauncherToDream }}
07-11 02:05:45.125  2171  2229 V WindowManagerShell:  Checking filter Pair{{types=[] flags=0x0] notFlags=0x100 checks=[{atype=home independent=true modes=[OPEN,TO_FRONT] flags=NONE mustBeTask=false order=TOP topActivity=ComponentInfo{com.google.android.apps.nexuslauncher/com.google.android.apps.nexuslauncher.NexusLauncherActivity} launchCookie=null},{atype=standard independent=true modes=[CLOSE,TO_BACK] flags=NONE mustBeTask=false order=ANY topActivity=null launchCookie=null}]} RemoteTransition { remoteTransition = android.window.IRemoteTransition$Stub$Proxy@fc51365, appThread = android.app.IApplicationThread$Stub$Proxy@7f0383a, debugName = QuickstepLaunchHome }}
07-11 02:05:45.125  2171  2229 V WindowManagerShell:  Delegate animation for (#59) to null
07-11 02:05:45.125  2171  2229 V WindowManagerShell:  try handler com.android.wm.shell.transition.DefaultTransitionHandler@72f03d2
07-11 02:05:45.125  2171  2229 V WindowManagerShell: start default transition animation, info = {id=59 t=OPEN f=0x0 trk=0 r=[0@Point(0, 0)] c=[{WCT{android.window.IWindowContainerToken$Stub$Proxy@41773c7} m=OPEN f=NONE leash=Surface(name=Task=16)/@0xb5683eb sb=Rect(0, 0 - 1080, 2400) eb=Rect(0, 0 - 1080, 2400) d=0 taskParent=-1},{WCT{android.window.IWindowContainerToken$Stub$Proxy@62d1df4} m=TO_BACK f=SHOW_WALLPAPER leash=Surface(name=Task=1)/@0x2c9f548 sb=Rect(0, 0 - 1080, 2400) eb=Rect(0, 0 - 1080, 2400) d=0 taskParent=-1}]}
07-11 02:05:45.126  2171  2229 V WindowManagerShell: loadAnimation: anim=android.view.animation.AnimationSet@f0e491d animAttr=0x13 type=OPEN isEntrance=false
07-11 02:05:45.126  2171  2229 V WindowManagerShell: loadAnimation: anim=android.view.animation.AnimationSet@cca2792 animAttr=0x12 type=OPEN isEntrance=true
07-11 02:05:45.130  2171  2229 V WindowManagerShell:  animated by com.android.wm.shell.transition.DefaultTransitionHandler@72f03d2
07-11 02:05:45.143  1829  1849 W UserManagerService: Requested status bar icon for non-badged user 0
07-11 02:05:45.144 11704 11704 D nativeloader: Load /data/user/0/com.example.groupify/code_cache/startup_agents/8e9a2d18-agent.so using system ns (caller=<unknown>): ok
07-11 02:05:45.137 11704 11704 W re-initialized>: type=1400 audit(0.0:682): avc:  granted  { execute } for  path="/data/data/com.example.groupify/code_cache/startup_agents/8e9a2d18-agent.so" dev="dm-45" ino=82018 scontext=u:r:untrusted_app_32:s0:c197,c256,c512,c768 tcontext=u:object_r:app_data_file:s0:c197,c256,c512,c768 tclass=file app=com.example.groupify
07-11 02:05:45.150 11704 11704 V studio.deploy: Startup agent attached to VM
07-11 02:05:45.156 11704 11704 V studio.deploy: No existing instrumentation found. Loading instrumentation from instruments-bd0f66b3.jar
07-11 02:05:45.170 11704 11704 W xample.groupify: DexFile /data/data/com.example.groupify/code_cache/.studio/instruments-bd0f66b3.jar is in boot class path but is not in a known location
07-11 02:05:45.190 11704 11704 V studio.deploy: Applying transforms with cached classes
07-11 02:05:45.217  2471  2871 D EGL_emulation: app_time_stats: avg=177.97ms min=10.72ms max=1535.93ms count=11
07-11 02:05:45.420  2171  2229 V WindowManagerShell: Transition animation finished (aborted=false), notifying core (#59) android.os.BinderProxy@99526d7@0
07-11 02:05:45.424  1829  1851 V WindowManager: Finish Transition (#59): created at 07-11 02:05:44.854 collect-started=0.048ms request-sent=6.904ms started=8.474ms ready=249.415ms sent=252.439ms finished=567.705ms
07-11 02:05:45.426  2471  2471 D VRI[NexusLauncherActivity]: visibilityChanged oldVisibility=true newVisibility=false
07-11 02:05:45.428  2171  2229 V WindowManagerShell: Track 0 became idle
07-11 02:05:45.428  2171  2229 V WindowManagerShell: All active transition animations finished
07-11 02:05:45.433  1829  1849 W UserManagerService: Requested status bar icon for non-badged user 0
07-11 02:05:45.436  2471  2471 D NexusLauncherModelDelegate: notifySmartspaceEvent: SmartspaceTargetEvent{mSmartspaceTarget=null, mSmartspaceActionId='null', mEventType=7}
07-11 02:05:45.437  1829  1849 W UserManagerService: Requested status bar icon for non-badged user 0
07-11 02:05:45.478 11704 11704 W xample.groupify: Redefining intrinsic method java.lang.Thread java.lang.Thread.currentThread(). This may cause the unexpected use of the original definition of java.lang.Thread java.lang.Thread.currentThread()in methods that have already been compiled.
07-11 02:05:45.478 11704 11704 W xample.groupify: Redefining intrinsic method boolean java.lang.Thread.interrupted(). This may cause the unexpected use of the original definition of boolean java.lang.Thread.interrupted()in methods that have already been compiled.
07-11 02:05:45.482 11704 11704 I studio.deploy: Registering DispatchJNI
07-11 02:05:45.483 11704 11704 I studio.deploy: Found com/android/tools/deploy/interpreter/JNI
07-11 02:05:45.546 11704 11704 W ziparchive: Unable to open '/data/data/com.example.groupify/code_cache/.overlay/base.apk/classes3.dm': No such file or directory
07-11 02:05:45.547 11704 11704 W ziparchive: Unable to open '/data/app/~~gIabkVWMEaYz-wwmHFnCNw==/com.example.groupify-BP1KTsAh-POAURTp96XA3A==/base.dm': No such file or directory
07-11 02:05:45.547 11704 11704 W ziparchive: Unable to open '/data/app/~~gIabkVWMEaYz-wwmHFnCNw==/com.example.groupify-BP1KTsAh-POAURTp96XA3A==/base.dm': No such file or directory
07-11 02:05:45.599 11704 11704 D nativeloader: Configuring clns-6 for other apk /data/app/~~gIabkVWMEaYz-wwmHFnCNw==/com.example.groupify-BP1KTsAh-POAURTp96XA3A==/base.apk. target_sdk_version=33, uses_libraries=, library_path=/data/app/~~gIabkVWMEaYz-wwmHFnCNw==/com.example.groupify-BP1KTsAh-POAURTp96XA3A==/lib/x86_64, permitted_path=/data:/mnt/expand:/data/user/0/com.example.groupify
07-11 02:05:45.634 11704 11704 V GraphicsEnvironment: Currently set values for:
07-11 02:05:45.634 11704 11704 V GraphicsEnvironment:   angle_gl_driver_selection_pkgs=[]
07-11 02:05:45.634 11704 11704 V GraphicsEnvironment:   angle_gl_driver_selection_values=[]
07-11 02:05:45.634 11704 11704 V GraphicsEnvironment: Global.Settings values are invalid: number of packages: 0, number of values: 0
07-11 02:05:45.635 11704 11704 V GraphicsEnvironment: Neither updatable production driver nor prerelease driver is supported.
07-11 02:05:45.695  1829  3557 W OptProp : Cannot read opt property android.window.PROPERTY_COMPAT_ENABLE_FAKE_FOCUS
07-11 02:05:45.805 11704 11704 D AppCompatDelegate: Checking for metadata for AppLocalesMetadataHolderService : Service not found
07-11 02:05:45.943 11704 11704 W xample.groupify: Accessing hidden method Landroid/view/View;->computeFitSystemWindows(Landroid/graphics/Rect;Landroid/graphics/Rect;)Z (unsupported, reflection, allowed)
07-11 02:05:45.943 11704 11704 W xample.groupify: Accessing hidden method Landroid/view/ViewGroup;->makeOptionalFitsSystemWindows()V (unsupported, reflection, allowed)
07-11 02:05:45.950 11704 11704 D CompatChangeReporter: Compat change id reported: 210923482; UID 10197; state: ENABLED
07-11 02:05:46.016 11704 11704 D AllAppInfo: App Name: Tethering, Package Name: com.google.android.networkstack.tethering, Version Name: 15, Version Code: 35
07-11 02:05:46.016 11704 11704 D AllAppInfo: App Name: Groupify, Package Name: com.example.groupify, Version Name: 1.0, Version Code: 1
07-11 02:05:46.016 11704 11704 D AllAppInfo: App Name: com.android.cts.priv.ctsshim, Package Name: com.android.cts.priv.ctsshim, Version Name: 14-10093150, Version Code: 34
07-11 02:05:46.019 11704 11704 D AllAppInfo: App Name: YouTube, Package Name: com.google.android.youtube, Version Name: 19.17.42, Version Code: 1545868784
07-11 02:05:46.020 11704 11704 D AllAppInfo: App Name: Corner cutout, Package Name: com.android.internal.display.cutout.emulation.corner, Version Name: 1.0, Version Code: 1
07-11 02:05:46.022 11704 11704 D AllAppInfo: App Name: Android Services Library, Package Name: com.google.android.ext.services, Version Name: aml_beta_350038000, Version Code: 350038000
07-11 02:05:46.023 11704 11704 D AllAppInfo: App Name: Double cutout, Package Name: com.android.internal.display.cutout.emulation.double, Version Name: 1.0, Version Code: 1
07-11 02:05:46.025 11704 11704 D AllAppInfo: App Name: Phone and Messaging Storage, Package Name: com.android.providers.telephony, Version Name: 15, Version Code: 35
07-11 02:05:46.027 11704 11704 D AllAppInfo: App Name: Dynamic System Updates, Package Name: com.android.dynsystem, Version Name: 15, Version Code: 35
07-11 02:05:46.038 11704 11704 D AllAppInfo: App Name: Google, Package Name: com.google.android.googlequicksearchbox, Version Name: 15.15.39.28.x86_64, Version Code: 301333631
07-11 02:05:46.038 11704 11704 D AllAppInfo: App Name: Cell Broadcast Service, Package Name: com.google.android.cellbroadcastservice, Version Name: R-initial, Version Code: 300000000
07-11 02:05:46.039 11704 11704 D AllAppInfo: App Name: Calendar Storage, Package Name: com.android.providers.calendar, Version Name: 15, Version Code: 35
07-11 02:05:46.039 11704 11704 D AllAppInfo: App Name: com.android.providers.media, Package Name: com.android.providers.media, Version Name: 15, Version Code: 1024
07-11 02:05:46.041 11704 11704 D AllAppInfo: App Name: Google One Time Init, Package Name: com.google.android.onetimeinitializer, Version Name: 15, Version Code: 35
07-11 02:05:46.042 11704 11704 D AllAppInfo: App Name: Android Shared Library, Package Name: com.google.android.ext.shared, Version Name: 1, Version Code: 1
07-11 02:05:46.043 11704 11704 D AllAppInfo: App Name: com.android.virtualmachine.res, Package Name: com.android.virtualmachine.res, Version Name: 15, Version Code: 35
07-11 02:05:46.043 11704 11704 D AllAppInfo: App Name: com.android.wallpapercropper, Package Name: com.android.wallpapercropper, Version Name: 15, Version Code: 35
07-11 02:05:46.043 11704 11704 D AllAppInfo: App Name: com.google.android.federatedcompute, Package Name: com.google.android.federatedcompute, Version Name: 15, Version Code: 350090000
07-11 02:05:46.043 11704 11704 D AllAppInfo: App Name: com.android.managedprovisioning.auto_generated_rro_product__, Package Name: com.android.managedprovisioning.auto_generated_rro_product__, Version Name: 1.0, Version Code: 1
07-11 02:05:46.043 11704 11704 D AllAppInfo: App Name: com.android.carrierconfig.auto_generated_rro_vendor__, Package Name: com.android.carrierconfig.auto_generated_rro_vendor__, Version Name: 1.0, Version Code: 1
07-11 02:05:46.043 11704 11704 D AllAppInfo: App Name: com.google.android.server.deviceconfig.resources, Package Name: com.google.android.server.deviceconfig.resources, Version Name: V, Version Code: 1
07-11 02:05:46.043 11704 11704 D AllAppInfo: App Name: Filled, Package Name: com.android.systemui.emulation.pixel_3_xl, Version Name: 1.0, Version Code: 1
07-11 02:05:46.043 11704 11704 D AllAppInfo: App Name: Filled, Package Name: com.android.systemui.emulation.pixel_4_xl, Version Name: 1.0, Version Code: 1
07-11 02:05:46.043 11704 11704 D AllAppInfo: App Name: Filled, Package Name: com.android.systemui.emulation.pixel_fold, Version Name: 1.0, Version Code: 1
07-11 02:05:46.043 11704 11704 D AllAppInfo: App Name: com.android.providers.telephony.auto_generated_characteristics_rro, Package Name: com.android.providers.telephony.auto_generated_characteristics_rro, Version Name: 15, Version Code: 35
07-11 02:05:46.043 11704 11704 D AllAppInfo: App Name: com.android.simappdialog.auto_generated_rro_product__, Package Name: com.android.simappdialog.auto_generated_rro_product__, Version Name: 1.0, Version Code: 1
07-11 02:05:46.045 11704 11704 D AllAppInfo: App Name: External Storage, Package Name: com.android.externalstorage, Version Name: 15, Version Code: 35
07-11 02:05:46.047 11704 11704 D AllAppInfo: App Name: HTML Viewer, Package Name: com.android.htmlviewer, Version Name: 15, Version Code: 35
07-11 02:05:46.050 11704 11704 D AllAppInfo: App Name: Companion Device Manager, Package Name: com.android.companiondevicemanager, Version Name: 15, Version Code: 35
07-11 02:05:46.051 11704 11704 D AllAppInfo: App Name: MmsService, Package Name: com.android.mms.service, Version Name: 15, Version Code: 35
07-11 02:05:46.051 11704 11704 D AllAppInfo: App Name: Download Manager, Package Name: com.android.providers.downloads, Version Name: 15, Version Code: 35
07-11 02:05:46.051 11704 11704 D AllAppInfo: App Name: com.google.android.overlay.largescreenconfig, Package Name: com.google.android.overlay.largescreenconfig, Version Name: 1.0, Version Code: 1
07-11 02:05:46.051 11704 11704 D AllAppInfo: App Name: com.google.android.health.connect.backuprestore, Package Name: com.google.android.health.connect.backuprestore, Version Name: 15, Version Code: 35
07-11 02:05:46.051 11704 11704 D AllAppInfo: App Name: com.android.systemui.auto_generated_rro_product__, Package Name: com.android.systemui.auto_generated_rro_product__, Version Name: 1.0, Version Code: 1
07-11 02:05:46.055 11704 11704 D AllAppInfo: App Name: Messages, Package Name: com.google.android.apps.messaging, Version Name: messages.android_20240416_00_RC10_alldpi.x86_64.phone, Version Code: 229790880
07-11 02:05:46.059 11704 11704 D AllAppInfo: App Name: Sounds, Package Name: com.google.android.soundpicker, Version Name: 3.0 (496815901), Version Code: 30000182
07-11 02:05:46.059 11704 11704 D AllAppInfo: App Name: com.google.android.marvin.talkbackoverlay, Package Name: com.google.android.marvin.talkbackoverlay, Version Name: 15, Version Code: 35
07-11 02:05:46.059 11704 11704 D AllAppInfo: App Name: ConfigUpdater, Package Name: com.google.android.configupdater, Version Name: 15, Version Code: 35
07-11 02:05:46.059 11704 11704 D AllAppInfo: App Name: Filled, Package Name: com.android.internal.emulation.pixel_3a_xl, Version Name: 1.0, Version Code: 1
07-11 02:05:46.059 11704 11704 D AllAppInfo: App Name: Filled, Package Name: com.android.internal.emulation.pixel_6_pro, Version Name: 1.0, Version Code: 1
07-11 02:05:46.059 11704 11704 D AllAppInfo: App Name: Filled, Package Name: com.android.internal.emulation.pixel_7_pro, Version Name: 1.0, Version Code: 1
07-11 02:05:46.059 11704 11704 D AllAppInfo: App Name: Filled, Package Name: com.android.internal.emulation.pixel_8_pro, Version Name: 1.0, Version Code: 1
07-11 02:05:46.062 11704 11704 D AllAppInfo: App Name: Media picker, Package Name: com.google.android.providers.media.module, Version Name: 15, Version Code: 35
07-11 02:05:46.062 11704 11704 D AllAppInfo: App Name: Filled, Package Name: com.android.internal.emulation.pixel_3a, Version Name: 1.0, Version Code: 1
07-11 02:05:46.063 11704 11704 D AllAppInfo: App Name: Filled, Package Name: com.android.internal.emulation.pixel_4a, Version Name: 1.0, Version Code: 1
07-11 02:05:46.063 11704 11704 D AllAppInfo: App Name: Filled, Package Name: com.android.internal.emulation.pixel_6a, Version Name: 1.0, Version Code: 1
07-11 02:05:46.064 11704 11704 D AllAppInfo: App Name: Filled, Package Name: com.android.internal.emulation.pixel_7a, Version Name: 1.0, Version Code: 1
07-11 02:05:46.064 11704 11704 D AllAppInfo: App Name: com.google.android.overlay.googlewebview, Package Name: com.google.android.overlay.googlewebview, Version Name: 1.0, Version Code: 1
07-11 02:05:46.064 11704 11704 D AllAppInfo: App Name: com.android.systemui.plugin.globalactions.wallet, Package Name: com.android.systemui.plugin.globalactions.wallet, Version Name: 1.0.0.0, Version Code: 10000000
07-11 02:05:46.065 11704 11704 D AllAppInfo: App Name: Downloads, Package Name: com.android.providers.downloads.ui, Version Name: 15, Version Code: 35
07-11 02:05:46.067 11704 11704 D AllAppInfo: App Name: OsuLogin, Package Name: com.google.android.hotspot2.osulogin, Version Name: 15, Version Code: 35
07-11 02:05:46.069 11704 11704 D AllAppInfo: App Name: Google Play Store, Package Name: com.android.vending, Version Name: 41.7.16-31 [0] [PR] 647773006, Version Code: 84171630
07-11 02:05:46.071 11704 11704 D AllAppInfo: App Name: PacProcessor, Package Name: com.android.pacprocessor, Version Name: 15, Version Code: 35
07-11 02:05:46.074 11704 11704 D AllAppInfo: App Name: Sim App Dialog, Package Name: com.android.simappdialog, Version Name: 15, Version Code: 35
07-11 02:05:46.077 11704 11704 D AllAppInfo: App Name: Ad Privacy, Package Name: com.google.android.adservices.api, Version Name: 15, Version Code: 35
07-11 02:05:46.113 11704 11704 D AllAppInfo: App Name: Punch Hole cutout, Package Name: com.android.internal.display.cutout.emulation.hole, Version Name: 1.0, Version Code: 1
07-11 02:05:46.114 11704 11704 D AllAppInfo: App Name: Tall cutout, Package Name: com.android.internal.display.cutout.emulation.tall, Version Name: 1.0, Version Code: 1
07-11 02:05:46.118 11704 11704 D AllAppInfo: App Name: Certificate Installer, Package Name: com.android.certinstaller, Version Name: 15, Version Code: 35
07-11 02:05:46.119 11704 11704 D AllAppInfo: App Name: com.android.carrierconfig, Package Name: com.android.carrierconfig, Version Name: 1.0.0, Version Code: 1
07-11 02:05:46.122 11704 11704 D AllAppInfo: App Name: Android Accessibility Suite, Package Name: com.google.android.marvin.talkback, Version Name: 15.0.0.633409147, Version Code: 60137785
07-11 02:05:46.122 11704 11704 D AllAppInfo: App Name: 3 Button Navigation Bar, Package Name: com.android.internal.systemui.navbar.threebutton, Version Name: 1.0, Version Code: 1
07-11 02:05:46.125 11704 11704 D AllAppInfo: App Name: Android System, Package Name: android, Version Name: 15, Version Code: 35
07-11 02:05:46.126  2707  3164 I BistoHotwordHelper: (REDACTED) getHotwordActive::active query: %s, watch: %s, devices connected: %s
07-11 02:05:46.127 11704 11704 D AllAppInfo: App Name: Camera, Package Name: com.android.camera2, Version Name: 2.0.002, Version Code: 20002000
07-11 02:05:46.127 11704 11704 D AllAppInfo: App Name: com.android.internal.ranchu.commonoverlay, Package Name: com.android.internal.ranchu.commonoverlay, Version Name: 15, Version Code: 35
07-11 02:05:46.127 11704 11704 D AllAppInfo: App Name: com.google.android.sdksandbox, Package Name: com.google.android.sdksandbox, Version Name: T-initial, Version Code: 1
07-11 02:05:46.129 11704 11704 D AllAppInfo: App Name: Android Easter Egg, Package Name: com.android.egg, Version Name: 1.0, Version Code: 12
07-11 02:05:46.131 11704 11704 D AllAppInfo: App Name: MTP Host, Package Name: com.android.mtp, Version Name: 15, Version Code: 35
07-11 02:05:46.134 11704 11704 D AllAppInfo: App Name: Nfc Service, Package Name: com.android.nfc, Version Name: 15, Version Code: 35
07-11 02:05:46.134 11704 11704 D AllAppInfo: App Name: com.android.ons, Package Name: com.android.ons, Version Name: 15, Version Code: 35
07-11 02:05:46.136 11704 11704 D AllAppInfo: App Name: SIM Toolkit, Package Name: com.android.stk, Version Name: 15, Version Code: 35
07-11 02:05:46.136 11704 11704 D AllAppInfo: App Name: com.android.backupconfirm, Package Name: com.android.backupconfirm, Version Name: 15, Version Code: 35
07-11 02:05:46.136 11704 11704 D AllAppInfo: App Name: com.android.systemui.auto_generated_rro_vendor__, Package Name: com.android.systemui.auto_generated_rro_vendor__, Version Name: 1.0, Version Code: 1
07-11 02:05:46.138 11704 11704 D AllAppInfo: App Name: Clock, Package Name: com.google.android.deskclock, Version Name: 7.5 (563137996), Version Code: 76002074
07-11 02:05:46.138 11704 11704 D AllAppInfo: App Name: 2 Button Navigation Bar, Package Name: com.android.internal.systemui.navbar.twobutton, Version Name: 1.0, Version Code: 1
07-11 02:05:46.139 11704 11704 D AllAppInfo: App Name: Android System Intelligence, Package Name: com.google.android.as, Version Name: U.0.sysimg.pixel6.557423134, Version Code: 10615536
07-11 02:05:46.142 11704 11704 D AllAppInfo: App Name: Gmail, Package Name: com.google.android.gm, Version Name: 2024.04.14.625469418.Release, Version Code: 64551108
07-11 02:05:46.142 11704 11704 D AllAppInfo: App Name: com.android.systemui.accessibility.accessibilitymenu, Package Name: com.android.systemui.accessibility.accessibilitymenu, Version Name: 15, Version Code: 35
07-11 02:05:46.149 11704 11704 D AllAppInfo: App Name: Permission controller, Package Name: com.google.android.permissioncontroller, Version Name: aml_beta_350038000, Version Code: 350038000
07-11 02:05:46.150 11704 11704 D AllAppInfo: App Name: Filled, Package Name: com.android.systemui.emulation.pixel_3, Version Name: 1.0, Version Code: 1
07-11 02:05:46.150 11704 11704 D AllAppInfo: App Name: Filled, Package Name: com.android.systemui.emulation.pixel_4, Version Name: 1.0, Version Code: 1
07-11 02:05:46.150 11704 11704 D AllAppInfo: App Name: Filled, Package Name: com.android.systemui.emulation.pixel_5, Version Name: 1.0, Version Code: 1
07-11 02:05:46.150 11704 11704 D AllAppInfo: App Name: Filled, Package Name: com.android.systemui.emulation.pixel_6, Version Name: 1.0, Version Code: 1
07-11 02:05:46.150 11704 11704 D AllAppInfo: App Name: Filled, Package Name: com.android.systemui.emulation.pixel_7, Version Name: 1.0, Version Code: 1
07-11 02:05:46.151 11704 11704 D AllAppInfo: App Name: Filled, Package Name: com.android.systemui.emulation.pixel_8, Version Name: 1.0, Version Code: 1
07-11 02:05:46.151 11704 11704 D AllAppInfo: App Name: com.android.emulator.radio.config, Package Name: com.android.emulator.radio.config, Version Name: 15, Version Code: 35
07-11 02:05:46.154 11704 11704 D AllAppInfo: App Name: Bluetooth, Package Name: com.google.android.bluetooth, Version Name: 14, Version Code: 34
07-11 02:05:46.156 11704 11704 D AllAppInfo: App Name: Settings Storage, Package Name: com.android.providers.settings, Version Name: 15, Version Code: 35
07-11 02:05:46.156 11704 11704 D AllAppInfo: App Name: com.android.sharedstoragebackup, Package Name: com.android.sharedstoragebackup, Version Name: 15, Version Code: 35
07-11 02:05:46.157 11704 11704 D AllAppInfo: App Name: Print Spooler, Package Name: com.android.printspooler, Version Name: 15, Version Code: 35
07-11 02:05:46.157 11704 11704 D AllAppInfo: App Name: com.android.emergency.auto_generated_rro_product__, Package Name: com.android.emergency.auto_generated_rro_product__, Version Name: 1.0, Version Code: 1
