07-11 02:06:14.349 11704 11712 W xample.groupify: ApkAssets: Deleting an ApkAssets object '<empty> and /system_ext/priv-app/GoogleServicesFramework/GoogleServicesFramework.apk' with 1 weak references
07-11 02:06:14.350 11704 11712 W xample.groupify: ApkAssets: Deleting an ApkAssets object '<empty> and /system/priv-app/TagGoogle/TagGoogle.apk' with 1 weak references
07-11 02:06:14.350 11704 11712 W xample.groupify: ApkAssets: Deleting an ApkAssets object '<empty> and /product/app/GoogleTTS/GoogleTTS.apk' with 1 weak references
07-11 02:06:14.350 11704 11712 W xample.groupify: ApkAssets: Deleting an ApkAssets object '<empty> and /system/priv-app/CallLogBackup/CallLogBackup.apk' with 1 weak references
07-11 02:06:14.350 11704 11712 W xample.groupify: ApkAssets: Deleting an ApkAssets object '<empty> and /product/priv-app/PartnerSetupPrebuilt/PartnerSetupPrebuilt.apk' with 1 weak references
07-11 02:06:14.350 11704 11712 W xample.groupify: ApkAssets: Deleting an ApkAssets object '<empty> and /system/app/CameraExtensionsProxy/CameraExtensionsProxy.apk' with 1 weak references
07-11 02:06:14.350 11704 11712 W xample.groupify: ApkAssets: Deleting an ApkAssets object '<empty> and /product/app/NexusWallpapersStubPrebuilt2018/NexusWallpapersStubPrebuilt2018.apk' with 1 weak references
07-11 02:06:14.351 11704 11712 W xample.groupify: ApkAssets: Deleting an ApkAssets object '<empty> and /system_ext/priv-app/NexusLauncherRelease/NexusLauncherRelease.apk' with 1 weak references
07-11 02:06:14.351 11704 11712 W xample.groupify: ApkAssets: Deleting an ApkAssets object '<empty> and /system/app/CarrierDefaultApp/CarrierDefaultApp.apk' with 1 weak references
07-11 02:06:14.351 11704 11712 W xample.groupify: ApkAssets: Deleting an ApkAssets object '<empty> and /system/priv-app/CredentialManager/CredentialManager.apk' with 1 weak references
07-11 02:06:14.351 11704 11712 W xample.groupify: ApkAssets: Deleting an ApkAssets object '<empty> and /product/overlay/FontNotoSerifSource/FontNotoSerifSourceOverlay.apk' with 1 weak references
07-11 02:06:14.351 11704 11712 W xample.groupify: ApkAssets: Deleting an ApkAssets object '<empty> and /system/priv-app/DeviceAsWebcam/DeviceAsWebcam.apk' with 1 weak references
07-11 02:06:14.352 11704 11712 W xample.groupify: ApkAssets: Deleting an ApkAssets object '<empty> and /system/priv-app/ProxyHandler/ProxyHandler.apk' with 1 weak references
07-11 02:06:14.352 11704 11712 W xample.groupify: ApkAssets: Deleting an ApkAssets object '<empty> and /apex/com.android.permission/priv-app/GoogleSafetyCenterResources@350038000/GoogleSafetyCenterResources.apk' with 1 weak references
07-11 02:06:14.352 11704 11712 W xample.groupify: ApkAssets: Deleting an ApkAssets object '<empty> and /product/overlay/DisplayCutoutEmulationWaterfall/DisplayCutoutEmulationWaterfallOverlay.apk' with 1 weak references
07-11 02:06:14.353 11704 11712 W xample.groupify: ApkAssets: Deleting an ApkAssets object '<empty> and /system/priv-app/IntentResolver/IntentResolver.apk' with 1 weak references
07-11 02:06:14.353 11704 11712 W xample.groupify: ApkAssets: Deleting an ApkAssets object '<empty> and /product/overlay/TransparentNavigationBar/TransparentNavigationBarOverlay.apk' with 1 weak references
07-11 02:06:14.353 11704 11712 W xample.groupify: ApkAssets: Deleting an ApkAssets object '<empty> and /system/priv-app/E2eeContactKeysProvider/E2eeContactKeysProvider.apk' with 1 weak references
07-11 02:06:14.353 11704 11712 W xample.groupify: ApkAssets: Deleting an ApkAssets object '<empty> and /apex/com.android.tethering/priv-app/ServiceConnectivityResourcesGoogle@350038000/ServiceConnectivityResourcesGoogle.apk' with 1 weak references
07-11 02:06:14.354 11704 11712 W xample.groupify: ApkAssets: Deleting an ApkAssets object '/vendor/overlay/goldfish_overlay_connectivity_google.apk' with 1 weak references
07-11 02:06:14.355 11704 11712 W xample.groupify: ApkAssets: Deleting an ApkAssets object '<empty> and /system_ext/priv-app/GoogleFeedback/GoogleFeedback.apk' with 1 weak references
07-11 02:06:14.355 11704 11712 W xample.groupify: ApkAssets: Deleting an ApkAssets object '<empty> and /system/app/GooglePrintRecommendationService/GooglePrintRecommendationService.apk' with 1 weak references
07-11 02:06:14.355 11704 11712 W xample.groupify: ApkAssets: Deleting an ApkAssets object '<empty> and /product/app/Photos/Photos.apk' with 1 weak references
07-11 02:06:14.356 11704 11712 W xample.groupify: ApkAssets: Deleting an ApkAssets object '<empty> and /product/app/CalendarGooglePrebuilt/CalendarGooglePrebuilt.apk' with 1 weak references
07-11 02:06:14.356 11704 11712 W xample.groupify: ApkAssets: Deleting an ApkAssets object '<empty> and /system/priv-app/ManagedProvisioning/ManagedProvisioning.apk' with 1 weak references
07-11 02:06:14.357 11704 11712 W xample.groupify: ApkAssets: Deleting an ApkAssets object '<empty> and /system/priv-app/SoundPicker/SoundPicker.apk' with 1 weak references
07-11 02:06:14.357 11704 11712 W xample.groupify: ApkAssets: Deleting an ApkAssets object '<empty> and /system/priv-app/DocumentsUIGoogle/DocumentsUIGoogle.apk' with 1 weak references
07-11 02:06:14.357 11704 11712 W xample.groupify: ApkAssets: Deleting an ApkAssets object '<empty> and /product/app/PrebuiltGoogleTelemetryTvp/PrebuiltGoogleTelemetryTvp.apk' with 1 weak references
07-11 02:06:14.357 11704 11712 W xample.groupify: ApkAssets: Deleting an ApkAssets object '<empty> and /system_ext/priv-app/MultiDisplayProvider/MultiDisplayProvider.apk' with 1 weak references
07-11 02:06:14.357 11704 11712 W xample.groupify: ApkAssets: Deleting an ApkAssets object '<empty> and /system/priv-app/DeviceDiagnostics/DeviceDiagnostics.apk' with 1 weak references
07-11 02:06:14.357 11704 11712 W xample.groupify: ApkAssets: Deleting an ApkAssets object '/product/overlay/DeviceDiagnostics__sdk_gphone64_x86_64__auto_generated_rro_product.apk' with 1 weak references
07-11 02:06:14.357 11704 11712 W xample.groupify: ApkAssets: Deleting an ApkAssets object '<empty> and /product/overlay/NotesRoleEnabled/NotesRoleEnabledOverlay.apk' with 1 weak references
07-11 02:06:14.358 11704 11712 W xample.groupify: ApkAssets: Deleting an ApkAssets object '<empty> and /system/priv-app/LiveWallpapersPicker/LiveWallpapersPicker.apk' with 1 weak references
07-11 02:06:14.358 11704 11712 W xample.groupify: ApkAssets: Deleting an ApkAssets object '<empty> and /product/app/PrebuiltGoogleAdservicesTvp/PrebuiltGoogleAdservicesTvp.apk' with 1 weak references
07-11 02:06:14.358 11704 11712 W xample.groupify: ApkAssets: Deleting an ApkAssets object '<empty> and /apex/com.android.healthfitness/priv-app/HealthConnectControllerGoogle@350038000/HealthConnectControllerGoogle.apk' with 1 weak references
07-11 02:06:14.358 11704 11712 W xample.groupify: ApkAssets: Deleting an ApkAssets object '<empty> and /product/priv-app/KidsSupervisionStub/KidsSupervisionStub.apk' with 1 weak references
07-11 02:06:14.358 11704 11712 W xample.groupify: ApkAssets: Deleting an ApkAssets object '<empty> and /system_ext/priv-app/StorageManager/StorageManager.apk' with 1 weak references
07-11 02:06:14.359 11704 11712 W xample.groupify: ApkAssets: Deleting an ApkAssets object '/product/overlay/StorageManager__sdk_gphone64_x86_64__auto_generated_rro_product.apk' with 1 weak references
07-11 02:06:14.359 11704 11712 W xample.groupify: ApkAssets: Deleting an ApkAssets object '<empty> and /system/app/BookmarkProvider/BookmarkProvider.apk' with 1 weak references
07-11 02:06:14.359 11704 11712 W xample.groupify: ApkAssets: Deleting an ApkAssets object '<empty> and /system_ext/priv-app/SettingsGoogle/SettingsGoogle.apk' with 1 weak references
07-11 02:06:14.359 11704 11712 W xample.groupify: ApkAssets: Deleting an ApkAssets object '/product/overlay/SettingsGoogle__sdk_gphone64_x86_64__auto_generated_rro_product.apk' with 1 weak references
07-11 02:06:14.359 11704 11712 W xample.groupify: ApkAssets: Deleting an ApkAssets object '<empty> and /product/priv-app/SettingsIntelligenceGooglePrebuilt/SettingsIntelligenceGooglePrebuilt.apk' with 1 weak references
07-11 02:06:14.359 11704 11712 W xample.groupify: ApkAssets: Deleting an ApkAssets object '<empty> and /apex/com.android.uwb/priv-app/ServiceUwbResourcesGoogle@350038000/ServiceUwbResourcesGoogle.apk' with 1 weak references
07-11 02:06:14.359 11704 11712 W xample.groupify: ApkAssets: Deleting an ApkAssets object '<empty> and /apex/com.android.wifi/priv-app/ServiceWifiResourcesGoogle@350038000/ServiceWifiResourcesGoogle.apk' with 1 weak references
07-11 02:06:14.359 11704 11712 W xample.groupify: ApkAssets: Deleting an ApkAssets object '<empty> and /system_ext/priv-app/ThemePicker/ThemePicker.apk' with 1 weak references
07-11 02:06:14.359 11704 11712 W xample.groupify: ApkAssets: Deleting an ApkAssets object '<empty> and /system_ext/priv-app/WallpaperPickerGoogleRelease/WallpaperPickerGoogleRelease.apk' with 1 weak references
07-11 02:06:14.360 11704 11712 W xample.groupify: ApkAssets: Deleting an ApkAssets object '<empty> and /product/priv-app/OdadPrebuilt/OdadPrebuilt.apk' with 1 weak references
07-11 02:06:14.360 11704 11712 W xample.groupify: ApkAssets: Deleting an ApkAssets object '<empty> and /system/priv-app/TeleService/TeleService.apk' with 1 weak references
07-11 02:06:14.360 11704 11712 W xample.groupify: ApkAssets: Deleting an ApkAssets object '/vendor/overlay/TeleService__sdk_gphone64_x86_64__auto_generated_rro_vendor.apk' with 1 weak references
07-11 02:06:14.360 11704 11712 W xample.groupify: ApkAssets: Deleting an ApkAssets object '/product/overlay/TeleService__sdk_gphone64_x86_64__auto_generated_rro_product.apk' with 1 weak references
07-11 02:06:14.360 11704 11712 W xample.groupify: ApkAssets: Deleting an ApkAssets object '<empty> and /system/priv-app/Shell/Shell.apk' with 1 weak references
07-11 02:06:14.360 11704 11712 W xample.groupify: ApkAssets: Deleting an ApkAssets object '<empty> and /system/priv-app/BlockedNumberProvider/BlockedNumberProvider.apk' with 1 weak references
07-11 02:06:14.360 11704 11712 W xample.groupify: ApkAssets: Deleting an ApkAssets object '<empty> and /system/priv-app/UserDictionaryProvider/UserDictionaryProvider.apk' with 1 weak references
07-11 02:06:14.360 11704 11712 W xample.groupify: ApkAssets: Deleting an ApkAssets object '<empty> and /system_ext/priv-app/EmergencyInfo/EmergencyInfo.apk' with 1 weak references
07-11 02:06:14.361 11704 11712 W xample.groupify: ApkAssets: Deleting an ApkAssets object '/product/overlay/EmergencyInfo__sdk_gphone64_x86_64__auto_generated_rro_product.apk' with 1 weak references
07-11 02:06:14.361 11704 11712 W xample.groupify: ApkAssets: Deleting an ApkAssets object '<empty> and /product/overlay/NavigationBarModeGestural/NavigationBarModeGesturalOverlay.apk' with 1 weak references
07-11 02:06:14.361 11704 11712 W xample.groupify: ApkAssets: Deleting an ApkAssets object '<empty> and /system/priv-app/FusedLocation/FusedLocation.apk' with 1 weak references
07-11 02:06:14.361 11704 11712 W xample.groupify: ApkAssets: Deleting an ApkAssets object '<empty> and /system_ext/priv-app/SystemUIGoogle/SystemUIGoogle.apk' with 1 weak references
07-11 02:06:14.361 11704 11712 W xample.groupify: ApkAssets: Deleting an ApkAssets object '/vendor/overlay/SystemUIGoogle__sdk_gphone64_x86_64__auto_generated_rro_vendor.apk' with 1 weak references
07-11 02:06:14.361 11704 11712 W xample.groupify: ApkAssets: Deleting an ApkAssets object '/product/overlay/SystemUIGoogle__sdk_gphone64_x86_64__auto_generated_rro_product.apk' with 1 weak references
07-11 02:06:14.361 11704 11712 W xample.groupify: ApkAssets: Deleting an ApkAssets object '<empty> and /product/app/YouTubeMusicPrebuilt/YouTubeMusicPrebuilt.apk' with 1 weak references
07-11 02:06:14.362 11704 11712 W xample.groupify: ApkAssets: Deleting an ApkAssets object '<empty> and /system/app/BluetoothMidiService/BluetoothMidiService.apk' with 1 weak references
07-11 02:06:14.362 11704 11712 W xample.groupify: ApkAssets: Deleting an ApkAssets object '<empty> and /system/app/Traceur/Traceur.apk' with 1 weak references
07-11 02:06:14.362 11704 11712 W xample.groupify: ApkAssets: Deleting an ApkAssets object '<empty> and /apex/com.android.cellbroadcast/priv-app/GoogleCellBroadcastApp@350038000/GoogleCellBroadcastApp.apk' with 1 weak references
07-11 02:06:14.363 11704 11712 W xample.groupify: ApkAssets: Deleting an ApkAssets object '<empty> and /system/priv-app/ContactsProvider/ContactsProvider.apk' with 1 weak references
07-11 02:06:14.363 11704 11712 W xample.groupify: ApkAssets: Deleting an ApkAssets object '/product/overlay/ContactsProvider__sdk_gphone64_x86_64__auto_generated_rro_product.apk' with 1 weak references
07-11 02:06:14.363 11704 11712 W xample.groupify: ApkAssets: Deleting an ApkAssets object '<empty> and /product/app/LatinIMEGooglePrebuilt/LatinIMEGooglePrebuilt.apk' with 1 weak references
07-11 02:06:14.365 11704 11712 W xample.groupify: ApkAssets: Deleting an ApkAssets object '<empty> and /product/priv-app/GoogleRestorePrebuilt-v526684/GoogleRestorePrebuilt-v526684.apk' with 1 weak references
07-11 02:06:19.051  2171  2171 D ZenModeController: Added callback class com.android.systemui.qs.tiles.DndTile$3
07-11 02:06:19.058  2171  2171 D ZenModeController: Removed callback class com.android.systemui.qs.tiles.DndTile$3
07-11 02:06:19.927  2171  2294 D ControlsListingControllerImpl: Subscribing callback, service count: 0
07-11 02:06:19.935  2171  2294 D ControlsListingControllerImpl: Unsubscribing callback
07-11 02:06:27.523  2171  2320 D EGL_emulation: app_time_stats: avg=27485.45ms min=27485.45ms max=27485.45ms count=1
07-11 02:06:30.622  2171  2294 I QuickAccessWalletTile: QAW service is unavailable, recreating the wallet client.
07-11 02:06:46.126  2707  3035 I BistoHotwordHelper: (REDACTED) getHotwordActive::active query: %s, watch: %s, devices connected: %s
07-11 02:06:52.334  1829  2134 D androidtc: Initializing SystemTextClassifier, type = System
07-11 02:06:52.337  2676  2676 I AiAiTextClassifier: onCreateTextClassificationSession = TextClassificationSessionId {66a60134-29e8-4285-9f84-5e4044e03084}
07-11 02:06:52.345  2171  2171 I ClipboardListener: Clipboard overlay suppressed.
07-11 02:06:52.346  2676  3100 I AiAiTranslate: C2T - not in a conversation
07-11 02:06:52.368  2676  3158 I AiAiTextClassifier: GenerateLinks did not find valid links, returning empty result
07-11 02:06:52.372  2171  2171 I ClipboardListener: Clipboard overlay suppressed.
07-11 02:06:52.377  2676  3158 I AiAiTextClassifier: GenerateLinks did not find valid links, returning empty result
07-11 02:07:00.006  2676  2966 I AiAiEcho: Predicting[0]: 
07-11 02:07:00.006  2676  2966 I AiAiEcho: EchoTargets: 
07-11 02:07:00.006  2676  2966 I AiAiEcho: Filtered by AiAi flag check: 
07-11 02:07:00.006  2676  2966 I AiAiEcho: Ranked targets strategy: SORT, count: 0, ranking metadata: 
07-11 02:07:00.006  2676  2966 I AiAiEcho: #postPredictionTargets: Sending updates to UISurface lockscreen with targets# 0 (types=[])
07-11 02:07:00.021  2171  2171 W PageIndicator: Total number of pages invalid: 0. Assuming 1 page.
07-11 02:07:00.027  2171  2320 D EGL_emulation: app_time_stats: avg=32504.26ms min=32504.26ms max=32504.26ms count=1
07-11 02:07:07.505  2171  2320 D EGL_emulation: app_time_stats: avg=7478.20ms min=7478.20ms max=7478.20ms count=1
07-11 02:07:17.740  6313  6320 I m.android.phone: Background concurrent mark compact GC freed 3333KB AllocSpace bytes, 0(0B) LOS objects, 49% free, 3428KB/6856KB, paused 1.910ms,5.164ms total 226.945ms
07-11 02:07:17.740  6313  6320 W m.android.phone: Reducing the number of considered missed Gc histogram windows from 172 to 100
07-11 02:07:25.638  1829  2004 D ActivityManager: sync unfroze 9329 com.google.android.gms for 6
07-11 02:07:25.672  1829  2004 D ActivityManager: sync unfroze 9586 com.google.android.gms.unstable for 6
07-11 02:07:25.735  1829  1892 D ActivityManager: sync unfroze 10835 com.google.android.configupdater for 3
07-11 02:07:25.796 10835 10835 D ActivityThread: Package [com.example.groupify] reported as REPLACED, but missing application info. Assuming REMOVED.
07-11 02:07:25.801 10835 10835 D ActivityThread: Package [com.example.groupify] reported as REPLACED, but missing application info. Assuming REMOVED.
07-11 02:07:25.868 10835 10852 I ConfigUpdater: Update started
07-11 02:07:25.893  1829  2442 D ActivityManager: sync unfroze 10854 android.process.media for 7
07-11 02:07:25.897  9303  9411 W SystemServiceRegistry: No service published for: wifirtt
07-11 02:07:25.918  1829  3557 W ProcessStats: Tracking association SourceState{5cc6925 com.google.android.gms/10134 Service #12414} whose proc state 8 is better than process ProcessState{7b03afa com.google.android.gms.unstable/10134 pkg=com.google.android.gms (sub)} proc state 14 (0 skipped)
07-11 02:07:25.929  9329  9329 D BoundBrokerSvc: onUnbind: Intent { act=com.google.android.gms.auth.service.START pkg=com.google.android.gms }
07-11 02:07:26.021 10854 10854 D ActivityThread: Package [com.example.groupify] reported as REPLACED, but missing application info. Assuming REMOVED.
07-11 02:07:26.022 10854 10854 D ActivityThread: Package [com.example.groupify] reported as REPLACED, but missing application info. Assuming REMOVED.
07-11 02:07:26.029  9303 11486 W GLSUser : [DeviceKeyStore] Cannot load key: Device key file not found.
07-11 02:07:26.072 10854 10865 V DownloadManager: Deleting /data/data/com.android.providers.downloads/cache/en.model.metadata via provider delete
07-11 02:07:26.109  1829  3095 D FileUtils: Rounded bytes from 2069774336 to 4000000000
07-11 02:07:26.290  2692  2720 W ModernMediaScanner: Failed to visit /data/data/com.android.providers.downloads/cache/en.model.metadata: java.nio.file.NoSuchFileException: /data/data/com.android.providers.downloads/cache/en.model.metadata
07-11 02:07:26.363  2692  2720 I MediaProvider: Scanned internal due to REASON_DEMAND, found 0 items in 125ms, 0 inserts 0 updates 0 deletes
07-11 02:07:26.386  1829  1849 W AppOps  : Noting op not finished: uid 10134 pkg com.google.android.gms code 79 startTime of in progress event=1720657909217
07-11 02:07:26.398  1829  3557 W AppOps  : Noting op not finished: uid 10134 pkg com.google.android.gms code 113 startTime of in progress event=1720657836890
07-11 02:07:26.410  1829  1849 W AppOps  : Noting op not finished: uid 10134 pkg com.google.android.gms code 113 startTime of in progress event=1720657836890
07-11 02:07:26.421  9303  9411 I ActivityScheduler: nextTriggerTime: 8471733, in 238099ms, detectorType: 39, FULL_TYPE alarmWindowMillis: 80000
07-11 02:07:26.440  1829  1849 D FileUtils: Rounded bytes from 2069774336 to 4000000000
07-11 02:07:26.491  9303 11486 W GmsUrlRequestImpl: Content-Type header is overwritten.
07-11 02:07:26.531 10835 10852 I ConfigUpdater: Update started
07-11 02:07:26.539 10854 10865 V DownloadManager: Deleting /data/data/com.android.providers.downloads/cache/en.fb.metadata via provider delete
07-11 02:07:26.541 10854 11748 D DownloadManager: [15] Starting
07-11 02:07:26.553  2692  2720 W ModernMediaScanner: Failed to visit /data/data/com.android.providers.downloads/cache/en.fb.metadata: java.nio.file.NoSuchFileException: /data/data/com.android.providers.downloads/cache/en.fb.metadata
07-11 02:07:26.557  2692  2720 I MediaProvider: Scanned internal due to REASON_DEMAND, found 0 items in 14ms, 0 inserts 0 updates 0 deletes
07-11 02:07:26.626 10854 11752 D DownloadManager: [16] Starting
07-11 02:07:26.709  1829  3095 D WifiNl80211Manager: Scan result ready event
07-11 02:07:26.709  1829  3095 D WifiNative: Scan result ready event
07-11 02:07:26.717 10835 10839 W d.configupdater: Reducing the number of considered missed Gc histogram windows from 376 to 100
07-11 02:07:26.721  1829  2063 I HalDevMgr: bestIfaceCreationProposal is null, requestIface=STA, existingIface=[name=wlan0 type=STA]
07-11 02:07:26.736  9303  9725 D TrafficStats: tagSocket(104) with statsTag=0x401, statsUid=10134
07-11 02:07:26.742  9303 11487 I FrewleTileCacheManagerV: (REDACTED) Fetched %d AP models from cache
07-11 02:07:26.787  9303  9411 W AlarmManager: alarm window unlikely to be respected [CONTEXT service_id=231 ]
07-11 02:07:26.787  9303  9411 W AlarmManager: java.lang.IllegalArgumentException: alarm "NetworkLocationLocator" has short window length
07-11 02:07:26.787  9303  9411 W AlarmManager: 	at boaw.b(:com.google.android.gms@242335041@24.23.35 (190800-646585959):52)
07-11 02:07:26.787  9303  9411 W AlarmManager: 	at ehbk.f(:com.google.android.gms@242335041@24.23.35 (190800-646585959):119)
07-11 02:07:26.787  9303  9411 W AlarmManager: 	at egxu.q(:com.google.android.gms@242335041@24.23.35 (190800-646585959):107)
07-11 02:07:26.787  9303  9411 W AlarmManager: 	at egxu.e(:com.google.android.gms@242335041@24.23.35 (190800-646585959):27)
07-11 02:07:26.787  9303  9411 W AlarmManager: 	at egxq.apply(:com.google.android.gms@242335041@24.23.35 (190800-646585959):19)
07-11 02:07:26.787  9303  9411 W AlarmManager: 	at etvw.d(:com.google.android.gms@242335041@24.23.35 (190800-646585959):3)
07-11 02:07:26.787  9303  9411 W AlarmManager: 	at etvx.run(:com.google.android.gms@242335041@24.23.35 (190800-646585959):42)
07-11 02:07:26.787  9303  9411 W AlarmManager: 	at android.os.Handler.handleCallback(Handler.java:959)
07-11 02:07:26.787  9303  9411 W AlarmManager: 	at android.os.Handler.dispatchMessage(Handler.java:100)
07-11 02:07:26.787  9303  9411 W AlarmManager: 	at bphk.nR(:com.google.android.gms@242335041@24.23.35 (190800-646585959):1)
07-11 02:07:26.787  9303  9411 W AlarmManager: 	at bphk.dispatchMessage(:com.google.android.gms@242335041@24.23.35 (190800-646585959):138)
07-11 02:07:26.787  9303  9411 W AlarmManager: 	at android.os.Looper.loopOnce(Looper.java:232)
07-11 02:07:26.787  9303  9411 W AlarmManager: 	at android.os.Looper.loop(Looper.java:317)
07-11 02:07:26.787  9303  9411 W AlarmManager: 	at android.os.HandlerThread.run(HandlerThread.java:85)
07-11 02:07:26.791  9303  9411 I ActivityScheduler: nextTriggerTime: 8471733, in 237729ms, detectorType: 39, FULL_TYPE alarmWindowMillis: 80000
07-11 02:07:26.799 10854 11752 D TrafficStats: tagSocket(93) with statsTag=0xffffff01, statsUid=10120
07-11 02:07:26.802  9303  9392 I FusedLocation: (REDACTED) location delivery to %s blocked - too close
07-11 02:07:26.808 10854 11748 D TrafficStats: tagSocket(95) with statsTag=0xffffff01, statsUid=10120
07-11 02:07:26.969  9303 11486 W GLSUser : [AppCertManager] Exception while requesting key: 
07-11 02:07:26.969  9303 11486 W GLSUser : java.util.concurrent.ExecutionException: bpcw: Parse Proto Exception with response code 400
07-11 02:07:26.969  9303 11486 W GLSUser : 	at etvr.s(:com.google.android.gms@242335041@24.23.35 (190800-646585959):21)
07-11 02:07:26.969  9303 11486 W GLSUser : 	at etvr.get(:com.google.android.gms@242335041@24.23.35 (190800-646585959):10)
07-11 02:07:26.969  9303 11486 W GLSUser : 	at yfw.b(:com.google.android.gms@242335041@24.23.35 (190800-646585959):477)
07-11 02:07:26.969  9303 11486 W GLSUser : 	at yfu.a(:com.google.android.gms@242335041@24.23.35 (190800-646585959):70)
07-11 02:07:26.969  9303 11486 W GLSUser : 	at yfq.a(:com.google.android.gms@242335041@24.23.35 (190800-646585959):3)
07-11 02:07:26.969  9303 11486 W GLSUser : 	at yfs.a(:com.google.android.gms@242335041@24.23.35 (190800-646585959):58)
07-11 02:07:26.969  9303 11486 W GLSUser : 	at yfs.b(:com.google.android.gms@242335041@24.23.35 (190800-646585959):21)
07-11 02:07:26.969  9303 11486 W GLSUser : 	at anaw.m(:com.google.android.gms@242335041@24.23.35 (190800-646585959):13)
07-11 02:07:26.969  9303 11486 W GLSUser : 	at anbi.g(:com.google.android.gms@242335041@24.23.35 (190800-646585959):11)
07-11 02:07:26.969  9303 11486 W GLSUser : 	at efku.b(:com.google.android.gms@242335041@24.23.35 (190800-646585959):40)
07-11 02:07:26.969  9303 11486 W GLSUser : 	at ehep.a(:com.google.android.gms@242335041@24.23.35 (190800-646585959):91)
07-11 02:07:26.969  9303 11486 W GLSUser : 	at ehax.call(:com.google.android.gms@242335041@24.23.35 (190800-646585959):154)
07-11 02:07:26.969  9303 11486 W GLSUser : 	at java.util.concurrent.FutureTask.run(FutureTask.java:264)
07-11 02:07:26.969  9303 11486 W GLSUser : 	at angs.c(:com.google.android.gms@242335041@24.23.35 (190800-646585959):50)
07-11 02:07:26.969  9303 11486 W GLSUser : 	at angs.run(:com.google.android.gms@242335041@24.23.35 (190800-646585959):76)
07-11 02:07:26.969  9303 11486 W GLSUser : 	at java.util.concurrent.ThreadPoolExecutor.runWorker(ThreadPoolExecutor.java:1145)
07-11 02:07:26.969  9303 11486 W GLSUser : 	at java.util.concurrent.ThreadPoolExecutor$Worker.run(ThreadPoolExecutor.java:644)
07-11 02:07:26.969  9303 11486 W GLSUser : 	at anmg.run(:com.google.android.gms@242335041@24.23.35 (190800-646585959):8)
07-11 02:07:26.969  9303 11486 W GLSUser : 	at java.lang.Thread.run(Thread.java:1012)
07-11 02:07:26.969  9303 11486 W GLSUser : Caused by: bpcw: Parse Proto Exception with response code 400
07-11 02:07:26.969  9303 11486 W GLSUser : 	at bpdw.b(:com.google.android.gms@242335041@24.23.35 (190800-646585959):80)
07-11 02:07:26.969  9303 11486 W GLSUser : 	at bpgb.e(:com.google.android.gms@242335041@24.23.35 (190800-646585959):17)
07-11 02:07:26.969  9303 11486 W GLSUser : 	at bpgp.onSucceeded(:com.google.android.gms@242335041@24.23.35 (190800-646585959):7)
07-11 02:07:26.969  9303 11486 W GLSUser : 	at m.mw.onSucceeded(:com.google.android.gms.dynamite_cronetdynamite@242335041@24.23.35 (190800-0):3)
07-11 02:07:26.969  9303 11486 W GLSUser : 	at m.lt.run(:com.google.android.gms.dynamite_cronetdynamite@242335041@24.23.35 (190800-0):25)
07-11 02:07:26.969  9303 11486 W GLSUser : 	... 6 more
07-11 02:07:26.969  9303 11486 W GLSUser : Caused by: fkhe: Protocol message contained an invalid tag (zero).
07-11 02:07:26.969  9303 11486 W GLSUser : 	at fkea.k(:com.google.android.gms@242335041@24.23.35 (190800-646585959):39)
07-11 02:07:26.969  9303 11486 W GLSUser : 	at fkid.c(:com.google.android.gms@242335041@24.23.35 (190800-646585959):309)
07-11 02:07:26.969  9303 11486 W GLSUser : 	at fkid.i(:com.google.android.gms@242335041@24.23.35 (190800-646585959):8)
07-11 02:07:26.969  9303 11486 W GLSUser : 	at fkgi.fe(:com.google.android.gms@242335041@24.23.35 (190800-646585959):25)
07-11 02:07:26.969  9303 11486 W GLSUser : 	at fkgc.g(:com.google.android.gms@242335041@24.23.35 (190800-646585959):3)
07-11 02:07:26.969  9303 11486 W GLSUser : 	at fkdw.e(:com.google.android.gms@242335041@24.23.35 (190800-646585959):1)
07-11 02:07:26.969  9303 11486 W GLSUser : 	at fkdw.d(:com.google.android.gms@242335041@24.23.35 (190800-646585959):3)
07-11 02:07:26.969  9303 11486 W GLSUser : 	at fkdw.p(:com.google.android.gms@242335041@24.23.35 (190800-646585959):1)
07-11 02:07:26.969  9303 11486 W GLSUser : 	at bpdw.g(:com.google.android.gms@242335041@24.23.35 (190800-646585959):68)
07-11 02:07:26.969  9303 11486 W GLSUser : 	at bpdw.b(:com.google.android.gms@242335041@24.23.35 (190800-646585959):11)
07-11 02:07:26.969  9303 11486 W GLSUser : 	... 10 more
07-11 02:07:26.972  9303 11486 W GLSUser : [DeviceKeyStore] Cannot load key: Device key file not found.
07-11 02:07:27.122  9303 11487 D TrafficStats: tagSocket(127) with statsTag=0x24000609, statsUid=10134
07-11 02:07:27.175 10854 11752 W DownloadManager: [16] Stop requested with status HTTP_DATA_ERROR: unexpected end of stream on com.android.okhttp.Address@85b6873c
07-11 02:07:27.175 10854 11752 D DownloadManager: [16] Finished with status WAITING_TO_RETRY
07-11 02:07:27.176 10854 11748 W DownloadManager: [15] Stop requested with status HTTP_DATA_ERROR: unexpected end of stream on com.android.okhttp.Address@550ed080
07-11 02:07:27.177 10854 11748 D DownloadManager: [15] Finished with status WAITING_TO_RETRY
07-11 02:07:27.216 10854 11748 D DownloadManager: [15] rescheduling the job id:15
07-11 02:07:27.219  9303 11487 W Conscrypt: Could not set socket write timeout: java.net.SocketException: Socket closed
07-11 02:07:27.222 10854 11752 D DownloadManager: [16] rescheduling the job id:16
07-11 02:07:27.224 10854 10854 D DownloadManager: onStopJob id=15, reason=cancel() called by app, callingUid=10088 uid=10088 jobId=15
07-11 02:07:27.226  9303 11487 W Conscrypt: 	at com.google.android.gms.org.conscrypt.Platform.setSocketWriteTimeout(:com.google.android.gms@242335041@24.23.35 (190800-646585959):204)
07-11 02:07:27.226  9303 11487 W Conscrypt: 	at com.google.android.gms.org.conscrypt.ConscryptFileDescriptorSocket.setSoWriteTimeout(:com.google.android.gms@242335041@24.23.35 (190800-646585959):4)
07-11 02:07:27.233  1829  3095 W JobScheduler: Job didn't exist in JobStore: 33ba194 #u0a88/15 DownloadManager:com.android.providers.downloads
07-11 02:07:27.236 10854 10854 D DownloadManager: onStopJob id=16, reason=cancel() called by app, callingUid=10088 uid=10088 jobId=16
07-11 02:07:27.241  1829  3095 W JobScheduler: Job didn't exist in JobStore: 9da86ad #u0a88/16 DownloadManager:com.android.providers.downloads
07-11 02:07:27.325 10854 10861 W d.process.media: Reducing the number of considered missed Gc histogram windows from 376 to 100
07-11 02:07:27.328 10854 10863 W d.process.media: ApkAssets: Deleting an ApkAssets object '<empty> and /product/priv-app/ConfigUpdater/ConfigUpdater.apk' with 1 weak references
07-11 02:07:27.337  9303 11487 W Conscrypt: Could not set socket write timeout: java.net.SocketException: Socket closed
07-11 02:07:27.338  9303 11487 W Conscrypt: 	at com.google.android.gms.org.conscrypt.Platform.setSocketWriteTimeout(:com.google.android.gms@242335041@24.23.35 (190800-646585959):204)
07-11 02:07:27.338  9303 11487 W Conscrypt: 	at com.google.android.gms.org.conscrypt.ConscryptFileDescriptorSocket.setSoWriteTimeout(:com.google.android.gms@242335041@24.23.35 (190800-646585959):4)
07-11 02:07:36.652  1829  1999 D ActivityManager: freezing 10835 com.google.android.configupdater
07-11 02:07:36.656  1829  2072 D InetDiagMessage: Destroyed 0 sockets, proto=IPPROTO_TCP, family=AF_INET, states=14
07-11 02:07:36.656  1829  2072 D InetDiagMessage: Destroyed 0 sockets, proto=IPPROTO_TCP, family=AF_INET6, states=14
07-11 02:07:36.656  1829  2072 D InetDiagMessage: Destroyed live tcp sockets for uids={10120} in 2ms
07-11 02:07:37.249  1829  1999 D ActivityManager: freezing 10854 android.process.media
07-11 02:07:37.254  1829  2072 D InetDiagMessage: Destroyed 0 sockets, proto=IPPROTO_TCP, family=AF_INET, states=14
07-11 02:07:37.255  1829  2072 D InetDiagMessage: Destroyed 0 sockets, proto=IPPROTO_TCP, family=AF_INET6, states=14
07-11 02:07:37.255  1829  2072 D InetDiagMessage: Destroyed live tcp sockets for uids={10088} in 5ms
07-11 02:07:43.181  1829  1999 D ActivityManager: freezing 9329 com.google.android.gms
07-11 02:07:43.184  1829  1999 D ActivityManager: freezing 9586 com.google.android.gms.unstable
07-11 02:07:46.125  2707  3035 I BistoHotwordHelper: (REDACTED) getHotwordActive::active query: %s, watch: %s, devices connected: %s
07-11 02:07:47.530  2171  2320 D EGL_emulation: app_time_stats: avg=40024.22ms min=40024.22ms max=40024.22ms count=1
07-11 02:07:50.681  1829  2442 D WifiNl80211Manager: Scan result ready event
07-11 02:07:50.681  1829  2442 D WifiNative: Scan result ready event
07-11 02:07:50.694  1829  2063 I HalDevMgr: bestIfaceCreationProposal is null, requestIface=STA, existingIface=[name=wlan0 type=STA]
07-11 02:07:58.384  1829  2134 D androidtc: Initializing SystemTextClassifier, type = System
07-11 02:07:58.387  2676  2676 I AiAiTextClassifier: onCreateTextClassificationSession = TextClassificationSessionId {0c44de95-c024-426d-85a8-04f15905b904}
07-11 02:07:58.389  2676  3100 I AiAiTranslate: C2T - not in a conversation
07-11 02:07:58.390  2171  2171 I ClipboardListener: Clipboard overlay suppressed.
07-11 02:07:58.393  2676  3158 I AiAiTextClassifier: GenerateLinks did not find valid links, returning empty result
07-11 02:07:58.396  2676  3158 I AiAiTextClassifier: GenerateLinks did not find valid links, returning empty result
07-11 02:07:58.399  2171  2171 I ClipboardListener: Clipboard overlay suppressed.
07-11 02:08:00.005  2676  2966 I AiAiEcho: Predicting[0]: 
07-11 02:08:00.005  2676  2966 I AiAiEcho: EchoTargets: 
07-11 02:08:00.005  2676  2966 I AiAiEcho: Filtered by AiAi flag check: 
07-11 02:08:00.005  2676  2966 I AiAiEcho: Ranked targets strategy: SORT, count: 0, ranking metadata: 
07-11 02:08:00.006  2676  2966 I AiAiEcho: #postPredictionTargets: Sending updates to UISurface lockscreen with targets# 0 (types=[])
07-11 02:08:00.024  2171  2171 W PageIndicator: Total number of pages invalid: 0. Assuming 1 page.
07-11 02:08:00.032  2171  2320 D EGL_emulation: app_time_stats: avg=12501.92ms min=12501.92ms max=12501.92ms count=1
07-11 02:08:35.594  1829  1988 D ActivityManager: sync unfroze 10854 android.process.media for 6
07-11 02:08:35.646 10854 11770 D DownloadManager: [16] Starting
07-11 02:08:35.662 10854 11771 D DownloadManager: [15] Starting
07-11 02:08:35.674 10854 11770 D TrafficStats: tagSocket(95) with statsTag=0xffffff01, statsUid=10120
07-11 02:08:35.682 10854 11771 D TrafficStats: tagSocket(94) with statsTag=0xffffff01, statsUid=10120
07-11 02:08:36.097 10854 11771 D DownloadManager: [15] Finished with status SUCCESS
07-11 02:08:36.122  1829  1892 D ActivityManager: sync unfroze 10835 com.google.android.configupdater for 3
07-11 02:08:36.143 10854 10854 W JobService: onNetworkChanged() not implemented in com.android.providers.downloads.DownloadJobService. Must override in a subclass.
07-11 02:08:36.148 10854 11770 D DownloadManager: [16] Finished with status SUCCESS
07-11 02:08:36.225 10854 11777 D DownloadManager: [17] Starting
07-11 02:08:36.251 10854 11777 D TrafficStats: tagSocket(94) with statsTag=0xffffff01, statsUid=10120
07-11 02:08:36.318 10854 11779 D DownloadManager: [18] Starting
07-11 02:08:36.348 10854 11779 D TrafficStats: tagSocket(95) with statsTag=0xffffff01, statsUid=10120
07-11 02:08:36.668 10854 10863 W d.process.media: ApkAssets: Deleting an ApkAssets object '<empty> and /product/priv-app/ConfigUpdater/ConfigUpdater.apk' with 1 weak references
07-11 02:08:38.013 10854 11779 W DownloadManager: [18] Stop requested with status HTTP_DATA_ERROR: Failed reading response: javax.net.ssl.SSLProtocolException: Read error: ssl=0x7d52d77c8218: Failure in SSL library, usually a protocol error
07-11 02:08:38.013 10854 11779 W DownloadManager: error:1e000065:Cipher functions:OPENSSL_internal:BAD_DECRYPT (external/boringssl/src/crypto/fipsmodule/cipher/e_aes.c:1065 0x7d514e9cdd63:0x00000000)
07-11 02:08:38.013 10854 11779 W DownloadManager: error:1000008b:SSL routines:OPENSSL_internal:DECRYPTION_FAILED_OR_BAD_RECORD_MAC (external/boringssl/src/ssl/tls_record.cc:294 0x7d514e9cdd63:0x00000000)
07-11 02:08:38.014 10854 11779 D DownloadManager: [18] Finished with status CANNOT_RESUME
07-11 02:08:38.017 10854 11777 W DownloadManager: [17] Stop requested with status HTTP_DATA_ERROR: Failed reading response: javax.net.ssl.SSLProtocolException: Read error: ssl=0x7d52d77caa98: Failure in SSL library, usually a protocol error
07-11 02:08:38.017 10854 11777 W DownloadManager: error:1e000065:Cipher functions:OPENSSL_internal:BAD_DECRYPT (external/boringssl/src/crypto/fipsmodule/cipher/e_aes.c:1065 0x7d514e9cdd63:0x00000000)
07-11 02:08:38.017 10854 11777 W DownloadManager: error:1000008b:SSL routines:OPENSSL_internal:DECRYPTION_FAILED_OR_BAD_RECORD_MAC (external/boringssl/src/ssl/tls_record.cc:294 0x7d514e9cdd63:0x00000000)
07-11 02:08:38.018 10854 11777 D DownloadManager: [17] Finished with status CANNOT_RESUME
07-11 02:08:38.093 10835 10835 I ConfigUpdater: Download failed, retrying...
07-11 02:08:38.131 10835 10835 I ConfigUpdater: Download failed, retrying...
07-11 02:08:46.124  2707  3035 I BistoHotwordHelper: (REDACTED) getHotwordActive::active query: %s, watch: %s, devices connected: %s
07-11 02:08:48.197  1829  1999 D ActivityManager: freezing 10835 com.google.android.configupdater
07-11 02:08:48.201  1829  2072 D InetDiagMessage: Destroyed 0 sockets, proto=IPPROTO_TCP, family=AF_INET, states=14
07-11 02:08:48.201  1829  2072 D InetDiagMessage: Destroyed 0 sockets, proto=IPPROTO_TCP, family=AF_INET6, states=14
07-11 02:08:48.201  1829  2072 D InetDiagMessage: Destroyed live tcp sockets for uids={10120} in 1ms
07-11 02:08:48.994  1829  2134 D androidtc: Initializing SystemTextClassifier, type = System
07-11 02:08:48.998  2676  2676 I AiAiTextClassifier: onCreateTextClassificationSession = TextClassificationSessionId {a5d4abda-7b4e-4991-804b-be4cf254a547}
07-11 02:08:49.002  2676  3100 I AiAiTranslate: C2T - not in a conversation
07-11 02:08:49.006  2171  2171 I ClipboardListener: Clipboard overlay suppressed.
07-11 02:08:49.013  2676  3158 I AiAiTextClassifier: GenerateLinks did not find valid links, returning empty result
07-11 02:08:49.014  2676  3100 W AiAiClearcutLogger: Trying to use Clearcut counters (disabled via policy). [CONTEXT ratelimit_period="1 HOURS" skipped=52 ]
07-11 02:08:49.020  2171  2171 I ClipboardListener: Clipboard overlay suppressed.
07-11 02:08:49.021  2676  3158 I AiAiTextClassifier: GenerateLinks did not find valid links, returning empty result
07-11 02:08:52.567  1829  2134 D androidtc: Initializing SystemTextClassifier, type = System
07-11 02:08:52.570  2676  2676 I AiAiTextClassifier: onCreateTextClassificationSession = TextClassificationSessionId {1baac677-b925-46f6-938d-b8aa4b088833}
07-11 02:08:52.577  2676  3100 I AiAiTranslate: C2T - not in a conversation
07-11 02:08:52.584  2171  2171 I ClipboardListener: Clipboard overlay suppressed.
07-11 02:08:52.646  2171  2171 I ClipboardListener: Clipboard overlay suppressed.
07-11 02:09:00.008  2676  2966 I AiAiEcho: Predicting[0]: 
07-11 02:09:00.008  2676  2966 I AiAiEcho: EchoTargets: 
07-11 02:09:00.008  2676  2966 I AiAiEcho: Filtered by AiAi flag check: 
07-11 02:09:00.008  2676  2966 I AiAiEcho: Ranked targets strategy: SORT, count: 0, ranking metadata: 
07-11 02:09:00.009  2676  2966 I AiAiEcho: #postPredictionTargets: Sending updates to UISurface lockscreen with targets# 0 (types=[])
07-11 02:09:00.036  2171  2171 W PageIndicator: Total number of pages invalid: 0. Assuming 1 page.
07-11 02:09:00.046  2171  2320 D EGL_emulation: app_time_stats: avg=60013.20ms min=60013.20ms max=60013.20ms count=1
07-11 02:09:06.031  1829  2134 D androidtc: Initializing SystemTextClassifier, type = System
07-11 02:09:06.035  2676  2676 I AiAiTextClassifier: onCreateTextClassificationSession = TextClassificationSessionId {fb2afa6e-cc83-42d0-85df-cb4e1633c000}
07-11 02:09:06.038  2171  2171 I ClipboardListener: Clipboard overlay suppressed.
07-11 02:09:06.038  2676  3100 I AiAiTranslate: C2T - not in a conversation
07-11 02:09:06.057  2676  3158 I AiAiTextClassifier: GenerateLinks did not find valid links, returning empty result
07-11 02:09:06.062  2171  2171 I ClipboardListener: Clipboard overlay suppressed.
07-11 02:09:06.067  2676  3158 I AiAiTextClassifier: GenerateLinks did not find valid links, returning empty result
07-11 02:09:12.103  6693  6693 W TimedProcessReaper: Memory state is: 125
07-11 02:09:12.105  6693  6693 D TimedProcessReaper: Attempted to reap process, but was too important
07-11 02:09:22.386  9303 11036 I PhenotypeProcessReaper: Memory state is: 125
07-11 02:09:27.547  2171  2320 D EGL_emulation: app_time_stats: avg=27500.90ms min=27500.90ms max=27500.90ms count=1
07-11 02:09:35.541  1829  2134 D androidtc: Initializing SystemTextClassifier, type = System
07-11 02:09:35.544  2676  2676 I AiAiTextClassifier: onCreateTextClassificationSession = TextClassificationSessionId {f397113c-7a69-4492-bd9c-598bc8f00285}
07-11 02:09:35.547  2676  3100 I AiAiTranslate: C2T - not in a conversation
07-11 02:09:35.550  2171  2171 I ClipboardListener: Clipboard overlay suppressed.
07-11 02:09:35.624  2676  3158 I AiAiTextClassifier: GenerateLinks did not find valid links, returning empty result
07-11 02:09:35.630  2171  2171 I ClipboardListener: Clipboard overlay suppressed.
07-11 02:09:35.680  2676  3158 I AiAiTextClassifier: GenerateLinks did not find valid links, returning empty result
07-11 02:09:36.845  9737  9742 I putmethod.latin: Background concurrent mark compact GC freed 8954KB AllocSpace bytes, 233(8392KB) LOS objects, 49% free, 10MB/21MB, paused 580us,12.941ms total 1.268s
07-11 02:09:36.846  9737  9742 W putmethod.latin: Reducing the number of considered missed Gc histogram windows from 586 to 100
07-11 02:09:46.126  2707  2979 I BistoHotwordHelper: (REDACTED) getHotwordActive::active query: %s, watch: %s, devices connected: %s
07-11 02:09:49.865  2676  3100 I AiAiTranslate: C2T - not in a conversation
07-11 02:09:49.869  9737 11734 D androidtc: Initializing SystemTextClassifier, type = System
07-11 02:09:49.870  2171  2171 I ClipboardListener: Clipboard overlay suppressed.
07-11 02:09:49.890  2676  3158 I AiAiTextClassifier: GenerateLinks did not find valid links, returning empty result
07-11 02:10:00.018  2676  2966 I AiAiEcho: Predicting[0]: 
07-11 02:10:00.019  2676  2966 I AiAiEcho: EchoTargets: 
07-11 02:10:00.019  2676  2966 I AiAiEcho: Filtered by AiAi flag check: 
07-11 02:10:00.019  2676  2966 I AiAiEcho: Ranked targets strategy: SORT, count: 0, ranking metadata: 
07-11 02:10:00.022  2676  2966 I AiAiEcho: #postPredictionTargets: Sending updates to UISurface lockscreen with targets# 0 (types=[])
07-11 02:10:00.045  2171  2171 W PageIndicator: Total number of pages invalid: 0. Assuming 1 page.
07-11 02:10:00.054  2171  2320 D EGL_emulation: app_time_stats: avg=32507.18ms min=32507.18ms max=32507.18ms count=1
07-11 02:10:07.523  2171  2320 D EGL_emulation: app_time_stats: avg=7468.35ms min=7468.35ms max=7468.35ms count=1
07-11 02:10:30.702  1829  3519 D WifiNl80211Manager: Scan result ready event
07-11 02:10:30.702  1829  3519 D WifiNative: Scan result ready event
07-11 02:10:30.732  1829  2063 I HalDevMgr: bestIfaceCreationProposal is null, requestIface=STA, existingIface=[name=wlan0 type=STA]
07-11 02:10:46.125  2707  2979 I BistoHotwordHelper: (REDACTED) getHotwordActive::active query: %s, watch: %s, devices connected: %s
07-11 02:10:47.529  2171  2320 D EGL_emulation: app_time_stats: avg=40006.32ms min=40006.32ms max=40006.32ms count=1
07-11 02:10:52.350  1829  2134 D androidtc: Initializing SystemTextClassifier, type = System
07-11 02:10:52.352  2676  2676 I AiAiTextClassifier: onCreateTextClassificationSession = TextClassificationSessionId {a53186c0-b1ec-4fe5-806e-b4ced494f9a2}
07-11 02:10:52.359  2676  3100 I AiAiTranslate: C2T - not in a conversation
07-11 02:10:52.362  2171  2171 I ClipboardListener: Clipboard overlay suppressed.
07-11 02:10:52.370  2171  2171 I ClipboardListener: Clipboard overlay suppressed.
07-11 02:11:00.064  2676  2966 I AiAiEcho: Predicting[0]: 
07-11 02:11:00.065  2676  2966 I AiAiEcho: EchoTargets: 
07-11 02:11:00.065  2676  2966 I AiAiEcho: Filtered by AiAi flag check: 
07-11 02:11:00.065  2676  2966 I AiAiEcho: Ranked targets strategy: SORT, count: 0, ranking metadata: 
07-11 02:11:00.068  2676  2966 I AiAiEcho: #postPredictionTargets: Sending updates to UISurface lockscreen with targets# 0 (types=[])
07-11 02:11:00.069  2171  2171 W PageIndicator: Total number of pages invalid: 0. Assuming 1 page.
07-11 02:11:00.074  2171  2320 D EGL_emulation: app_time_stats: avg=12544.85ms min=12544.85ms max=12544.85ms count=1
07-11 02:11:09.772  9737  9879 I PhenotypeProcessReaper: Memory state is: 200
07-11 02:11:36.225  2171  2171 D ZenModeController: Added callback class com.android.systemui.qs.tiles.DndTile$3
07-11 02:11:36.231  2171  2171 D ZenModeController: Removed callback class com.android.systemui.qs.tiles.DndTile$3
07-11 02:11:36.532  2171  2294 I QuickAccessWalletTile: QAW service is unavailable, recreating the wallet client.
07-11 02:11:36.552  2171  2294 D ControlsListingControllerImpl: Subscribing callback, service count: 0
07-11 02:11:36.555  2171  2294 D ControlsListingControllerImpl: Unsubscribing callback
07-11 02:11:37.240  1829  3557 I ActivityManager: Force stopping com.example.groupify appid=10197 user=0: from pid 11791
07-11 02:11:37.245  1829  3557 I ActivityManager: Killing 11704:com.example.groupify/u0a197 (adj 0): stop com.example.groupify due to from pid 11791
07-11 02:11:37.250  1829  3557 W ActivityTaskManager: Force removing ActivityRecord{67399 u0 com.example.groupify/.MainActivity t16 f}}: app died, no saved state
07-11 02:11:37.251  1829  1852 D DisplayManagerService: Drop pending events for gone uid 10197
07-11 02:11:37.253  2171  2229 V WindowManagerShell: Transition requested (#60): android.os.BinderProxy@783c63a TransitionRequestInfo { type = CLOSE, triggerTask = TaskInfo{userId=0 taskId=16 displayId=0 isRunning=false baseIntent=Intent { act=android.intent.action.MAIN cat=[android.intent.category.LAUNCHER] flg=0x10000000 cmp=com.example.groupify/.MainActivity } baseActivity=null topActivity=null origActivity=null realActivity=ComponentInfo{com.example.groupify/com.example.groupify.MainActivity} numActivities=0 lastActiveTime=8132908 supportsMultiWindow=true resizeMode=1 isResizeable=true minWidth=-1 minHeight=-1 defaultMinSize=220 token=WCT{android.window.IWindowContainerToken$Stub$Proxy@45d42eb} topActivityType=1 pictureInPictureParams=null shouldDockBigOverlays=false launchIntoPipHostTaskId=-1 lastParentTaskIdBeforePip=-1 displayCutoutSafeInsets=null topActivityInfo=null launchCookies=[] positionInParent=Point(0, 0) parentTaskId=-1 isFocused=true isVisible=true isVisibleRequested=true isSleeping=false locusId=null displayAreaFeatureId=1 isTopActivityTransparent=false appCompatTaskInfo=AppCompatTaskInfo { topActivityInSizeCompat=false topActivityEligibleForLetterboxEducation= falseisLetterboxEducationEnabled= false isLetterboxDoubleTapEnabled= false topActivityEligibleForUserAspectRatioButton= false topActivityBoundsLetterboxed= false isFromLetterboxDoubleTap= false topActivityLetterboxVerticalPosition= -1 topActivityLetterboxHorizontalPosition= -1 topActivityLetterboxWidth=-1 topActivityLetterboxHeight=-1 isUserFullscreenOverrideEnabled=false isSystemFullscreenOverrideEnabled=false cameraCompatTaskInfo=CameraCompatTaskInfo { cameraCompatControlState=hidden freeformCameraCompatMode=inactive}}}, pipTask = null, remoteTransition = null, displayChange = null, flags = 0, debugId = 60 }
07-11 02:11:37.269  2471  2471 D StatsLog: LAUNCHER_ONRESUME
07-11 02:11:37.272   444   444 I BpBinder: onLastStrongRef automatically unlinking death recipients: 
07-11 02:11:37.292  1747  1747 I Zygote  : Process 11704 exited due to signal 9 (Killed)
07-11 02:11:37.275  2471  2471 D NexusLauncherModelDelegate: notifySmartspaceEvent: SmartspaceTargetEvent{mSmartspaceTarget=null, mSmartspaceActionId='null', mEventType=6}
07-11 02:11:37.293  2471  2471 D BaseDepthController: mSurface is null and mCurrentBlur is: 23
07-11 02:11:37.299  2471  2511 D QuickstepModelDelegate: notifyAppTargetEvent action=1 launchLocation=
07-11 02:11:37.310  1829  3520 I ImeTracker: com.example.groupify:5b0c33a2: onRequestHide at ORIGIN_SERVER reason HIDE_REMOVE_CLIENT fromUser false
07-11 02:11:37.310  1829  3520 I ImeTracker: com.example.groupify:5b0c33a2: onCancelled at PHASE_SERVER_SHOULD_HIDE
07-11 02:11:37.311  1829  2733 W AppSearchIcing: icing-search-engine.cc:321: Error: 5, Message: Document (com.google.android.googlequicksearchbox$OneSearchZeroStateGoogleSuggestions/default, zp) not found.
07-11 02:11:37.326  1829  1855 E IPCThreadState: Binder transaction failure: 1261048/29189/-22
07-11 02:11:37.329  1829  1855 W ActivityManager: pid 1829 system sent binder code 3 with flags 1 to frozen apps and got error -32
07-11 02:11:37.330  1829  1855 W WindowManager: Failed to deliver inset control state change to w=Window{cb5d02f u0 com.example.groupify/com.example.groupify.MainActivity}
07-11 02:11:37.330  1829  1855 W WindowManager: android.os.DeadObjectException
07-11 02:11:37.330  1829  1855 W WindowManager: 	at android.os.BinderProxy.transactNative(Native Method)
07-11 02:11:37.330  1829  1855 W WindowManager: 	at android.os.BinderProxy.transact(BinderProxy.java:586)
07-11 02:11:37.330  1829  1855 W WindowManager: 	at android.view.IWindow$Stub$Proxy.insetsControlChanged(IWindow.java:486)
07-11 02:11:37.330  1829  1855 W WindowManager: 	at com.android.server.wm.WindowState.notifyInsetsControlChanged(WindowState.java:3817)
07-11 02:11:37.330  1829  1855 W WindowManager: 	at com.android.server.wm.InsetsStateController.lambda$notifyPendingInsetsControlChanged$3(InsetsStateController.java:375)
07-11 02:11:37.330  1829  1855 W WindowManager: 	at com.android.server.wm.InsetsStateController.$r8$lambda$MnP7XA1MDcyrUwoj0hcoT5hTO8E(InsetsStateController.java:0)
07-11 02:11:37.330  1829  1855 W WindowManager: 	at com.android.server.wm.InsetsStateController$$ExternalSyntheticLambda0.run(R8$$SyntheticClass:0)
07-11 02:11:37.330  1829  1855 W WindowManager: 	at com.android.server.wm.WindowAnimator.executeAfterPrepareSurfacesRunnables(WindowAnimator.java:316)
07-11 02:11:37.330  1829  1855 W WindowManager: 	at com.android.server.wm.WindowAnimator.animate(WindowAnimator.java:209)
07-11 02:11:37.330  1829  1855 W WindowManager: 	at com.android.server.wm.WindowAnimator.lambda$new$1(WindowAnimator.java:99)
07-11 02:11:37.330  1829  1855 W WindowManager: 	at com.android.server.wm.WindowAnimator.$r8$lambda$AS_wbK9i-bc6ocCFop7s9PnXP80(WindowAnimator.java:0)
07-11 02:11:37.330  1829  1855 W WindowManager: 	at com.android.server.wm.WindowAnimator$$ExternalSyntheticLambda1.doFrame(R8$$SyntheticClass:0)
07-11 02:11:37.330  1829  1855 W WindowManager: 	at android.view.Choreographer$CallbackRecord.run(Choreographer.java:1404)
07-11 02:11:37.330  1829  1855 W WindowManager: 	at android.view.Choreographer$CallbackRecord.run(Choreographer.java:1415)
07-11 02:11:37.330  1829  1855 W WindowManager: 	at android.view.Choreographer.doCallbacks(Choreographer.java:1015)
